🚀 Starting AI Host Room Creator...
🤖 AI Host Creator initialized: PersistentAI (medium)
🚀 === AI Host Room Creator ===
🤖 AI Name: PersistentAI
🧠 Difficulty: medium
🌐 Server: http://localhost:3000

🔌 Step 1: Connecting to server...
🔌 PersistentAI: Connecting to http://localhost:3000...
✅ PersistentAI: Connected successfully
✅ Connected successfully!
🏠 Step 2: Creating room as AI host...
🏠 PersistentAI: Creating room...
✅ PersistentAI: Room created: JEKEZM
✅ Room created successfully!
🎯 Room Code: JEKEZM
🎨 AI Color: White (Host)
📊 Game Phase: waiting

🧠 Step 3: Setting up AI game logic...
💓 PersistentAI: Heartbeat monitoring started (10s interval)
✅ AI game logic and connection monitoring activated
🎮 Step 4: Setting AI ready status...
🎯 PersistentAI: Setting ready status to true...
✅ PersistentAI: Ready status updated
✅ AI is ready to play!

🎉 === SUCCESS! AI-Hosted Room Ready ===
🏠 Room Code: JEKEZM
🤖 AI Host: PersistentAI (White pieces)
🧠 Difficulty: medium
⏳ Status: Waiting for human player to join

💡 Next steps:
   1. Join room JEKEZM in Unity
   2. Set your player ready
   3. Game will start automatically!
   4. AI will make moves when it's its turn

🔧 Monitoring:
   - Dashboard: http://localhost:3000
   - Room API: http://localhost:3000/api/rooms/JEKEZM
   - Press Ctrl+C to stop AI and close room

🔄 AI Host is running. Press Ctrl+C to stop.
📨 PersistentAI: Welcome message: {
  date: 1758166324949,
  data: '3D Chess Server Connected',
  message: 'Socket.IO is working!',
  playerId: 'test_PersistentAI_1758166324433',
  playerName: 'PersistentAI',
  reconnected: false
}
💓 PersistentAI: Heartbeat sent
💓 PersistentAI: Heartbeat acknowledged (1758166334452)
💓 PersistentAI: Heartbeat sent
💓 PersistentAI: Heartbeat acknowledged (1758166344452)
💓 PersistentAI: Heartbeat sent
💓 PersistentAI: Heartbeat acknowledged (1758166354452)
💓 PersistentAI: Heartbeat sent
💓 PersistentAI: Heartbeat acknowledged (1758166364454)
💓 PersistentAI: Heartbeat sent
💓 PersistentAI: Heartbeat acknowledged (1758166374455)
💓 PersistentAI: Heartbeat sent
💓 PersistentAI: Heartbeat acknowledged (1758166384455)
💓 PersistentAI: Heartbeat sent
💓 PersistentAI: Heartbeat acknowledged (1758166394457)
💓 PersistentAI: Heartbeat sent
💓 PersistentAI: Heartbeat acknowledged (1758166404457)
💓 PersistentAI: Heartbeat sent
💓 PersistentAI: Heartbeat acknowledged (1758166414458)
💓 PersistentAI: Heartbeat sent
💓 PersistentAI: Heartbeat acknowledged (1758166424459)
💓 PersistentAI: Heartbeat sent
💓 PersistentAI: Heartbeat acknowledged (1758166434460)
💓 PersistentAI: Heartbeat sent
💓 PersistentAI: Heartbeat acknowledged (1758166444460)
💓 PersistentAI: Heartbeat sent
💓 PersistentAI: Heartbeat acknowledged (1758166454462)
💓 PersistentAI: Heartbeat sent
💓 PersistentAI: Heartbeat acknowledged (1758166464463)
💓 PersistentAI: Heartbeat sent
💓 PersistentAI: Heartbeat acknowledged (1758166474464)
💓 PersistentAI: Heartbeat sent
💓 PersistentAI: Heartbeat acknowledged (1758166484464)
💓 PersistentAI: Heartbeat sent
💓 PersistentAI: Heartbeat acknowledged (1758166494464)
💓 PersistentAI: Heartbeat sent
💓 PersistentAI: Heartbeat acknowledged (1758166504466)
💓 PersistentAI: Heartbeat sent
💓 PersistentAI: Heartbeat acknowledged (1758166514467)
💓 PersistentAI: Heartbeat sent
💓 PersistentAI: Heartbeat acknowledged (1758166524468)
💓 PersistentAI: Heartbeat sent
💓 PersistentAI: Heartbeat acknowledged (1758166534470)
💓 PersistentAI: Heartbeat sent
💓 PersistentAI: Heartbeat acknowledged (1758166544471)
💓 PersistentAI: Heartbeat sent
💓 PersistentAI: Heartbeat acknowledged (1758166554472)
💓 PersistentAI: Heartbeat sent
💓 PersistentAI: Heartbeat acknowledged (1758166564472)
💓 PersistentAI: Heartbeat sent
💓 PersistentAI: Heartbeat acknowledged (1758166574474)
💓 PersistentAI: Heartbeat sent
💓 PersistentAI: Heartbeat acknowledged (1758166584474)
💓 PersistentAI: Heartbeat sent
💓 PersistentAI: Heartbeat acknowledged (1758166594478)
💓 PersistentAI: Heartbeat sent
💓 PersistentAI: Heartbeat acknowledged (1758166604478)
💓 PersistentAI: Heartbeat sent
💓 PersistentAI: Heartbeat acknowledged (1758166614478)
💓 PersistentAI: Heartbeat sent
💓 PersistentAI: Heartbeat acknowledged (1758166624481)
💓 PersistentAI: Heartbeat sent
💓 PersistentAI: Heartbeat acknowledged (1758166634480)
💓 PersistentAI: Heartbeat sent
💓 PersistentAI: Heartbeat acknowledged (1758166644481)
💓 PersistentAI: Heartbeat sent
💓 PersistentAI: Heartbeat acknowledged (1758166654483)
💓 PersistentAI: Heartbeat sent
💓 PersistentAI: Heartbeat acknowledged (1758166664482)
💓 PersistentAI: Heartbeat sent
💓 PersistentAI: Heartbeat acknowledged (1758166674483)
💓 PersistentAI: Heartbeat sent
💓 PersistentAI: Heartbeat acknowledged (1758166684484)
💓 PersistentAI: Heartbeat sent
💓 PersistentAI: Heartbeat acknowledged (1758166694484)
💓 PersistentAI: Heartbeat sent
💓 PersistentAI: Heartbeat acknowledged (1758166704486)
💓 PersistentAI: Heartbeat sent
💓 PersistentAI: Heartbeat acknowledged (1758166714486)
💓 PersistentAI: Heartbeat sent
💓 PersistentAI: Heartbeat acknowledged (1758166724487)
💓 PersistentAI: Heartbeat sent
💓 PersistentAI: Heartbeat acknowledged (1758166734488)
💓 PersistentAI: Heartbeat sent
💓 PersistentAI: Heartbeat acknowledged (1758166744489)
💓 PersistentAI: Heartbeat sent
💓 PersistentAI: Heartbeat acknowledged (1758166754489)
💓 PersistentAI: Heartbeat sent
💓 PersistentAI: Heartbeat acknowledged (1758166764491)
💓 PersistentAI: Heartbeat sent
💓 PersistentAI: Heartbeat acknowledged (1758166774492)
💓 PersistentAI: Heartbeat sent
💓 PersistentAI: Heartbeat acknowledged (1758166784492)
💓 PersistentAI: Heartbeat sent
💓 PersistentAI: Heartbeat acknowledged (1758166794493)
💓 PersistentAI: Heartbeat sent
💓 PersistentAI: Heartbeat acknowledged (1758166804493)
💓 PersistentAI: Heartbeat sent
💓 PersistentAI: Heartbeat acknowledged (1758166814495)
💓 PersistentAI: Heartbeat sent
💓 PersistentAI: Heartbeat acknowledged (1758166824495)
💓 PersistentAI: Heartbeat sent
💓 PersistentAI: Heartbeat acknowledged (1758166834495)
💓 PersistentAI: Heartbeat sent
💓 PersistentAI: Heartbeat acknowledged (1758166844496)
💓 PersistentAI: Heartbeat sent
💓 PersistentAI: Heartbeat acknowledged (1758166854499)
💓 PersistentAI: Heartbeat sent
💓 PersistentAI: Heartbeat acknowledged (1758166864500)
💓 PersistentAI: Heartbeat sent
💓 PersistentAI: Heartbeat acknowledged (1758166874501)
💓 PersistentAI: Heartbeat sent
💓 PersistentAI: Heartbeat acknowledged (1758166884502)
💓 PersistentAI: Heartbeat sent
💓 PersistentAI: Heartbeat acknowledged (1758166894504)
💓 PersistentAI: Heartbeat sent
💓 PersistentAI: Heartbeat acknowledged (1758166904504)
💓 PersistentAI: Heartbeat sent
💓 PersistentAI: Heartbeat acknowledged (1758166914504)
💓 PersistentAI: Heartbeat sent
💓 PersistentAI: Heartbeat acknowledged (1758166924506)
💓 PersistentAI: Heartbeat sent
💓 PersistentAI: Heartbeat acknowledged (1758166934507)
💓 PersistentAI: Heartbeat sent
💓 PersistentAI: Heartbeat acknowledged (1758166944507)
💓 PersistentAI: Heartbeat sent
💓 PersistentAI: Heartbeat acknowledged (1758166954507)
💓 PersistentAI: Heartbeat sent
💓 PersistentAI: Heartbeat acknowledged (1758166964509)
💓 PersistentAI: Heartbeat sent
💓 PersistentAI: Heartbeat acknowledged (1758166974509)
💓 PersistentAI: Heartbeat sent
💓 PersistentAI: Heartbeat acknowledged (1758166984510)
💓 PersistentAI: Heartbeat sent
💓 PersistentAI: Heartbeat acknowledged (1758166994510)
💓 PersistentAI: Heartbeat sent
💓 PersistentAI: Heartbeat acknowledged (1758167004512)
💓 PersistentAI: Heartbeat sent
💓 PersistentAI: Heartbeat acknowledged (1758167014513)
💓 PersistentAI: Heartbeat sent
💓 PersistentAI: Heartbeat acknowledged (1758167024514)
💓 PersistentAI: Heartbeat sent
💓 PersistentAI: Heartbeat acknowledged (1758167034515)
💓 PersistentAI: Heartbeat sent
💓 PersistentAI: Heartbeat acknowledged (1758167044516)
💓 PersistentAI: Heartbeat sent
💓 PersistentAI: Heartbeat acknowledged (1758167054518)
💓 PersistentAI: Heartbeat sent
💓 PersistentAI: Heartbeat acknowledged (1758167064519)
💓 PersistentAI: Heartbeat sent
💓 PersistentAI: Heartbeat acknowledged (1758167074520)
💓 PersistentAI: Heartbeat sent
💓 PersistentAI: Heartbeat acknowledged (1758167084521)
💓 PersistentAI: Heartbeat sent
💓 PersistentAI: Heartbeat acknowledged (1758167094522)
💓 PersistentAI: Heartbeat sent
💓 PersistentAI: Heartbeat acknowledged (1758167104524)
💓 PersistentAI: Heartbeat sent
💓 PersistentAI: Heartbeat acknowledged (1758167114524)
💓 PersistentAI: Heartbeat sent
💓 PersistentAI: Heartbeat acknowledged (1758167124525)
💓 PersistentAI: Heartbeat sent
💓 PersistentAI: Heartbeat acknowledged (1758167134526)
💓 PersistentAI: Heartbeat sent
💓 PersistentAI: Heartbeat acknowledged (1758167144528)
💓 PersistentAI: Heartbeat sent
💓 PersistentAI: Heartbeat acknowledged (1758167154528)
💓 PersistentAI: Heartbeat sent
💓 PersistentAI: Heartbeat acknowledged (1758167164532)
💓 PersistentAI: Heartbeat sent
💓 PersistentAI: Heartbeat acknowledged (1758167174533)
💓 PersistentAI: Heartbeat sent
💓 PersistentAI: Heartbeat acknowledged (1758167184533)
💓 PersistentAI: Heartbeat sent
💓 PersistentAI: Heartbeat acknowledged (1758167194535)
💓 PersistentAI: Heartbeat sent
💓 PersistentAI: Heartbeat acknowledged (1758167204536)
💓 PersistentAI: Heartbeat sent
💓 PersistentAI: Heartbeat acknowledged (1758167214538)
💓 PersistentAI: Heartbeat sent
💓 PersistentAI: Heartbeat acknowledged (1758167224538)
💓 PersistentAI: Heartbeat sent
💓 PersistentAI: Heartbeat acknowledged (1758167234539)
💓 PersistentAI: Heartbeat sent
💓 PersistentAI: Heartbeat acknowledged (1758167244541)
💓 PersistentAI: Heartbeat sent
💓 PersistentAI: Heartbeat acknowledged (1758167254546)
💓 PersistentAI: Heartbeat sent
💓 PersistentAI: Heartbeat acknowledged (1758167264542)
💓 PersistentAI: Heartbeat sent
💓 PersistentAI: Heartbeat acknowledged (1758167274545)
💓 PersistentAI: Heartbeat sent
💓 PersistentAI: Heartbeat acknowledged (1758167284544)
💓 PersistentAI: Heartbeat sent
💓 PersistentAI: Heartbeat acknowledged (1758167294545)
💓 PersistentAI: Heartbeat sent
💓 PersistentAI: Heartbeat acknowledged (1758167304547)
💓 PersistentAI: Heartbeat sent
💓 PersistentAI: Heartbeat acknowledged (1758167314547)
💓 PersistentAI: Heartbeat sent
💓 PersistentAI: Heartbeat acknowledged (1758167324548)
💓 PersistentAI: Heartbeat sent
💓 PersistentAI: Heartbeat acknowledged (1758167334550)
💓 PersistentAI: Heartbeat sent
💓 PersistentAI: Heartbeat acknowledged (1758167344550)
💓 PersistentAI: Heartbeat sent
💓 PersistentAI: Heartbeat acknowledged (1758167354552)
💓 PersistentAI: Heartbeat sent
💓 PersistentAI: Heartbeat acknowledged (1758167364553)
💓 PersistentAI: Heartbeat sent
💓 PersistentAI: Heartbeat acknowledged (1758167374554)
💓 PersistentAI: Heartbeat sent
💓 PersistentAI: Heartbeat acknowledged (1758167384555)
💓 PersistentAI: Heartbeat sent
💓 PersistentAI: Heartbeat acknowledged (1758167394557)
💓 PersistentAI: Heartbeat sent
💓 PersistentAI: Heartbeat acknowledged (1758167404559)
💓 PersistentAI: Heartbeat sent
💓 PersistentAI: Heartbeat acknowledged (1758167414560)
💓 PersistentAI: Heartbeat sent
💓 PersistentAI: Heartbeat acknowledged (1758167424560)
💓 PersistentAI: Heartbeat sent
💓 PersistentAI: Heartbeat acknowledged (1758167434563)
💓 PersistentAI: Heartbeat sent
💓 PersistentAI: Heartbeat acknowledged (1758167444563)
💓 PersistentAI: Heartbeat sent
💓 PersistentAI: Heartbeat acknowledged (1758167454564)
💓 PersistentAI: Heartbeat sent
💓 PersistentAI: Heartbeat acknowledged (1758167464566)
💓 PersistentAI: Heartbeat sent
💓 PersistentAI: Heartbeat acknowledged (1758167474567)
💓 PersistentAI: Heartbeat sent
💓 PersistentAI: Heartbeat acknowledged (1758167484568)
💓 PersistentAI: Heartbeat sent
💓 PersistentAI: Heartbeat acknowledged (1758167494573)
💓 PersistentAI: Heartbeat sent
💓 PersistentAI: Heartbeat acknowledged (1758167504570)
💓 PersistentAI: Heartbeat sent
💓 PersistentAI: Heartbeat acknowledged (1758167514572)
💓 PersistentAI: Heartbeat sent
💓 PersistentAI: Heartbeat acknowledged (1758167524575)
💓 PersistentAI: Heartbeat sent
💓 PersistentAI: Heartbeat acknowledged (1758167534582)
💓 PersistentAI: Heartbeat sent
💓 PersistentAI: Heartbeat acknowledged (1758167544576)
💓 PersistentAI: Heartbeat sent
💓 PersistentAI: Heartbeat acknowledged (1758167554586)
💓 PersistentAI: Heartbeat sent
💓 PersistentAI: Heartbeat acknowledged (1758167564583)
💓 PersistentAI: Heartbeat sent
💓 PersistentAI: Heartbeat acknowledged (1758167574583)
💓 PersistentAI: Heartbeat sent
💓 PersistentAI: Heartbeat acknowledged (1758167584584)
💓 PersistentAI: Heartbeat sent
💓 PersistentAI: Heartbeat acknowledged (1758167594585)
💓 PersistentAI: Heartbeat sent
💓 PersistentAI: Heartbeat acknowledged (1758167604587)
💓 PersistentAI: Heartbeat sent
💓 PersistentAI: Heartbeat acknowledged (1758167614588)
💓 PersistentAI: Heartbeat sent
💓 PersistentAI: Heartbeat acknowledged (1758167624594)
💓 PersistentAI: Heartbeat sent
💓 PersistentAI: Heartbeat acknowledged (1758167634595)
💓 PersistentAI: Heartbeat sent
💓 PersistentAI: Heartbeat acknowledged (1758167644596)
💓 PersistentAI: Heartbeat sent
💓 PersistentAI: Heartbeat acknowledged (1758167654596)
💓 PersistentAI: Heartbeat sent
💓 PersistentAI: Heartbeat acknowledged (1758167664598)
💓 PersistentAI: Heartbeat sent
💓 PersistentAI: Heartbeat acknowledged (1758167674602)
💓 PersistentAI: Heartbeat sent
💓 PersistentAI: Heartbeat acknowledged (1758167684598)
💓 PersistentAI: Heartbeat sent
💓 PersistentAI: Heartbeat acknowledged (1758167694601)
💓 PersistentAI: Heartbeat sent
💓 PersistentAI: Heartbeat acknowledged (1758167704603)
💓 PersistentAI: Heartbeat sent
💓 PersistentAI: Heartbeat acknowledged (1758167714604)
💓 PersistentAI: Heartbeat sent
💓 PersistentAI: Heartbeat acknowledged (1758167724604)
💓 PersistentAI: Heartbeat sent
💓 PersistentAI: Heartbeat acknowledged (1758167734606)
💓 PersistentAI: Heartbeat sent
💓 PersistentAI: Heartbeat acknowledged (1758167744607)
💓 PersistentAI: Heartbeat sent
💓 PersistentAI: Heartbeat acknowledged (1758167754608)
💓 PersistentAI: Heartbeat sent
💓 PersistentAI: Heartbeat acknowledged (1758167764610)
💓 PersistentAI: Heartbeat sent
💓 PersistentAI: Heartbeat acknowledged (1758167774611)
💓 PersistentAI: Heartbeat sent
💓 PersistentAI: Heartbeat acknowledged (1758167784614)
💓 PersistentAI: Heartbeat sent
💓 PersistentAI: Heartbeat acknowledged (1758167794616)
💓 PersistentAI: Heartbeat sent
💓 PersistentAI: Heartbeat acknowledged (1758167804615)
💓 PersistentAI: Heartbeat sent
💓 PersistentAI: Heartbeat acknowledged (1758167814617)
💓 PersistentAI: Heartbeat sent
💓 PersistentAI: Heartbeat acknowledged (1758167824624)
💓 PersistentAI: Heartbeat sent
💓 PersistentAI: Heartbeat acknowledged (1758167834625)
💓 PersistentAI: Heartbeat sent
💓 PersistentAI: Heartbeat acknowledged (1758167844626)
💓 PersistentAI: Heartbeat sent
💓 PersistentAI: Heartbeat acknowledged (1758167854627)
💓 PersistentAI: Heartbeat sent
💓 PersistentAI: Heartbeat acknowledged (1758167864630)
💓 PersistentAI: Heartbeat sent
💓 PersistentAI: Heartbeat acknowledged (1758167874629)
💓 PersistentAI: Heartbeat sent
💓 PersistentAI: Heartbeat acknowledged (1758167884632)
💓 PersistentAI: Heartbeat sent
💓 PersistentAI: Heartbeat acknowledged (1758167894632)
💓 PersistentAI: Heartbeat sent
💓 PersistentAI: Heartbeat acknowledged (1758167904635)
💓 PersistentAI: Heartbeat sent
💓 PersistentAI: Heartbeat acknowledged (1758167914644)
💓 PersistentAI: Heartbeat sent
💓 PersistentAI: Heartbeat acknowledged (1758167924641)
💓 PersistentAI: Heartbeat sent
💓 PersistentAI: Heartbeat acknowledged (1758167934641)
💓 PersistentAI: Heartbeat sent
💓 PersistentAI: Heartbeat acknowledged (1758167944646)
💓 PersistentAI: Heartbeat sent
💓 PersistentAI: Heartbeat acknowledged (1758167954644)
💓 PersistentAI: Heartbeat sent
💓 PersistentAI: Heartbeat acknowledged (1758167964648)
💓 PersistentAI: Heartbeat sent
💓 PersistentAI: Heartbeat acknowledged (1758167974648)
💓 PersistentAI: Heartbeat sent
💓 PersistentAI: Heartbeat acknowledged (1758167984650)
💓 PersistentAI: Heartbeat sent
💓 PersistentAI: Heartbeat acknowledged (1758167994659)
💓 PersistentAI: Heartbeat sent
💓 PersistentAI: Heartbeat acknowledged (1758168004659)
💓 PersistentAI: Heartbeat sent
💓 PersistentAI: Heartbeat acknowledged (1758168014658)
💓 PersistentAI: Heartbeat sent
💓 PersistentAI: Heartbeat acknowledged (1758168024660)
💓 PersistentAI: Heartbeat sent
💓 PersistentAI: Heartbeat acknowledged (1758168034664)
💓 PersistentAI: Heartbeat sent
💓 PersistentAI: Heartbeat acknowledged (1758168044664)
💓 PersistentAI: Heartbeat sent
💓 PersistentAI: Heartbeat acknowledged (1758168054664)
💓 PersistentAI: Heartbeat sent
💓 PersistentAI: Heartbeat acknowledged (1758168064664)
💓 PersistentAI: Heartbeat sent
💓 PersistentAI: Heartbeat acknowledged (1758168074664)
💓 PersistentAI: Heartbeat sent
💓 PersistentAI: Heartbeat acknowledged (1758168084666)
💓 PersistentAI: Heartbeat sent
💓 PersistentAI: Heartbeat acknowledged (1758168094669)
💓 PersistentAI: Heartbeat sent
💓 PersistentAI: Heartbeat acknowledged (1758168104679)
💓 PersistentAI: Heartbeat sent
💓 PersistentAI: Heartbeat acknowledged (1758168114672)
💓 PersistentAI: Heartbeat sent
💓 PersistentAI: Heartbeat acknowledged (1758168124680)
💓 PersistentAI: Heartbeat sent
💓 PersistentAI: Heartbeat acknowledged (1758168134682)
💓 PersistentAI: Heartbeat sent
💓 PersistentAI: Heartbeat acknowledged (1758168144683)
💓 PersistentAI: Heartbeat sent
💓 PersistentAI: Heartbeat acknowledged (1758168154684)
💓 PersistentAI: Heartbeat sent
💓 PersistentAI: Heartbeat acknowledged (1758168164685)
💓 PersistentAI: Heartbeat sent
💓 PersistentAI: Heartbeat acknowledged (1758168174685)
💓 PersistentAI: Heartbeat sent
💓 PersistentAI: Heartbeat acknowledged (1758168184691)
💓 PersistentAI: Heartbeat sent
💓 PersistentAI: Heartbeat acknowledged (1758168194691)
💓 PersistentAI: Heartbeat sent
💓 PersistentAI: Heartbeat acknowledged (1758168204692)
💓 PersistentAI: Heartbeat sent
💓 PersistentAI: Heartbeat acknowledged (1758168214693)
💓 PersistentAI: Heartbeat sent
💓 PersistentAI: Heartbeat acknowledged (1758168224693)
💓 PersistentAI: Heartbeat sent
💓 PersistentAI: Heartbeat acknowledged (1758168234694)
💓 PersistentAI: Heartbeat sent
💓 PersistentAI: Heartbeat acknowledged (1758168244695)
💓 PersistentAI: Heartbeat sent
💓 PersistentAI: Heartbeat acknowledged (1758168254696)
💓 PersistentAI: Heartbeat sent
💓 PersistentAI: Heartbeat acknowledged (1758168264698)
💓 PersistentAI: Heartbeat sent
💓 PersistentAI: Heartbeat acknowledged (1758168274699)
💓 PersistentAI: Heartbeat sent
💓 PersistentAI: Heartbeat acknowledged (1758168284700)
💓 PersistentAI: Heartbeat sent
💓 PersistentAI: Heartbeat acknowledged (1758168294702)
💓 PersistentAI: Heartbeat sent
💓 PersistentAI: Heartbeat acknowledged (1758168304702)
💓 PersistentAI: Heartbeat sent
💓 PersistentAI: Heartbeat acknowledged (1758168314702)
💓 PersistentAI: Heartbeat sent
💓 PersistentAI: Heartbeat acknowledged (1758168324703)
💓 PersistentAI: Heartbeat sent
💓 PersistentAI: Heartbeat acknowledged (1758168334704)
💓 PersistentAI: Heartbeat sent
💓 PersistentAI: Heartbeat acknowledged (1758168344705)
💓 PersistentAI: Heartbeat sent
💓 PersistentAI: Heartbeat acknowledged (1758168354708)
💓 PersistentAI: Heartbeat sent
💓 PersistentAI: Heartbeat acknowledged (1758168364707)
💓 PersistentAI: Heartbeat sent
💓 PersistentAI: Heartbeat acknowledged (1758168374708)
💓 PersistentAI: Heartbeat sent
💓 PersistentAI: Heartbeat acknowledged (1758168384710)
💓 PersistentAI: Heartbeat sent
💓 PersistentAI: Heartbeat acknowledged (1758168394710)
💓 PersistentAI: Heartbeat sent
💓 PersistentAI: Heartbeat acknowledged (1758168404712)
💓 PersistentAI: Heartbeat sent
💓 PersistentAI: Heartbeat acknowledged (1758168414712)
💓 PersistentAI: Heartbeat sent
💓 PersistentAI: Heartbeat acknowledged (1758168424703)
💓 PersistentAI: Heartbeat sent
💓 PersistentAI: Heartbeat acknowledged (1758168434704)
💓 PersistentAI: Heartbeat sent
💓 PersistentAI: Heartbeat acknowledged (1758168444695)
💓 PersistentAI: Heartbeat sent
💓 PersistentAI: Heartbeat acknowledged (1758168454693)
💓 PersistentAI: Heartbeat sent
💓 PersistentAI: Heartbeat acknowledged (1758168464691)
💓 PersistentAI: Heartbeat sent
💓 PersistentAI: Heartbeat acknowledged (1758168474692)
💓 PersistentAI: Heartbeat sent
💓 PersistentAI: Heartbeat acknowledged (1758168484692)
💓 PersistentAI: Heartbeat sent
💓 PersistentAI: Heartbeat acknowledged (1758168494693)
💓 PersistentAI: Heartbeat sent
💓 PersistentAI: Heartbeat acknowledged (1758168504694)
💓 PersistentAI: Heartbeat sent
💓 PersistentAI: Heartbeat acknowledged (1758168514695)
💓 PersistentAI: Heartbeat sent
💓 PersistentAI: Heartbeat acknowledged (1758168524696)
💓 PersistentAI: Heartbeat sent
💓 PersistentAI: Heartbeat acknowledged (1758168534696)
💓 PersistentAI: Heartbeat sent
💓 PersistentAI: Heartbeat acknowledged (1758168544697)
💓 PersistentAI: Heartbeat sent
💓 PersistentAI: Heartbeat acknowledged (1758168554698)
💓 PersistentAI: Heartbeat sent
💓 PersistentAI: Heartbeat acknowledged (1758168564700)
💓 PersistentAI: Heartbeat sent
💓 PersistentAI: Heartbeat acknowledged (1758168574700)
💓 PersistentAI: Heartbeat sent
💓 PersistentAI: Heartbeat acknowledged (1758168584702)
💓 PersistentAI: Heartbeat sent
💓 PersistentAI: Heartbeat acknowledged (1758168594703)
💓 PersistentAI: Heartbeat sent
💓 PersistentAI: Heartbeat acknowledged (1758168604703)
💓 PersistentAI: Heartbeat sent
💓 PersistentAI: Heartbeat acknowledged (1758168614703)
💓 PersistentAI: Heartbeat sent
💓 PersistentAI: Heartbeat acknowledged (1758168624706)
💓 PersistentAI: Heartbeat sent
💓 PersistentAI: Heartbeat acknowledged (1758168634707)
💓 PersistentAI: Heartbeat sent
💓 PersistentAI: Heartbeat acknowledged (1758168644708)
💓 PersistentAI: Heartbeat sent
💓 PersistentAI: Heartbeat acknowledged (1758168654708)
💓 PersistentAI: Heartbeat sent
💓 PersistentAI: Heartbeat acknowledged (1758168664708)
💓 PersistentAI: Heartbeat sent
💓 PersistentAI: Heartbeat acknowledged (1758168674710)
💓 PersistentAI: Heartbeat sent
💓 PersistentAI: Heartbeat acknowledged (1758168684711)
💓 PersistentAI: Heartbeat sent
💓 PersistentAI: Heartbeat acknowledged (1758168694714)
💓 PersistentAI: Heartbeat sent
💓 PersistentAI: Heartbeat acknowledged (1758168704713)
💓 PersistentAI: Heartbeat sent
💓 PersistentAI: Heartbeat acknowledged (1758168714714)
💓 PersistentAI: Heartbeat sent
💓 PersistentAI: Heartbeat acknowledged (1758168724715)
💓 PersistentAI: Heartbeat sent
💓 PersistentAI: Heartbeat acknowledged (1758168734716)
💓 PersistentAI: Heartbeat sent
💓 PersistentAI: Heartbeat acknowledged (1758168744717)
💓 PersistentAI: Heartbeat sent
💓 PersistentAI: Heartbeat acknowledged (1758168754718)
💓 PersistentAI: Heartbeat sent
💓 PersistentAI: Heartbeat acknowledged (1758168764719)
💓 PersistentAI: Heartbeat sent
💓 PersistentAI: Heartbeat acknowledged (1758168774720)
💓 PersistentAI: Heartbeat sent
💓 PersistentAI: Heartbeat acknowledged (1758168784721)
💓 PersistentAI: Heartbeat sent
💓 PersistentAI: Heartbeat acknowledged (1758168794721)
💓 PersistentAI: Heartbeat sent
💓 PersistentAI: Heartbeat acknowledged (1758168804722)
💓 PersistentAI: Heartbeat sent
💓 PersistentAI: Heartbeat acknowledged (1758168814723)
💓 PersistentAI: Heartbeat sent
💓 PersistentAI: Heartbeat acknowledged (1758168824723)
💓 PersistentAI: Heartbeat sent
💓 PersistentAI: Heartbeat acknowledged (1758168834724)
💓 PersistentAI: Heartbeat sent
💓 PersistentAI: Heartbeat acknowledged (1758168844726)
💓 PersistentAI: Heartbeat sent
💓 PersistentAI: Heartbeat acknowledged (1758168854726)
💓 PersistentAI: Heartbeat sent
💓 PersistentAI: Heartbeat acknowledged (1758168864727)
💓 PersistentAI: Heartbeat sent
💓 PersistentAI: Heartbeat acknowledged (1758168874728)
💓 PersistentAI: Heartbeat sent
💓 PersistentAI: Heartbeat acknowledged (1758168884730)
💓 PersistentAI: Heartbeat sent
💓 PersistentAI: Heartbeat acknowledged (1758168894730)
💓 PersistentAI: Heartbeat sent
💓 PersistentAI: Heartbeat acknowledged (1758168904731)
💓 PersistentAI: Heartbeat sent
💓 PersistentAI: Heartbeat acknowledged (1758168914732)
💓 PersistentAI: Heartbeat sent
💓 PersistentAI: Heartbeat acknowledged (1758168924732)
💓 PersistentAI: Heartbeat sent
💓 PersistentAI: Heartbeat acknowledged (1758168934733)
💓 PersistentAI: Heartbeat sent
💓 PersistentAI: Heartbeat acknowledged (1758168944733)
💓 PersistentAI: Heartbeat sent
💓 PersistentAI: Heartbeat acknowledged (1758168954734)
💓 PersistentAI: Heartbeat sent
💓 PersistentAI: Heartbeat acknowledged (1758168964736)
💓 PersistentAI: Heartbeat sent
💓 PersistentAI: Heartbeat acknowledged (1758168974737)
💓 PersistentAI: Heartbeat sent
💓 PersistentAI: Heartbeat acknowledged (1758168984739)
💓 PersistentAI: Heartbeat sent
💓 PersistentAI: Heartbeat acknowledged (1758168994739)
💓 PersistentAI: Heartbeat sent
💓 PersistentAI: Heartbeat acknowledged (1758169004740)
💓 PersistentAI: Heartbeat sent
💓 PersistentAI: Heartbeat acknowledged (1758169014741)
💓 PersistentAI: Heartbeat sent
💓 PersistentAI: Heartbeat acknowledged (1758169024742)
💓 PersistentAI: Heartbeat sent
💓 PersistentAI: Heartbeat acknowledged (1758169034743)
💓 PersistentAI: Heartbeat sent
💓 PersistentAI: Heartbeat acknowledged (1758169044743)
💓 PersistentAI: Heartbeat sent
💓 PersistentAI: Heartbeat acknowledged (1758169054745)
💓 PersistentAI: Heartbeat sent
💓 PersistentAI: Heartbeat acknowledged (1758169064745)
💓 PersistentAI: Heartbeat sent
💓 PersistentAI: Heartbeat acknowledged (1758169074747)
💓 PersistentAI: Heartbeat sent
💓 PersistentAI: Heartbeat acknowledged (1758169084749)
💓 PersistentAI: Heartbeat sent
💓 PersistentAI: Heartbeat acknowledged (1758169094752)
💓 PersistentAI: Heartbeat sent
💓 PersistentAI: Heartbeat acknowledged (1758169104752)
💓 PersistentAI: Heartbeat sent
💓 PersistentAI: Heartbeat acknowledged (1758169114755)
💓 PersistentAI: Heartbeat sent
💓 PersistentAI: Heartbeat acknowledged (1758169124758)
💓 PersistentAI: Heartbeat sent
💓 PersistentAI: Heartbeat acknowledged (1758169134759)
💓 PersistentAI: Heartbeat sent
💓 PersistentAI: Heartbeat acknowledged (1758169144762)
💓 PersistentAI: Heartbeat sent
💓 PersistentAI: Heartbeat acknowledged (1758169154765)
💓 PersistentAI: Heartbeat sent
💓 PersistentAI: Heartbeat acknowledged (1758169164766)
💓 PersistentAI: Heartbeat sent
💓 PersistentAI: Heartbeat acknowledged (1758169174769)
💓 PersistentAI: Heartbeat sent
💓 PersistentAI: Heartbeat acknowledged (1758169184770)
💓 PersistentAI: Heartbeat sent
💓 PersistentAI: Heartbeat acknowledged (1758169194771)
💓 PersistentAI: Heartbeat sent
💓 PersistentAI: Heartbeat acknowledged (1758169204773)
💓 PersistentAI: Heartbeat sent
💓 PersistentAI: Heartbeat acknowledged (1758169214773)
💓 PersistentAI: Heartbeat sent
💓 PersistentAI: Heartbeat acknowledged (1758169224775)
💓 PersistentAI: Heartbeat sent
💓 PersistentAI: Heartbeat acknowledged (1758169234776)
💓 PersistentAI: Heartbeat sent
💓 PersistentAI: Heartbeat acknowledged (1758169244778)
💓 PersistentAI: Heartbeat sent
💓 PersistentAI: Heartbeat acknowledged (1758169254779)
💓 PersistentAI: Heartbeat sent
💓 PersistentAI: Heartbeat acknowledged (1758169264789)
💓 PersistentAI: Heartbeat sent
💓 PersistentAI: Heartbeat acknowledged (1758169274780)
💓 PersistentAI: Heartbeat sent
💓 PersistentAI: Heartbeat acknowledged (1758169284782)
💓 PersistentAI: Heartbeat sent
💓 PersistentAI: Heartbeat acknowledged (1758169294783)
💓 PersistentAI: Heartbeat sent
💓 PersistentAI: Heartbeat acknowledged (1758169304783)
💓 PersistentAI: Heartbeat sent
💓 PersistentAI: Heartbeat acknowledged (1758169314784)
💓 PersistentAI: Heartbeat sent
💓 PersistentAI: Heartbeat acknowledged (1758169324787)
💓 PersistentAI: Heartbeat sent
💓 PersistentAI: Heartbeat acknowledged (1758169334787)
💓 PersistentAI: Heartbeat sent
💓 PersistentAI: Heartbeat acknowledged (1758169344790)
💓 PersistentAI: Heartbeat sent
💓 PersistentAI: Heartbeat acknowledged (1758169354789)
💓 PersistentAI: Heartbeat sent
💓 PersistentAI: Heartbeat acknowledged (1758169364791)
💓 PersistentAI: Heartbeat sent
💓 PersistentAI: Heartbeat acknowledged (1758169374795)
💓 PersistentAI: Heartbeat sent
💓 PersistentAI: Heartbeat acknowledged (1758169384795)
💓 PersistentAI: Heartbeat sent
💓 PersistentAI: Heartbeat acknowledged (1758169394794)
💓 PersistentAI: Heartbeat sent
💓 PersistentAI: Heartbeat acknowledged (1758169404796)
💓 PersistentAI: Heartbeat sent
💓 PersistentAI: Heartbeat acknowledged (1758169414799)
💓 PersistentAI: Heartbeat sent
💓 PersistentAI: Heartbeat acknowledged (1758169424798)
💓 PersistentAI: Heartbeat sent
💓 PersistentAI: Heartbeat acknowledged (1758169434800)
💓 PersistentAI: Heartbeat sent
💓 PersistentAI: Heartbeat acknowledged (1758169444800)
💓 PersistentAI: Heartbeat sent
💓 PersistentAI: Heartbeat acknowledged (1758169454801)
💓 PersistentAI: Heartbeat sent
💓 PersistentAI: Heartbeat acknowledged (1758169464802)
💓 PersistentAI: Heartbeat sent
💓 PersistentAI: Heartbeat acknowledged (1758169474804)
💓 PersistentAI: Heartbeat sent
💓 PersistentAI: Heartbeat acknowledged (1758169484807)
💓 PersistentAI: Heartbeat sent
💓 PersistentAI: Heartbeat acknowledged (1758169494817)
💓 PersistentAI: Heartbeat sent
💓 PersistentAI: Heartbeat acknowledged (1758169504817)
💓 PersistentAI: Heartbeat sent
💓 PersistentAI: Heartbeat acknowledged (1758169514817)
💓 PersistentAI: Heartbeat sent
💓 PersistentAI: Heartbeat acknowledged (1758169524818)
💓 PersistentAI: Heartbeat sent
💓 PersistentAI: Heartbeat acknowledged (1758169534832)
💓 PersistentAI: Heartbeat sent
💓 PersistentAI: Heartbeat acknowledged (1758169544821)
💓 PersistentAI: Heartbeat sent
💓 PersistentAI: Heartbeat acknowledged (1758169554823)
💓 PersistentAI: Heartbeat sent
💓 PersistentAI: Heartbeat acknowledged (1758169564823)
💓 PersistentAI: Heartbeat sent
💓 PersistentAI: Heartbeat acknowledged (1758169574823)
💓 PersistentAI: Heartbeat sent
💓 PersistentAI: Heartbeat acknowledged (1758169584824)
💓 PersistentAI: Heartbeat sent
💓 PersistentAI: Heartbeat acknowledged (1758169594824)
💓 PersistentAI: Heartbeat sent
💓 PersistentAI: Heartbeat acknowledged (1758169604833)
💓 PersistentAI: Heartbeat sent
💓 PersistentAI: Heartbeat acknowledged (1758169614833)
💓 PersistentAI: Heartbeat sent
💓 PersistentAI: Heartbeat acknowledged (1758169624834)
💓 PersistentAI: Heartbeat sent
💓 PersistentAI: Heartbeat acknowledged (1758169634835)
💓 PersistentAI: Heartbeat sent
💓 PersistentAI: Heartbeat acknowledged (1758169644836)
💓 PersistentAI: Heartbeat sent
💓 PersistentAI: Heartbeat acknowledged (1758169654836)
💓 PersistentAI: Heartbeat sent
💓 PersistentAI: Heartbeat acknowledged (1758169664837)
💓 PersistentAI: Heartbeat sent
💓 PersistentAI: Heartbeat acknowledged (1758169674838)
💓 PersistentAI: Heartbeat sent
💓 PersistentAI: Heartbeat acknowledged (1758169684839)
💓 PersistentAI: Heartbeat sent
💓 PersistentAI: Heartbeat acknowledged (1758169694840)
💓 PersistentAI: Heartbeat sent
💓 PersistentAI: Heartbeat acknowledged (1758169704845)
💓 PersistentAI: Heartbeat sent
💓 PersistentAI: Heartbeat acknowledged (1758169714848)
💓 PersistentAI: Heartbeat sent
💓 PersistentAI: Heartbeat acknowledged (1758169724848)
💓 PersistentAI: Heartbeat sent
💓 PersistentAI: Heartbeat acknowledged (1758169734850)
💓 PersistentAI: Heartbeat sent
💓 PersistentAI: Heartbeat acknowledged (1758169744853)
💓 PersistentAI: Heartbeat sent
💓 PersistentAI: Heartbeat acknowledged (1758169754853)
💓 PersistentAI: Heartbeat sent
💓 PersistentAI: Heartbeat acknowledged (1758169764854)
💓 PersistentAI: Heartbeat sent
💓 PersistentAI: Heartbeat acknowledged (1758169774855)
💓 PersistentAI: Heartbeat sent
💓 PersistentAI: Heartbeat acknowledged (1758169784856)
💓 PersistentAI: Heartbeat sent
💓 PersistentAI: Heartbeat acknowledged (1758169794856)
💓 PersistentAI: Heartbeat sent
💓 PersistentAI: Heartbeat acknowledged (1758169804858)
💓 PersistentAI: Heartbeat sent
💓 PersistentAI: Heartbeat acknowledged (1758169814859)
💓 PersistentAI: Heartbeat sent
💓 PersistentAI: Heartbeat acknowledged (1758169824860)
💓 PersistentAI: Heartbeat sent
💓 PersistentAI: Heartbeat acknowledged (1758169834861)
💓 PersistentAI: Heartbeat sent
💓 PersistentAI: Heartbeat acknowledged (1758169844862)
💓 PersistentAI: Heartbeat sent
💓 PersistentAI: Heartbeat acknowledged (1758169854862)
💓 PersistentAI: Heartbeat sent
💓 PersistentAI: Heartbeat acknowledged (1758169864862)
💓 PersistentAI: Heartbeat sent
💓 PersistentAI: Heartbeat acknowledged (1758169874863)
💓 PersistentAI: Heartbeat sent
💓 PersistentAI: Heartbeat acknowledged (1758169884869)
💓 PersistentAI: Heartbeat sent
💓 PersistentAI: Heartbeat acknowledged (1758169894864)
💓 PersistentAI: Heartbeat sent
💓 PersistentAI: Heartbeat acknowledged (1758169904869)
💓 PersistentAI: Heartbeat sent
💓 PersistentAI: Heartbeat acknowledged (1758169914870)
💓 PersistentAI: Heartbeat sent
💓 PersistentAI: Heartbeat acknowledged (1758169924869)
💓 PersistentAI: Heartbeat sent
💓 PersistentAI: Heartbeat acknowledged (1758169934870)
💓 PersistentAI: Heartbeat sent
💓 PersistentAI: Heartbeat acknowledged (1758169944871)
💓 PersistentAI: Heartbeat sent
💓 PersistentAI: Heartbeat acknowledged (1758169954871)
💓 PersistentAI: Heartbeat sent
💓 PersistentAI: Heartbeat acknowledged (1758169964872)
💓 PersistentAI: Heartbeat sent
💓 PersistentAI: Heartbeat acknowledged (1758169974874)
💓 PersistentAI: Heartbeat sent
💓 PersistentAI: Heartbeat acknowledged (1758169984877)
💓 PersistentAI: Heartbeat sent
💓 PersistentAI: Heartbeat acknowledged (1758169994878)
💓 PersistentAI: Heartbeat sent
💓 PersistentAI: Heartbeat acknowledged (1758170004879)
💓 PersistentAI: Heartbeat sent
💓 PersistentAI: Heartbeat acknowledged (1758170014881)
💓 PersistentAI: Heartbeat sent
💓 PersistentAI: Heartbeat acknowledged (1758170024882)
💓 PersistentAI: Heartbeat sent
💓 PersistentAI: Heartbeat acknowledged (1758170034888)
💓 PersistentAI: Heartbeat sent
💓 PersistentAI: Heartbeat acknowledged (1758170044891)
💓 PersistentAI: Heartbeat sent
💓 PersistentAI: Heartbeat acknowledged (1758170054893)
💓 PersistentAI: Heartbeat sent
💓 PersistentAI: Heartbeat acknowledged (1758170064896)
💓 PersistentAI: Heartbeat sent
💓 PersistentAI: Heartbeat acknowledged (1758170074901)
💓 PersistentAI: Heartbeat sent
💓 PersistentAI: Heartbeat acknowledged (1758170084901)
💓 PersistentAI: Heartbeat sent
💓 PersistentAI: Heartbeat acknowledged (1758170094907)
💓 PersistentAI: Heartbeat sent
💓 PersistentAI: Heartbeat acknowledged (1758170104908)
💓 PersistentAI: Heartbeat sent
💓 PersistentAI: Heartbeat acknowledged (1758170114909)
💓 PersistentAI: Heartbeat sent
💓 PersistentAI: Heartbeat acknowledged (1758170124910)
💓 PersistentAI: Heartbeat sent
💓 PersistentAI: Heartbeat acknowledged (1758170134911)
💓 PersistentAI: Heartbeat sent
💓 PersistentAI: Heartbeat acknowledged (1758170144918)
💓 PersistentAI: Heartbeat sent
💓 PersistentAI: Heartbeat acknowledged (1758170154913)
💓 PersistentAI: Heartbeat sent
💓 PersistentAI: Heartbeat acknowledged (1758170164913)
💓 PersistentAI: Heartbeat sent
💓 PersistentAI: Heartbeat acknowledged (1758170174914)
💓 PersistentAI: Heartbeat sent
💓 PersistentAI: Heartbeat acknowledged (1758170184916)
💓 PersistentAI: Heartbeat sent
💓 PersistentAI: Heartbeat acknowledged (1758170194918)
💓 PersistentAI: Heartbeat sent
💓 PersistentAI: Heartbeat acknowledged (1758170204920)
💓 PersistentAI: Heartbeat sent
💓 PersistentAI: Heartbeat acknowledged (1758170214920)
💓 PersistentAI: Heartbeat sent
💓 PersistentAI: Heartbeat acknowledged (1758170224923)
💓 PersistentAI: Heartbeat sent
💓 PersistentAI: Heartbeat acknowledged (1758170234923)
💓 PersistentAI: Heartbeat sent
💓 PersistentAI: Heartbeat acknowledged (1758170244927)
💓 PersistentAI: Heartbeat sent
💓 PersistentAI: Heartbeat acknowledged (1758170254927)
💓 PersistentAI: Heartbeat sent
💓 PersistentAI: Heartbeat acknowledged (1758170264928)
💓 PersistentAI: Heartbeat sent
💓 PersistentAI: Heartbeat acknowledged (1758170274929)
💓 PersistentAI: Heartbeat sent
💓 PersistentAI: Heartbeat acknowledged (1758170284929)
💓 PersistentAI: Heartbeat sent
💓 PersistentAI: Heartbeat acknowledged (1758170294931)
💓 PersistentAI: Heartbeat sent
💓 PersistentAI: Heartbeat acknowledged (1758170304931)
💓 PersistentAI: Heartbeat sent
💓 PersistentAI: Heartbeat acknowledged (1758170314932)
💓 PersistentAI: Heartbeat sent
💓 PersistentAI: Heartbeat acknowledged (1758170324934)
💓 PersistentAI: Heartbeat sent
💓 PersistentAI: Heartbeat acknowledged (1758170334938)
💓 PersistentAI: Heartbeat sent
💓 PersistentAI: Heartbeat acknowledged (1758170344938)
💓 PersistentAI: Heartbeat sent
💓 PersistentAI: Heartbeat acknowledged (1758170354937)
💓 PersistentAI: Heartbeat sent
💓 PersistentAI: Heartbeat acknowledged (1758170364937)
💓 PersistentAI: Heartbeat sent
💓 PersistentAI: Heartbeat acknowledged (1758170374937)
💓 PersistentAI: Heartbeat sent
💓 PersistentAI: Heartbeat acknowledged (1758170384938)
💓 PersistentAI: Heartbeat sent
💓 PersistentAI: Heartbeat acknowledged (1758170394939)
💓 PersistentAI: Heartbeat sent
💓 PersistentAI: Heartbeat acknowledged (1758170404943)
💓 PersistentAI: Heartbeat sent
💓 PersistentAI: Heartbeat acknowledged (1758170414946)
💓 PersistentAI: Heartbeat sent
💓 PersistentAI: Heartbeat acknowledged (1758170424947)
💓 PersistentAI: Heartbeat sent
💓 PersistentAI: Heartbeat acknowledged (1758170434949)
💓 PersistentAI: Heartbeat sent
💓 PersistentAI: Heartbeat acknowledged (1758170444951)
💓 PersistentAI: Heartbeat sent
💓 PersistentAI: Heartbeat acknowledged (1758170454951)
💓 PersistentAI: Heartbeat sent
💓 PersistentAI: Heartbeat acknowledged (1758170464954)
💓 PersistentAI: Heartbeat sent
💓 PersistentAI: Heartbeat acknowledged (1758170474954)
💓 PersistentAI: Heartbeat sent
💓 PersistentAI: Heartbeat acknowledged (1758170484955)
💓 PersistentAI: Heartbeat sent
💓 PersistentAI: Heartbeat acknowledged (1758170494956)
💓 PersistentAI: Heartbeat sent
💓 PersistentAI: Heartbeat acknowledged (1758170504957)
💓 PersistentAI: Heartbeat sent
💓 PersistentAI: Heartbeat acknowledged (1758170514959)
💓 PersistentAI: Heartbeat sent
💓 PersistentAI: Heartbeat acknowledged (1758170524961)
💓 PersistentAI: Heartbeat sent
💓 PersistentAI: Heartbeat acknowledged (1758170534961)
💓 PersistentAI: Heartbeat sent
💓 PersistentAI: Heartbeat acknowledged (1758170544964)
💓 PersistentAI: Heartbeat sent
💓 PersistentAI: Heartbeat acknowledged (1758170554976)
💓 PersistentAI: Heartbeat sent
💓 PersistentAI: Heartbeat acknowledged (1758170564966)
💓 PersistentAI: Heartbeat sent
💓 PersistentAI: Heartbeat acknowledged (1758170574967)
💓 PersistentAI: Heartbeat sent
💓 PersistentAI: Heartbeat acknowledged (1758170584968)
💓 PersistentAI: Heartbeat sent
💓 PersistentAI: Heartbeat acknowledged (1758170594977)
💓 PersistentAI: Heartbeat sent
💓 PersistentAI: Heartbeat acknowledged (1758170604992)
💓 PersistentAI: Heartbeat sent
💓 PersistentAI: Heartbeat acknowledged (1758170615002)
💓 PersistentAI: Heartbeat sent
💓 PersistentAI: Heartbeat acknowledged (1758170625008)
💓 PersistentAI: Heartbeat sent
💓 PersistentAI: Heartbeat acknowledged (1758170635011)
💓 PersistentAI: Heartbeat sent
💓 PersistentAI: Heartbeat acknowledged (1758170645013)
💓 PersistentAI: Heartbeat sent
💓 PersistentAI: Heartbeat acknowledged (1758170655015)
💓 PersistentAI: Heartbeat sent
💓 PersistentAI: Heartbeat acknowledged (1758170665019)
💓 PersistentAI: Heartbeat sent
💓 PersistentAI: Heartbeat acknowledged (1758170675018)
💓 PersistentAI: Heartbeat sent
💓 PersistentAI: Heartbeat acknowledged (1758170685021)
💓 PersistentAI: Heartbeat sent
💓 PersistentAI: Heartbeat acknowledged (1758170695027)
💓 PersistentAI: Heartbeat sent
💓 PersistentAI: Heartbeat acknowledged (1758170705029)
💓 PersistentAI: Heartbeat sent
💓 PersistentAI: Heartbeat acknowledged (1758170715029)
💓 PersistentAI: Heartbeat sent
💓 PersistentAI: Heartbeat acknowledged (1758170725031)
💓 PersistentAI: Heartbeat sent
💓 PersistentAI: Heartbeat acknowledged (1758170735032)
💓 PersistentAI: Heartbeat sent
💓 PersistentAI: Heartbeat acknowledged (1758170745034)
💓 PersistentAI: Heartbeat sent
💓 PersistentAI: Heartbeat acknowledged (1758170755035)
💓 PersistentAI: Heartbeat sent
💓 PersistentAI: Heartbeat acknowledged (1758170765036)
💓 PersistentAI: Heartbeat sent
💓 PersistentAI: Heartbeat acknowledged (1758170775038)
💓 PersistentAI: Heartbeat sent
💓 PersistentAI: Heartbeat acknowledged (1758170785038)
💓 PersistentAI: Heartbeat sent
💓 PersistentAI: Heartbeat acknowledged (1758170795040)
💓 PersistentAI: Heartbeat sent
💓 PersistentAI: Heartbeat acknowledged (1758170805040)
💓 PersistentAI: Heartbeat sent
💓 PersistentAI: Heartbeat acknowledged (1758170815046)
💓 PersistentAI: Heartbeat sent
💓 PersistentAI: Heartbeat acknowledged (1758170825043)
💓 PersistentAI: Heartbeat sent
💓 PersistentAI: Heartbeat acknowledged (1758170835048)
💓 PersistentAI: Heartbeat sent
💓 PersistentAI: Heartbeat acknowledged (1758170845048)
💓 PersistentAI: Heartbeat sent
💓 PersistentAI: Heartbeat acknowledged (1758170855050)
💓 PersistentAI: Heartbeat sent
💓 PersistentAI: Heartbeat acknowledged (1758170865052)
💓 PersistentAI: Heartbeat sent
💓 PersistentAI: Heartbeat acknowledged (1758170875051)
💓 PersistentAI: Heartbeat sent
💓 PersistentAI: Heartbeat acknowledged (1758170885052)
💓 PersistentAI: Heartbeat sent
💓 PersistentAI: Heartbeat acknowledged (1758170895053)
💓 PersistentAI: Heartbeat sent
💓 PersistentAI: Heartbeat acknowledged (1758170905054)
💓 PersistentAI: Heartbeat sent
💓 PersistentAI: Heartbeat acknowledged (1758170915061)
💓 PersistentAI: Heartbeat sent
💓 PersistentAI: Heartbeat acknowledged (1758170925056)
💓 PersistentAI: Heartbeat sent
💓 PersistentAI: Heartbeat acknowledged (1758170935057)
💓 PersistentAI: Heartbeat sent
💓 PersistentAI: Heartbeat acknowledged (1758170945058)
💓 PersistentAI: Heartbeat sent
💓 PersistentAI: Heartbeat acknowledged (1758170955059)
💓 PersistentAI: Heartbeat sent
💓 PersistentAI: Heartbeat acknowledged (1758170965060)
💓 PersistentAI: Heartbeat sent
💓 PersistentAI: Heartbeat acknowledged (1758170975061)
💓 PersistentAI: Heartbeat sent
💓 PersistentAI: Heartbeat acknowledged (1758170985062)
💓 PersistentAI: Heartbeat sent
💓 PersistentAI: Heartbeat acknowledged (1758170995065)
💓 PersistentAI: Heartbeat sent
💓 PersistentAI: Heartbeat acknowledged (1758171005069)
💓 PersistentAI: Heartbeat sent
💓 PersistentAI: Heartbeat acknowledged (1758171015068)
💓 PersistentAI: Heartbeat sent
💓 PersistentAI: Heartbeat acknowledged (1758171025070)
💓 PersistentAI: Heartbeat sent
💓 PersistentAI: Heartbeat acknowledged (1758171035070)
💓 PersistentAI: Heartbeat sent
💓 PersistentAI: Heartbeat acknowledged (1758171045072)
💓 PersistentAI: Heartbeat sent
💓 PersistentAI: Heartbeat acknowledged (1758171055074)
💓 PersistentAI: Heartbeat sent
💓 PersistentAI: Heartbeat acknowledged (1758171065076)
💓 PersistentAI: Heartbeat sent
💓 PersistentAI: Heartbeat acknowledged (1758171075077)
💓 PersistentAI: Heartbeat sent
💓 PersistentAI: Heartbeat acknowledged (1758171085077)
💓 PersistentAI: Heartbeat sent
💓 PersistentAI: Heartbeat acknowledged (1758171095079)
💓 PersistentAI: Heartbeat sent
💓 PersistentAI: Heartbeat acknowledged (1758171105089)
💓 PersistentAI: Heartbeat sent
💓 PersistentAI: Heartbeat acknowledged (1758171115081)
💓 PersistentAI: Heartbeat sent
💓 PersistentAI: Heartbeat acknowledged (1758171125082)
💓 PersistentAI: Heartbeat sent
💓 PersistentAI: Heartbeat acknowledged (1758171135089)
💓 PersistentAI: Heartbeat sent
💓 PersistentAI: Heartbeat acknowledged (1758171145090)
💓 PersistentAI: Heartbeat sent
💓 PersistentAI: Heartbeat acknowledged (1758171155091)
💓 PersistentAI: Heartbeat sent
💓 PersistentAI: Heartbeat acknowledged (1758171165093)
💓 PersistentAI: Heartbeat sent
💓 PersistentAI: Heartbeat acknowledged (1758171175109)
💓 PersistentAI: Heartbeat sent
💓 PersistentAI: Heartbeat acknowledged (1758171185098)
💓 PersistentAI: Heartbeat sent
💓 PersistentAI: Heartbeat acknowledged (1758171195098)
💓 PersistentAI: Heartbeat sent
💓 PersistentAI: Heartbeat acknowledged (1758171205101)
💓 PersistentAI: Heartbeat sent
💓 PersistentAI: Heartbeat acknowledged (1758171215101)
💓 PersistentAI: Heartbeat sent
💓 PersistentAI: Heartbeat acknowledged (1758171225113)
💓 PersistentAI: Heartbeat sent
💓 PersistentAI: Heartbeat acknowledged (1758171235106)
💓 PersistentAI: Heartbeat sent
💓 PersistentAI: Heartbeat acknowledged (1758171245116)
💓 PersistentAI: Heartbeat sent
💓 PersistentAI: Heartbeat acknowledged (1758171255114)
💓 PersistentAI: Heartbeat sent
💓 PersistentAI: Heartbeat acknowledged (1758171265113)
💓 PersistentAI: Heartbeat sent
💓 PersistentAI: Heartbeat acknowledged (1758171275114)
💓 PersistentAI: Heartbeat sent
💓 PersistentAI: Heartbeat acknowledged (1758171285116)
💓 PersistentAI: Heartbeat sent
💓 PersistentAI: Heartbeat acknowledged (1758171295117)
💓 PersistentAI: Heartbeat sent
💓 PersistentAI: Heartbeat acknowledged (1758171305122)
💓 PersistentAI: Heartbeat sent
💓 PersistentAI: Heartbeat acknowledged (1758171315122)
💓 PersistentAI: Heartbeat sent
💓 PersistentAI: Heartbeat acknowledged (1758171325123)
💓 PersistentAI: Heartbeat sent
💓 PersistentAI: Heartbeat acknowledged (1758171335125)
💓 PersistentAI: Heartbeat sent
💓 PersistentAI: Heartbeat acknowledged (1758171345126)
💓 PersistentAI: Heartbeat sent
💓 PersistentAI: Heartbeat acknowledged (1758171355127)
💓 PersistentAI: Heartbeat sent
💓 PersistentAI: Heartbeat acknowledged (1758171365128)
💓 PersistentAI: Heartbeat sent
💓 PersistentAI: Heartbeat acknowledged (1758171375130)
💓 PersistentAI: Heartbeat sent
💓 PersistentAI: Heartbeat acknowledged (1758171385132)
💓 PersistentAI: Heartbeat sent
💓 PersistentAI: Heartbeat acknowledged (1758171395139)
💓 PersistentAI: Heartbeat sent
💓 PersistentAI: Heartbeat acknowledged (1758171405138)
💓 PersistentAI: Heartbeat sent
💓 PersistentAI: Heartbeat acknowledged (1758171415139)
💓 PersistentAI: Heartbeat sent
💓 PersistentAI: Heartbeat acknowledged (1758171425141)
💓 PersistentAI: Heartbeat sent
💓 PersistentAI: Heartbeat acknowledged (1758171435143)
💓 PersistentAI: Heartbeat sent
💓 PersistentAI: Heartbeat acknowledged (1758171445152)
💓 PersistentAI: Heartbeat sent
💓 PersistentAI: Heartbeat acknowledged (1758171455154)
💓 PersistentAI: Heartbeat sent
💓 PersistentAI: Heartbeat acknowledged (1758171465148)
💓 PersistentAI: Heartbeat sent
💓 PersistentAI: Heartbeat acknowledged (1758171475148)
💓 PersistentAI: Heartbeat sent
💓 PersistentAI: Heartbeat acknowledged (1758171485154)
💓 PersistentAI: Heartbeat sent
💓 PersistentAI: Heartbeat acknowledged (1758171495155)
💓 PersistentAI: Heartbeat sent
💓 PersistentAI: Heartbeat acknowledged (1758171505156)
💓 PersistentAI: Heartbeat sent
💓 PersistentAI: Heartbeat acknowledged (1758171515157)
💓 PersistentAI: Heartbeat sent
💓 PersistentAI: Heartbeat acknowledged (1758171525158)
💓 PersistentAI: Heartbeat sent
💓 PersistentAI: Heartbeat acknowledged (1758171535160)
💓 PersistentAI: Heartbeat sent
💓 PersistentAI: Heartbeat acknowledged (1758171545160)
💓 PersistentAI: Heartbeat sent
💓 PersistentAI: Heartbeat acknowledged (1758171555161)
💓 PersistentAI: Heartbeat sent
💓 PersistentAI: Heartbeat acknowledged (1758171565162)
💓 PersistentAI: Heartbeat sent
💓 PersistentAI: Heartbeat acknowledged (1758171575164)
💓 PersistentAI: Heartbeat sent
💓 PersistentAI: Heartbeat acknowledged (1758171585164)
💓 PersistentAI: Heartbeat sent
💓 PersistentAI: Heartbeat acknowledged (1758171595166)
💓 PersistentAI: Heartbeat sent
💓 PersistentAI: Heartbeat acknowledged (1758171605167)
💓 PersistentAI: Heartbeat sent
💓 PersistentAI: Heartbeat acknowledged (1758171615176)
💓 PersistentAI: Heartbeat sent
💓 PersistentAI: Heartbeat acknowledged (1758171625176)
💓 PersistentAI: Heartbeat sent
💓 PersistentAI: Heartbeat acknowledged (1758171635184)
💓 PersistentAI: Heartbeat sent
💓 PersistentAI: Heartbeat acknowledged (1758171645179)
💓 PersistentAI: Heartbeat sent
💓 PersistentAI: Heartbeat acknowledged (1758171655179)
💓 PersistentAI: Heartbeat sent
💓 PersistentAI: Heartbeat acknowledged (1758171665183)
💓 PersistentAI: Heartbeat sent
💓 PersistentAI: Heartbeat acknowledged (1758171675183)
💓 PersistentAI: Heartbeat sent
💓 PersistentAI: Heartbeat acknowledged (1758171685184)
💓 PersistentAI: Heartbeat sent
💓 PersistentAI: Heartbeat acknowledged (1758171695185)
💓 PersistentAI: Heartbeat sent
💓 PersistentAI: Heartbeat acknowledged (1758171705186)
💓 PersistentAI: Heartbeat sent
💓 PersistentAI: Heartbeat acknowledged (1758171715187)
💓 PersistentAI: Heartbeat sent
💓 PersistentAI: Heartbeat acknowledged (1758171725187)
💓 PersistentAI: Heartbeat sent
💓 PersistentAI: Heartbeat acknowledged (1758171735190)
💓 PersistentAI: Heartbeat sent
💓 PersistentAI: Heartbeat acknowledged (1758171745197)
💓 PersistentAI: Heartbeat sent
💓 PersistentAI: Heartbeat acknowledged (1758171755201)
💓 PersistentAI: Heartbeat sent
💓 PersistentAI: Heartbeat acknowledged (1758171765197)
💓 PersistentAI: Heartbeat sent
💓 PersistentAI: Heartbeat acknowledged (1758171775199)
💓 PersistentAI: Heartbeat sent
💓 PersistentAI: Heartbeat acknowledged (1758171785200)
💓 PersistentAI: Heartbeat sent
💓 PersistentAI: Heartbeat acknowledged (1758171795200)
💓 PersistentAI: Heartbeat sent
💓 PersistentAI: Heartbeat acknowledged (1758171805200)
💓 PersistentAI: Heartbeat sent
💓 PersistentAI: Heartbeat acknowledged (1758171815206)
💓 PersistentAI: Heartbeat sent
💓 PersistentAI: Heartbeat acknowledged (1758171825204)
💓 PersistentAI: Heartbeat sent
💓 PersistentAI: Heartbeat acknowledged (1758171835206)
💓 PersistentAI: Heartbeat sent
💓 PersistentAI: Heartbeat acknowledged (1758171845205)
💓 PersistentAI: Heartbeat sent
💓 PersistentAI: Heartbeat acknowledged (1758171855207)
💓 PersistentAI: Heartbeat sent
💓 PersistentAI: Heartbeat acknowledged (1758171865208)
💓 PersistentAI: Heartbeat sent
💓 PersistentAI: Heartbeat acknowledged (1758171875210)
💓 PersistentAI: Heartbeat sent
💓 PersistentAI: Heartbeat acknowledged (1758171885211)
💓 PersistentAI: Heartbeat sent
💓 PersistentAI: Heartbeat acknowledged (1758171895217)
💓 PersistentAI: Heartbeat sent
💓 PersistentAI: Heartbeat acknowledged (1758171905223)
💓 PersistentAI: Heartbeat sent
💓 PersistentAI: Heartbeat acknowledged (1758171915223)
💓 PersistentAI: Heartbeat sent
💓 PersistentAI: Heartbeat acknowledged (1758171925223)
💓 PersistentAI: Heartbeat sent
💓 PersistentAI: Heartbeat acknowledged (1758171935224)
💓 PersistentAI: Heartbeat sent
💓 PersistentAI: Heartbeat acknowledged (1758171945225)
💓 PersistentAI: Heartbeat sent
💓 PersistentAI: Heartbeat acknowledged (1758171955227)
💓 PersistentAI: Heartbeat sent
💓 PersistentAI: Heartbeat acknowledged (1758171965227)
💓 PersistentAI: Heartbeat sent
💓 PersistentAI: Heartbeat acknowledged (1758171975227)
💓 PersistentAI: Heartbeat sent
💓 PersistentAI: Heartbeat acknowledged (1758171985228)
💓 PersistentAI: Heartbeat sent
💓 PersistentAI: Heartbeat acknowledged (1758171995229)
💓 PersistentAI: Heartbeat sent
💓 PersistentAI: Heartbeat acknowledged (1758172005231)
💓 PersistentAI: Heartbeat sent
💓 PersistentAI: Heartbeat acknowledged (1758172015233)
💓 PersistentAI: Heartbeat sent
💓 PersistentAI: Heartbeat acknowledged (1758172025233)
💓 PersistentAI: Heartbeat sent
💓 PersistentAI: Heartbeat acknowledged (1758172035238)
💓 PersistentAI: Heartbeat sent
💓 PersistentAI: Heartbeat acknowledged (1758172045239)
💓 PersistentAI: Heartbeat sent
💓 PersistentAI: Heartbeat acknowledged (1758172055239)
💓 PersistentAI: Heartbeat sent
💓 PersistentAI: Heartbeat acknowledged (1758172065240)
💓 PersistentAI: Heartbeat sent
💓 PersistentAI: Heartbeat acknowledged (1758172075242)
💓 PersistentAI: Heartbeat sent
💓 PersistentAI: Heartbeat acknowledged (1758172085243)
💓 PersistentAI: Heartbeat sent
💓 PersistentAI: Heartbeat acknowledged (1758172095245)
💓 PersistentAI: Heartbeat sent
💓 PersistentAI: Heartbeat acknowledged (1758172105245)
💓 PersistentAI: Heartbeat sent
💓 PersistentAI: Heartbeat acknowledged (1758172115247)
💓 PersistentAI: Heartbeat sent
💓 PersistentAI: Heartbeat acknowledged (1758172125249)
💓 PersistentAI: Heartbeat sent
💓 PersistentAI: Heartbeat acknowledged (1758172135250)
💓 PersistentAI: Heartbeat sent
💓 PersistentAI: Heartbeat acknowledged (1758172145251)
💓 PersistentAI: Heartbeat sent
💓 PersistentAI: Heartbeat acknowledged (1758172155263)
💓 PersistentAI: Heartbeat sent
💓 PersistentAI: Heartbeat acknowledged (1758172165261)
💓 PersistentAI: Heartbeat sent
💓 PersistentAI: Heartbeat acknowledged (1758172175261)
💓 PersistentAI: Heartbeat sent
💓 PersistentAI: Heartbeat acknowledged (1758172185264)
💓 PersistentAI: Heartbeat sent
💓 PersistentAI: Heartbeat acknowledged (1758172195266)
💓 PersistentAI: Heartbeat sent
💓 PersistentAI: Heartbeat acknowledged (1758172205270)
💓 PersistentAI: Heartbeat sent
💓 PersistentAI: Heartbeat acknowledged (1758172215269)
💓 PersistentAI: Heartbeat sent
💓 PersistentAI: Heartbeat acknowledged (1758172225269)
💓 PersistentAI: Heartbeat sent
💓 PersistentAI: Heartbeat acknowledged (1758172235270)
💓 PersistentAI: Heartbeat sent
💓 PersistentAI: Heartbeat acknowledged (1758172245271)
💓 PersistentAI: Heartbeat sent
💓 PersistentAI: Heartbeat acknowledged (1758172255279)
💓 PersistentAI: Heartbeat sent
💓 PersistentAI: Heartbeat acknowledged (1758172265282)
💓 PersistentAI: Heartbeat sent
💓 PersistentAI: Heartbeat acknowledged (1758172275276)
💓 PersistentAI: Heartbeat sent
💓 PersistentAI: Heartbeat acknowledged (1758172285279)
💓 PersistentAI: Heartbeat sent
💓 PersistentAI: Heartbeat acknowledged (1758172295281)
💓 PersistentAI: Heartbeat sent
💓 PersistentAI: Heartbeat acknowledged (1758172305280)
💓 PersistentAI: Heartbeat sent
💓 PersistentAI: Heartbeat acknowledged (1758172315282)
💓 PersistentAI: Heartbeat sent
💓 PersistentAI: Heartbeat acknowledged (1758172325283)
💓 PersistentAI: Heartbeat sent
💓 PersistentAI: Heartbeat acknowledged (1758172335284)
💓 PersistentAI: Heartbeat sent
💓 PersistentAI: Heartbeat acknowledged (1758172345285)
💓 PersistentAI: Heartbeat sent
💓 PersistentAI: Heartbeat acknowledged (1758172355285)
💓 PersistentAI: Heartbeat sent
💓 PersistentAI: Heartbeat acknowledged (1758172365290)
💓 PersistentAI: Heartbeat sent
💓 PersistentAI: Heartbeat acknowledged (1758172375286)
💓 PersistentAI: Heartbeat sent
💓 PersistentAI: Heartbeat acknowledged (1758172385287)
💓 PersistentAI: Heartbeat sent
💓 PersistentAI: Heartbeat acknowledged (1758172395290)
💓 PersistentAI: Heartbeat sent
💓 PersistentAI: Heartbeat acknowledged (1758172405291)
💓 PersistentAI: Heartbeat sent
💓 PersistentAI: Heartbeat acknowledged (1758172415292)
💓 PersistentAI: Heartbeat sent
💓 PersistentAI: Heartbeat acknowledged (1758172425300)
💓 PersistentAI: Heartbeat sent
💓 PersistentAI: Heartbeat acknowledged (1758172435300)
💓 PersistentAI: Heartbeat sent
💓 PersistentAI: Heartbeat acknowledged (1758172445295)
💓 PersistentAI: Heartbeat sent
💓 PersistentAI: Heartbeat acknowledged (1758172455302)
💓 PersistentAI: Heartbeat sent
💓 PersistentAI: Heartbeat acknowledged (1758172465305)
💓 PersistentAI: Heartbeat sent
💓 PersistentAI: Heartbeat acknowledged (1758172475304)
💓 PersistentAI: Heartbeat sent
💓 PersistentAI: Heartbeat acknowledged (1758172485305)
💓 PersistentAI: Heartbeat sent
💓 PersistentAI: Heartbeat acknowledged (1758172495306)
💓 PersistentAI: Heartbeat sent
💓 PersistentAI: Heartbeat acknowledged (1758172505310)
💓 PersistentAI: Heartbeat sent
💓 PersistentAI: Heartbeat acknowledged (1758172515310)
💓 PersistentAI: Heartbeat sent
💓 PersistentAI: Heartbeat acknowledged (1758172525312)
💓 PersistentAI: Heartbeat sent
💓 PersistentAI: Heartbeat acknowledged (1758172535323)
💓 PersistentAI: Heartbeat sent
💓 PersistentAI: Heartbeat acknowledged (1758172545318)
💓 PersistentAI: Heartbeat sent
💓 PersistentAI: Heartbeat acknowledged (1758172555322)
💓 PersistentAI: Heartbeat sent
💓 PersistentAI: Heartbeat acknowledged (1758172565323)
💓 PersistentAI: Heartbeat sent
💓 PersistentAI: Heartbeat acknowledged (1758172575323)
💓 PersistentAI: Heartbeat sent
💓 PersistentAI: Heartbeat acknowledged (1758172585324)
💓 PersistentAI: Heartbeat sent
💓 PersistentAI: Heartbeat acknowledged (1758172595325)
💓 PersistentAI: Heartbeat sent
💓 PersistentAI: Heartbeat acknowledged (1758172605325)
💓 PersistentAI: Heartbeat sent
💓 PersistentAI: Heartbeat acknowledged (1758172615327)
💓 PersistentAI: Heartbeat sent
💓 PersistentAI: Heartbeat acknowledged (1758172625328)
💓 PersistentAI: Heartbeat sent
💓 PersistentAI: Heartbeat acknowledged (1758172635330)
💓 PersistentAI: Heartbeat sent
💓 PersistentAI: Heartbeat acknowledged (1758172645334)
💓 PersistentAI: Heartbeat sent
💓 PersistentAI: Heartbeat acknowledged (1758172655333)
💓 PersistentAI: Heartbeat sent
💓 PersistentAI: Heartbeat acknowledged (1758172665345)
💓 PersistentAI: Heartbeat sent
💓 PersistentAI: Heartbeat acknowledged (1758172675334)
💓 PersistentAI: Heartbeat sent
💓 PersistentAI: Heartbeat acknowledged (1758172685335)
💓 PersistentAI: Heartbeat sent
💓 PersistentAI: Heartbeat acknowledged (1758172695337)
💓 PersistentAI: Heartbeat sent
💓 PersistentAI: Heartbeat acknowledged (1758172705344)
💓 PersistentAI: Heartbeat sent
💓 PersistentAI: Heartbeat acknowledged (1758172715344)
💓 PersistentAI: Heartbeat sent
💓 PersistentAI: Heartbeat acknowledged (1758172725345)
💓 PersistentAI: Heartbeat sent
💓 PersistentAI: Heartbeat acknowledged (1758172735349)
💓 PersistentAI: Heartbeat sent
💓 PersistentAI: Heartbeat acknowledged (1758172745351)
💓 PersistentAI: Heartbeat sent
💓 PersistentAI: Heartbeat acknowledged (1758172755352)
💓 PersistentAI: Heartbeat sent
💓 PersistentAI: Heartbeat acknowledged (1758172765352)
💓 PersistentAI: Heartbeat sent
💓 PersistentAI: Heartbeat acknowledged (1758172775354)
💓 PersistentAI: Heartbeat sent
💓 PersistentAI: Heartbeat acknowledged (1758172785355)
💓 PersistentAI: Heartbeat sent
💓 PersistentAI: Heartbeat acknowledged (1758172795357)
💓 PersistentAI: Heartbeat sent
💓 PersistentAI: Heartbeat acknowledged (1758172805359)
💓 PersistentAI: Heartbeat sent
💓 PersistentAI: Heartbeat acknowledged (1758172815370)
💓 PersistentAI: Heartbeat sent
💓 PersistentAI: Heartbeat acknowledged (1758172825368)
🔌 PersistentAI: Disconnected: transport close
📞 PersistentAI: Network disconnection detected - connection will attempt to restore automatically
❌ PersistentAI: Connection failed: websocket error
❌ PersistentAI: Connection error: websocket error
❌ PersistentAI: Connection failed: websocket error
❌ PersistentAI: Connection error: websocket error
❌ AI Host disconnected. Stopping...
❌ PersistentAI: Connection failed: websocket error
❌ PersistentAI: Connection error: websocket error
❌ PersistentAI: Heartbeat failed - socket not connected
❌ PersistentAI: Connection failed: websocket error
❌ PersistentAI: Connection error: websocket error
❌ PersistentAI: Connection failed: websocket error
❌ PersistentAI: Connection error: websocket error
❌ PersistentAI: Heartbeat failed - socket not connected
✅ PersistentAI: Connected successfully
📨 PersistentAI: Welcome message: {
  date: 1758172847948,
  data: '3D Chess Server Connected',
  message: 'Socket.IO is working!',
  playerId: 'test_PersistentAI_1758166324433',
  playerName: 'PersistentAI',
  reconnected: false
}
💓 PersistentAI: Heartbeat sent
💓 PersistentAI: Heartbeat acknowledged (1758172855372)
💓 PersistentAI: Heartbeat sent
💓 PersistentAI: Heartbeat acknowledged (1758172865372)
💓 PersistentAI: Heartbeat sent
💓 PersistentAI: Heartbeat acknowledged (1758172875384)
💓 PersistentAI: Heartbeat sent
💓 PersistentAI: Heartbeat acknowledged (1758172885388)
💓 PersistentAI: Heartbeat sent
💓 PersistentAI: Heartbeat acknowledged (1758172895384)
💓 PersistentAI: Heartbeat sent
💓 PersistentAI: Heartbeat acknowledged (1758172905385)
💓 PersistentAI: Heartbeat sent
💓 PersistentAI: Heartbeat acknowledged (1758172915387)
💓 PersistentAI: Heartbeat sent
💓 PersistentAI: Heartbeat acknowledged (1758172925388)
💓 PersistentAI: Heartbeat sent
💓 PersistentAI: Heartbeat acknowledged (1758172935389)
💓 PersistentAI: Heartbeat sent
💓 PersistentAI: Heartbeat acknowledged (1758172945390)
💓 PersistentAI: Heartbeat sent
💓 PersistentAI: Heartbeat acknowledged (1758172955390)
💓 PersistentAI: Heartbeat sent
💓 PersistentAI: Heartbeat acknowledged (1758172965392)
💓 PersistentAI: Heartbeat sent
💓 PersistentAI: Heartbeat acknowledged (1758172975392)
💓 PersistentAI: Heartbeat sent
💓 PersistentAI: Heartbeat acknowledged (1758172985393)
💓 PersistentAI: Heartbeat sent
💓 PersistentAI: Heartbeat acknowledged (1758172995395)
💓 PersistentAI: Heartbeat sent
💓 PersistentAI: Heartbeat acknowledged (1758173005396)
💓 PersistentAI: Heartbeat sent
💓 PersistentAI: Heartbeat acknowledged (1758173015396)
💓 PersistentAI: Heartbeat sent
💓 PersistentAI: Heartbeat acknowledged (1758173025398)
💓 PersistentAI: Heartbeat sent
💓 PersistentAI: Heartbeat acknowledged (1758173035399)
💓 PersistentAI: Heartbeat sent
💓 PersistentAI: Heartbeat acknowledged (1758173045399)
💓 PersistentAI: Heartbeat sent
💓 PersistentAI: Heartbeat acknowledged (1758173055402)
💓 PersistentAI: Heartbeat sent
💓 PersistentAI: Heartbeat acknowledged (1758173065405)
💓 PersistentAI: Heartbeat sent
💓 PersistentAI: Heartbeat acknowledged (1758173075406)
💓 PersistentAI: Heartbeat sent
💓 PersistentAI: Heartbeat acknowledged (1758173085406)
💓 PersistentAI: Heartbeat sent
💓 PersistentAI: Heartbeat acknowledged (1758173095407)
💓 PersistentAI: Heartbeat sent
💓 PersistentAI: Heartbeat acknowledged (1758173105407)
💓 PersistentAI: Heartbeat sent
💓 PersistentAI: Heartbeat acknowledged (1758173115407)
💓 PersistentAI: Heartbeat sent
💓 PersistentAI: Heartbeat acknowledged (1758173125408)
💓 PersistentAI: Heartbeat sent
💓 PersistentAI: Heartbeat acknowledged (1758173135410)
💓 PersistentAI: Heartbeat sent
💓 PersistentAI: Heartbeat acknowledged (1758173145410)
💓 PersistentAI: Heartbeat sent
💓 PersistentAI: Heartbeat acknowledged (1758173155411)
💓 PersistentAI: Heartbeat sent
💓 PersistentAI: Heartbeat acknowledged (1758173165412)
💓 PersistentAI: Heartbeat sent
💓 PersistentAI: Heartbeat acknowledged (1758173175413)
💓 PersistentAI: Heartbeat sent
💓 PersistentAI: Heartbeat acknowledged (1758173185415)
💓 PersistentAI: Heartbeat sent
💓 PersistentAI: Heartbeat acknowledged (1758173195416)
💓 PersistentAI: Heartbeat sent
💓 PersistentAI: Heartbeat acknowledged (1758173205418)
💓 PersistentAI: Heartbeat sent
💓 PersistentAI: Heartbeat acknowledged (1758173215427)
💓 PersistentAI: Heartbeat sent
💓 PersistentAI: Heartbeat acknowledged (1758173225429)
💓 PersistentAI: Heartbeat sent
💓 PersistentAI: Heartbeat acknowledged (1758173235429)
💓 PersistentAI: Heartbeat sent
💓 PersistentAI: Heartbeat acknowledged (1758173245429)
💓 PersistentAI: Heartbeat sent
💓 PersistentAI: Heartbeat acknowledged (1758173255431)
💓 PersistentAI: Heartbeat sent
💓 PersistentAI: Heartbeat acknowledged (1758173265434)
💓 PersistentAI: Heartbeat sent
💓 PersistentAI: Heartbeat acknowledged (1758173275435)
💓 PersistentAI: Heartbeat sent
💓 PersistentAI: Heartbeat acknowledged (1758173285437)
💓 PersistentAI: Heartbeat sent
💓 PersistentAI: Heartbeat acknowledged (1758173295438)
💓 PersistentAI: Heartbeat sent
💓 PersistentAI: Heartbeat acknowledged (1758173305441)
💓 PersistentAI: Heartbeat sent
💓 PersistentAI: Heartbeat acknowledged (1758173315442)
💓 PersistentAI: Heartbeat sent
💓 PersistentAI: Heartbeat acknowledged (1758173325445)
💓 PersistentAI: Heartbeat sent
💓 PersistentAI: Heartbeat acknowledged (1758173335443)
💓 PersistentAI: Heartbeat sent
💓 PersistentAI: Heartbeat acknowledged (1758173345448)
💓 PersistentAI: Heartbeat sent
💓 PersistentAI: Heartbeat acknowledged (1758173355450)
💓 PersistentAI: Heartbeat sent
💓 PersistentAI: Heartbeat acknowledged (1758173365449)
💓 PersistentAI: Heartbeat sent
💓 PersistentAI: Heartbeat acknowledged (1758173375449)
💓 PersistentAI: Heartbeat sent
💓 PersistentAI: Heartbeat acknowledged (1758173385451)
💓 PersistentAI: Heartbeat sent
💓 PersistentAI: Heartbeat acknowledged (1758173395451)
💓 PersistentAI: Heartbeat sent
💓 PersistentAI: Heartbeat acknowledged (1758173405454)
💓 PersistentAI: Heartbeat sent
💓 PersistentAI: Heartbeat acknowledged (1758173415453)
💓 PersistentAI: Heartbeat sent
💓 PersistentAI: Heartbeat acknowledged (1758173425455)
💓 PersistentAI: Heartbeat sent
💓 PersistentAI: Heartbeat acknowledged (1758173435460)
💓 PersistentAI: Heartbeat sent
💓 PersistentAI: Heartbeat acknowledged (1758173445461)
💓 PersistentAI: Heartbeat sent
💓 PersistentAI: Heartbeat acknowledged (1758173455461)
💓 PersistentAI: Heartbeat sent
💓 PersistentAI: Heartbeat acknowledged (1758173465462)
💓 PersistentAI: Heartbeat sent
💓 PersistentAI: Heartbeat acknowledged (1758173475471)
💓 PersistentAI: Heartbeat sent
💓 PersistentAI: Heartbeat acknowledged (1758173485470)
💓 PersistentAI: Heartbeat sent
💓 PersistentAI: Heartbeat acknowledged (1758173495474)
💓 PersistentAI: Heartbeat sent
💓 PersistentAI: Heartbeat acknowledged (1758173505471)
💓 PersistentAI: Heartbeat sent
💓 PersistentAI: Heartbeat acknowledged (1758173515473)
💓 PersistentAI: Heartbeat sent
💓 PersistentAI: Heartbeat acknowledged (1758173525474)
💓 PersistentAI: Heartbeat sent
💓 PersistentAI: Heartbeat acknowledged (1758173535475)
💓 PersistentAI: Heartbeat sent
💓 PersistentAI: Heartbeat acknowledged (1758173545478)
💓 PersistentAI: Heartbeat sent
💓 PersistentAI: Heartbeat acknowledged (1758173555489)
💓 PersistentAI: Heartbeat sent
💓 PersistentAI: Heartbeat acknowledged (1758173565478)
💓 PersistentAI: Heartbeat sent
💓 PersistentAI: Heartbeat acknowledged (1758173575480)
💓 PersistentAI: Heartbeat sent
💓 PersistentAI: Heartbeat acknowledged (1758173585480)
💓 PersistentAI: Heartbeat sent
💓 PersistentAI: Heartbeat acknowledged (1758173595482)
💓 PersistentAI: Heartbeat sent
💓 PersistentAI: Heartbeat acknowledged (1758173605483)
💓 PersistentAI: Heartbeat sent
💓 PersistentAI: Heartbeat acknowledged (1758173615483)
💓 PersistentAI: Heartbeat sent
💓 PersistentAI: Heartbeat acknowledged (1758173625484)
💓 PersistentAI: Heartbeat sent
💓 PersistentAI: Heartbeat acknowledged (1758173635489)
💓 PersistentAI: Heartbeat sent
💓 PersistentAI: Heartbeat acknowledged (1758173645490)
💓 PersistentAI: Heartbeat sent
💓 PersistentAI: Heartbeat acknowledged (1758173655491)
💓 PersistentAI: Heartbeat sent
💓 PersistentAI: Heartbeat acknowledged (1758173665493)
💓 PersistentAI: Heartbeat sent
💓 PersistentAI: Heartbeat acknowledged (1758173675492)
💓 PersistentAI: Heartbeat sent
💓 PersistentAI: Heartbeat acknowledged (1758173685498)
💓 PersistentAI: Heartbeat sent
💓 PersistentAI: Heartbeat acknowledged (1758173695455)
💓 PersistentAI: Heartbeat sent
💓 PersistentAI: Heartbeat acknowledged (1758173705448)
💓 PersistentAI: Heartbeat sent
💓 PersistentAI: Heartbeat acknowledged (1758173715453)
💓 PersistentAI: Heartbeat sent
💓 PersistentAI: Heartbeat acknowledged (1758173725450)
💓 PersistentAI: Heartbeat sent
💓 PersistentAI: Heartbeat acknowledged (1758173735455)
💓 PersistentAI: Heartbeat sent
💓 PersistentAI: Heartbeat acknowledged (1758173745456)
💓 PersistentAI: Heartbeat sent
💓 PersistentAI: Heartbeat acknowledged (1758173755455)
💓 PersistentAI: Heartbeat sent
💓 PersistentAI: Heartbeat acknowledged (1758173765463)
💓 PersistentAI: Heartbeat sent
💓 PersistentAI: Heartbeat acknowledged (1758173775464)
💓 PersistentAI: Heartbeat sent
💓 PersistentAI: Heartbeat acknowledged (1758173785465)
💓 PersistentAI: Heartbeat sent
💓 PersistentAI: Heartbeat acknowledged (1758173795467)
💓 PersistentAI: Heartbeat sent
💓 PersistentAI: Heartbeat acknowledged (1758173805468)
💓 PersistentAI: Heartbeat sent
💓 PersistentAI: Heartbeat acknowledged (1758173815468)
💓 PersistentAI: Heartbeat sent
💓 PersistentAI: Heartbeat acknowledged (1758173825469)
💓 PersistentAI: Heartbeat sent
💓 PersistentAI: Heartbeat acknowledged (1758173835470)
💓 PersistentAI: Heartbeat sent
💓 PersistentAI: Heartbeat acknowledged (1758173845471)
💓 PersistentAI: Heartbeat sent
💓 PersistentAI: Heartbeat acknowledged (1758173855471)
💓 PersistentAI: Heartbeat sent
💓 PersistentAI: Heartbeat acknowledged (1758173865473)
💓 PersistentAI: Heartbeat sent
💓 PersistentAI: Heartbeat acknowledged (1758173875476)
💓 PersistentAI: Heartbeat sent
💓 PersistentAI: Heartbeat acknowledged (1758173885476)
💓 PersistentAI: Heartbeat sent
💓 PersistentAI: Heartbeat acknowledged (1758173895475)
💓 PersistentAI: Heartbeat sent
💓 PersistentAI: Heartbeat acknowledged (1758173905482)
💓 PersistentAI: Heartbeat sent
💓 PersistentAI: Heartbeat acknowledged (1758173915480)
💓 PersistentAI: Heartbeat sent
💓 PersistentAI: Heartbeat acknowledged (1758173925482)
💓 PersistentAI: Heartbeat sent
💓 PersistentAI: Heartbeat acknowledged (1758173935484)
💓 PersistentAI: Heartbeat sent
💓 PersistentAI: Heartbeat acknowledged (1758173945484)
💓 PersistentAI: Heartbeat sent
💓 PersistentAI: Heartbeat acknowledged (1758173955486)
💓 PersistentAI: Heartbeat sent
💓 PersistentAI: Heartbeat acknowledged (1758173965485)
💓 PersistentAI: Heartbeat sent
💓 PersistentAI: Heartbeat acknowledged (1758173975484)
💓 PersistentAI: Heartbeat sent
💓 PersistentAI: Heartbeat acknowledged (1758173985487)
💓 PersistentAI: Heartbeat sent
💓 PersistentAI: Heartbeat acknowledged (1758173995486)
💓 PersistentAI: Heartbeat sent
💓 PersistentAI: Heartbeat acknowledged (1758174005489)
💓 PersistentAI: Heartbeat sent
💓 PersistentAI: Heartbeat acknowledged (1758174015499)
💓 PersistentAI: Heartbeat sent
💓 PersistentAI: Heartbeat acknowledged (1758174025490)
💓 PersistentAI: Heartbeat sent
💓 PersistentAI: Heartbeat acknowledged (1758174035491)
💓 PersistentAI: Heartbeat sent
💓 PersistentAI: Heartbeat acknowledged (1758174045493)
💓 PersistentAI: Heartbeat sent
💓 PersistentAI: Heartbeat acknowledged (1758174055495)
💓 PersistentAI: Heartbeat sent
💓 PersistentAI: Heartbeat acknowledged (1758174065498)
💓 PersistentAI: Heartbeat sent
💓 PersistentAI: Heartbeat acknowledged (1758174075500)
💓 PersistentAI: Heartbeat sent
💓 PersistentAI: Heartbeat acknowledged (1758174085501)
💓 PersistentAI: Heartbeat sent
💓 PersistentAI: Heartbeat acknowledged (1758174095503)
💓 PersistentAI: Heartbeat sent
💓 PersistentAI: Heartbeat acknowledged (1758174105503)
💓 PersistentAI: Heartbeat sent
💓 PersistentAI: Heartbeat acknowledged (1758174115504)
💓 PersistentAI: Heartbeat sent
💓 PersistentAI: Heartbeat acknowledged (1758174125507)
💓 PersistentAI: Heartbeat sent
💓 PersistentAI: Heartbeat acknowledged (1758174135509)
💓 PersistentAI: Heartbeat sent
💓 PersistentAI: Heartbeat acknowledged (1758174145515)
💓 PersistentAI: Heartbeat sent
💓 PersistentAI: Heartbeat acknowledged (1758174155510)
💓 PersistentAI: Heartbeat sent
💓 PersistentAI: Heartbeat acknowledged (1758174165510)
💓 PersistentAI: Heartbeat sent
💓 PersistentAI: Heartbeat acknowledged (1758174175515)
💓 PersistentAI: Heartbeat sent
💓 PersistentAI: Heartbeat acknowledged (1758174185513)
💓 PersistentAI: Heartbeat sent
💓 PersistentAI: Heartbeat acknowledged (1758174195516)
💓 PersistentAI: Heartbeat sent
💓 PersistentAI: Heartbeat acknowledged (1758174205519)
💓 PersistentAI: Heartbeat sent
💓 PersistentAI: Heartbeat acknowledged (1758174215517)
💓 PersistentAI: Heartbeat sent
💓 PersistentAI: Heartbeat acknowledged (1758174225517)
💓 PersistentAI: Heartbeat sent
💓 PersistentAI: Heartbeat acknowledged (1758174235518)
💓 PersistentAI: Heartbeat sent
💓 PersistentAI: Heartbeat acknowledged (1758174245519)
💓 PersistentAI: Heartbeat sent
💓 PersistentAI: Heartbeat acknowledged (1758174255520)
💓 PersistentAI: Heartbeat sent
💓 PersistentAI: Heartbeat acknowledged (1758174265521)
💓 PersistentAI: Heartbeat sent
💓 PersistentAI: Heartbeat acknowledged (1758174275521)
💓 PersistentAI: Heartbeat sent
💓 PersistentAI: Heartbeat acknowledged (1758174285522)
💓 PersistentAI: Heartbeat sent
💓 PersistentAI: Heartbeat acknowledged (1758174295522)
💓 PersistentAI: Heartbeat sent
💓 PersistentAI: Heartbeat acknowledged (1758174305523)
💓 PersistentAI: Heartbeat sent
💓 PersistentAI: Heartbeat acknowledged (1758174315524)
💓 PersistentAI: Heartbeat sent
💓 PersistentAI: Heartbeat acknowledged (1758174325526)
💓 PersistentAI: Heartbeat sent
💓 PersistentAI: Heartbeat acknowledged (1758174335526)
💓 PersistentAI: Heartbeat sent
💓 PersistentAI: Heartbeat acknowledged (1758174345527)
💓 PersistentAI: Heartbeat sent
💓 PersistentAI: Heartbeat acknowledged (1758174355528)
💓 PersistentAI: Heartbeat sent
💓 PersistentAI: Heartbeat acknowledged (1758174365529)
💓 PersistentAI: Heartbeat sent
💓 PersistentAI: Heartbeat acknowledged (1758174375534)
💓 PersistentAI: Heartbeat sent
💓 PersistentAI: Heartbeat acknowledged (1758174385536)
💓 PersistentAI: Heartbeat sent
💓 PersistentAI: Heartbeat acknowledged (1758174395535)
💓 PersistentAI: Heartbeat sent
💓 PersistentAI: Heartbeat acknowledged (1758174405536)
💓 PersistentAI: Heartbeat sent
💓 PersistentAI: Heartbeat acknowledged (1758174415537)
💓 PersistentAI: Heartbeat sent
💓 PersistentAI: Heartbeat acknowledged (1758174425538)
💓 PersistentAI: Heartbeat sent
💓 PersistentAI: Heartbeat acknowledged (1758174435539)
💓 PersistentAI: Heartbeat sent
💓 PersistentAI: Heartbeat acknowledged (1758174445541)
💓 PersistentAI: Heartbeat sent
💓 PersistentAI: Heartbeat acknowledged (1758174455542)
💓 PersistentAI: Heartbeat sent
💓 PersistentAI: Heartbeat acknowledged (1758174465543)
💓 PersistentAI: Heartbeat sent
💓 PersistentAI: Heartbeat acknowledged (1758174475545)
💓 PersistentAI: Heartbeat sent
💓 PersistentAI: Heartbeat acknowledged (1758174485545)
💓 PersistentAI: Heartbeat sent
💓 PersistentAI: Heartbeat acknowledged (1758174495546)
💓 PersistentAI: Heartbeat sent
💓 PersistentAI: Heartbeat acknowledged (1758174505547)
💓 PersistentAI: Heartbeat sent
💓 PersistentAI: Heartbeat acknowledged (1758174515553)
💓 PersistentAI: Heartbeat sent
💓 PersistentAI: Heartbeat acknowledged (1758174525549)
💓 PersistentAI: Heartbeat sent
💓 PersistentAI: Heartbeat acknowledged (1758174535554)
💓 PersistentAI: Heartbeat sent
💓 PersistentAI: Heartbeat acknowledged (1758174545557)
💓 PersistentAI: Heartbeat sent
💓 PersistentAI: Heartbeat acknowledged (1758174555562)
💓 PersistentAI: Heartbeat sent
💓 PersistentAI: Heartbeat acknowledged (1758174565561)
💓 PersistentAI: Heartbeat sent
💓 PersistentAI: Heartbeat acknowledged (1758174575561)
💓 PersistentAI: Heartbeat sent
💓 PersistentAI: Heartbeat acknowledged (1758174585564)
💓 PersistentAI: Heartbeat sent
💓 PersistentAI: Heartbeat acknowledged (1758174595565)
💓 PersistentAI: Heartbeat sent
💓 PersistentAI: Heartbeat acknowledged (1758174605566)
💓 PersistentAI: Heartbeat sent
💓 PersistentAI: Heartbeat acknowledged (1758174615567)
💓 PersistentAI: Heartbeat sent
💓 PersistentAI: Heartbeat acknowledged (1758174625568)
💓 PersistentAI: Heartbeat sent
💓 PersistentAI: Heartbeat acknowledged (1758174635567)
💓 PersistentAI: Heartbeat sent
💓 PersistentAI: Heartbeat acknowledged (1758174645569)
💓 PersistentAI: Heartbeat sent
💓 PersistentAI: Heartbeat acknowledged (1758174655572)
💓 PersistentAI: Heartbeat sent
💓 PersistentAI: Heartbeat acknowledged (1758174665574)
💓 PersistentAI: Heartbeat sent
💓 PersistentAI: Heartbeat acknowledged (1758174675575)
💓 PersistentAI: Heartbeat sent
💓 PersistentAI: Heartbeat acknowledged (1758174685575)
💓 PersistentAI: Heartbeat sent
💓 PersistentAI: Heartbeat acknowledged (1758174695575)
💓 PersistentAI: Heartbeat sent
💓 PersistentAI: Heartbeat acknowledged (1758174705576)
💓 PersistentAI: Heartbeat sent
💓 PersistentAI: Heartbeat acknowledged (1758174715577)
💓 PersistentAI: Heartbeat sent
💓 PersistentAI: Heartbeat acknowledged (1758174725577)
💓 PersistentAI: Heartbeat sent
💓 PersistentAI: Heartbeat acknowledged (1758174735580)
💓 PersistentAI: Heartbeat sent
💓 PersistentAI: Heartbeat acknowledged (1758174745580)
💓 PersistentAI: Heartbeat sent
💓 PersistentAI: Heartbeat acknowledged (1758174755581)
💓 PersistentAI: Heartbeat sent
💓 PersistentAI: Heartbeat acknowledged (1758174765580)
💓 PersistentAI: Heartbeat sent
💓 PersistentAI: Heartbeat acknowledged (1758174775581)
💓 PersistentAI: Heartbeat sent
💓 PersistentAI: Heartbeat acknowledged (1758174785582)
💓 PersistentAI: Heartbeat sent
💓 PersistentAI: Heartbeat acknowledged (1758174795582)
💓 PersistentAI: Heartbeat sent
💓 PersistentAI: Heartbeat acknowledged (1758174805584)
💓 PersistentAI: Heartbeat sent
💓 PersistentAI: Heartbeat acknowledged (1758174815584)
💓 PersistentAI: Heartbeat sent
💓 PersistentAI: Heartbeat acknowledged (1758174825584)
💓 PersistentAI: Heartbeat sent
💓 PersistentAI: Heartbeat acknowledged (1758174835589)
💓 PersistentAI: Heartbeat sent
💓 PersistentAI: Heartbeat acknowledged (1758174845590)
💓 PersistentAI: Heartbeat sent
💓 PersistentAI: Heartbeat acknowledged (1758174855590)
💓 PersistentAI: Heartbeat sent
💓 PersistentAI: Heartbeat acknowledged (1758174865591)
💓 PersistentAI: Heartbeat sent
💓 PersistentAI: Heartbeat acknowledged (1758174875593)
💓 PersistentAI: Heartbeat sent
💓 PersistentAI: Heartbeat acknowledged (1758174885594)
💓 PersistentAI: Heartbeat sent
💓 PersistentAI: Heartbeat acknowledged (1758174895595)
💓 PersistentAI: Heartbeat sent
💓 PersistentAI: Heartbeat acknowledged (1758174905596)
💓 PersistentAI: Heartbeat sent
💓 PersistentAI: Heartbeat acknowledged (1758174915596)
💓 PersistentAI: Heartbeat sent
💓 PersistentAI: Heartbeat acknowledged (1758174925598)
💓 PersistentAI: Heartbeat sent
💓 PersistentAI: Heartbeat acknowledged (1758174935604)
💓 PersistentAI: Heartbeat sent
💓 PersistentAI: Heartbeat acknowledged (1758174945601)
💓 PersistentAI: Heartbeat sent
💓 PersistentAI: Heartbeat acknowledged (1758174955602)
💓 PersistentAI: Heartbeat sent
💓 PersistentAI: Heartbeat acknowledged (1758174965605)
💓 PersistentAI: Heartbeat sent
💓 PersistentAI: Heartbeat acknowledged (1758174975610)
💓 PersistentAI: Heartbeat sent
💓 PersistentAI: Heartbeat acknowledged (1758174985603)
💓 PersistentAI: Heartbeat sent
💓 PersistentAI: Heartbeat acknowledged (1758174995608)
💓 PersistentAI: Heartbeat sent
💓 PersistentAI: Heartbeat acknowledged (1758175005605)
💓 PersistentAI: Heartbeat sent
💓 PersistentAI: Heartbeat acknowledged (1758175015605)
💓 PersistentAI: Heartbeat sent
💓 PersistentAI: Heartbeat acknowledged (1758175025609)
💓 PersistentAI: Heartbeat sent
💓 PersistentAI: Heartbeat acknowledged (1758175035610)
💓 PersistentAI: Heartbeat sent
💓 PersistentAI: Heartbeat acknowledged (1758175045612)
💓 PersistentAI: Heartbeat sent
💓 PersistentAI: Heartbeat acknowledged (1758175055612)
💓 PersistentAI: Heartbeat sent
💓 PersistentAI: Heartbeat acknowledged (1758175065614)
💓 PersistentAI: Heartbeat sent
💓 PersistentAI: Heartbeat acknowledged (1758175075617)
💓 PersistentAI: Heartbeat sent
💓 PersistentAI: Heartbeat acknowledged (1758175085617)
💓 PersistentAI: Heartbeat sent
💓 PersistentAI: Heartbeat acknowledged (1758175095621)
💓 PersistentAI: Heartbeat sent
💓 PersistentAI: Heartbeat acknowledged (1758175105628)
💓 PersistentAI: Heartbeat sent
💓 PersistentAI: Heartbeat acknowledged (1758175115621)
💓 PersistentAI: Heartbeat sent
💓 PersistentAI: Heartbeat acknowledged (1758175125623)
💓 PersistentAI: Heartbeat sent
💓 PersistentAI: Heartbeat acknowledged (1758175135625)
💓 PersistentAI: Heartbeat sent
💓 PersistentAI: Heartbeat acknowledged (1758175145628)
💓 PersistentAI: Heartbeat sent
💓 PersistentAI: Heartbeat acknowledged (1758175155636)
💓 PersistentAI: Heartbeat sent
💓 PersistentAI: Heartbeat acknowledged (1758175165633)
💓 PersistentAI: Heartbeat sent
💓 PersistentAI: Heartbeat acknowledged (1758175175635)
💓 PersistentAI: Heartbeat sent
💓 PersistentAI: Heartbeat acknowledged (1758175185637)
💓 PersistentAI: Heartbeat sent
💓 PersistentAI: Heartbeat acknowledged (1758175195636)
💓 PersistentAI: Heartbeat sent
💓 PersistentAI: Heartbeat acknowledged (1758175205638)
💓 PersistentAI: Heartbeat sent
💓 PersistentAI: Heartbeat acknowledged (1758175215638)
💓 PersistentAI: Heartbeat sent
💓 PersistentAI: Heartbeat acknowledged (1758175225639)
💓 PersistentAI: Heartbeat sent
💓 PersistentAI: Heartbeat acknowledged (1758175235639)
💓 PersistentAI: Heartbeat sent
💓 PersistentAI: Heartbeat acknowledged (1758175245640)
💓 PersistentAI: Heartbeat sent
💓 PersistentAI: Heartbeat acknowledged (1758175255645)
💓 PersistentAI: Heartbeat sent
💓 PersistentAI: Heartbeat acknowledged (1758175265647)
💓 PersistentAI: Heartbeat sent
💓 PersistentAI: Heartbeat acknowledged (1758175275648)
💓 PersistentAI: Heartbeat sent
💓 PersistentAI: Heartbeat acknowledged (1758175285650)
💓 PersistentAI: Heartbeat sent
💓 PersistentAI: Heartbeat acknowledged (1758175295650)
💓 PersistentAI: Heartbeat sent
💓 PersistentAI: Heartbeat acknowledged (1758175305650)
💓 PersistentAI: Heartbeat sent
💓 PersistentAI: Heartbeat acknowledged (1758175315652)
💓 PersistentAI: Heartbeat sent
💓 PersistentAI: Heartbeat acknowledged (1758175325656)
💓 PersistentAI: Heartbeat sent
💓 PersistentAI: Heartbeat acknowledged (1758175335654)
💓 PersistentAI: Heartbeat sent
💓 PersistentAI: Heartbeat acknowledged (1758175345654)
💓 PersistentAI: Heartbeat sent
💓 PersistentAI: Heartbeat acknowledged (1758175355656)
💓 PersistentAI: Heartbeat sent
💓 PersistentAI: Heartbeat acknowledged (1758175365657)
💓 PersistentAI: Heartbeat sent
💓 PersistentAI: Heartbeat acknowledged (1758175375659)
💓 PersistentAI: Heartbeat sent
💓 PersistentAI: Heartbeat acknowledged (1758175385659)
💓 PersistentAI: Heartbeat sent
💓 PersistentAI: Heartbeat acknowledged (1758175395662)
💓 PersistentAI: Heartbeat sent
💓 PersistentAI: Heartbeat acknowledged (1758175405663)
💓 PersistentAI: Heartbeat sent
💓 PersistentAI: Heartbeat acknowledged (1758175415667)
💓 PersistentAI: Heartbeat sent
💓 PersistentAI: Heartbeat acknowledged (1758175425668)
💓 PersistentAI: Heartbeat sent
💓 PersistentAI: Heartbeat acknowledged (1758175435669)
💓 PersistentAI: Heartbeat sent
💓 PersistentAI: Heartbeat acknowledged (1758175445672)
💓 PersistentAI: Heartbeat sent
💓 PersistentAI: Heartbeat acknowledged (1758175455670)
💓 PersistentAI: Heartbeat sent
💓 PersistentAI: Heartbeat acknowledged (1758175465671)
💓 PersistentAI: Heartbeat sent
💓 PersistentAI: Heartbeat acknowledged (1758175475673)
💓 PersistentAI: Heartbeat sent
💓 PersistentAI: Heartbeat acknowledged (1758175485675)
💓 PersistentAI: Heartbeat sent
💓 PersistentAI: Heartbeat acknowledged (1758175495675)
💓 PersistentAI: Heartbeat sent
💓 PersistentAI: Heartbeat acknowledged (1758175505675)
💓 PersistentAI: Heartbeat sent
💓 PersistentAI: Heartbeat acknowledged (1758175515677)
💓 PersistentAI: Heartbeat sent
💓 PersistentAI: Heartbeat acknowledged (1758175525676)
💓 PersistentAI: Heartbeat sent
💓 PersistentAI: Heartbeat acknowledged (1758175535678)
💓 PersistentAI: Heartbeat sent
💓 PersistentAI: Heartbeat acknowledged (1758175545686)
💓 PersistentAI: Heartbeat sent
💓 PersistentAI: Heartbeat acknowledged (1758175555687)
💓 PersistentAI: Heartbeat sent
💓 PersistentAI: Heartbeat acknowledged (1758175565689)
💓 PersistentAI: Heartbeat sent
💓 PersistentAI: Heartbeat acknowledged (1758175575690)
💓 PersistentAI: Heartbeat sent
💓 PersistentAI: Heartbeat acknowledged (1758175585691)
💓 PersistentAI: Heartbeat sent
💓 PersistentAI: Heartbeat acknowledged (1758175595693)
💓 PersistentAI: Heartbeat sent
💓 PersistentAI: Heartbeat acknowledged (1758175605692)
💓 PersistentAI: Heartbeat sent
💓 PersistentAI: Heartbeat acknowledged (1758175615696)
💓 PersistentAI: Heartbeat sent
💓 PersistentAI: Heartbeat acknowledged (1758175625696)
💓 PersistentAI: Heartbeat sent
💓 PersistentAI: Heartbeat acknowledged (1758175635697)
💓 PersistentAI: Heartbeat sent
💓 PersistentAI: Heartbeat acknowledged (1758175645697)
💓 PersistentAI: Heartbeat sent
💓 PersistentAI: Heartbeat acknowledged (1758175655700)
💓 PersistentAI: Heartbeat sent
💓 PersistentAI: Heartbeat acknowledged (1758175665703)
💓 PersistentAI: Heartbeat sent
💓 PersistentAI: Heartbeat acknowledged (1758175675705)
💓 PersistentAI: Heartbeat sent
💓 PersistentAI: Heartbeat acknowledged (1758175685705)
💓 PersistentAI: Heartbeat sent
💓 PersistentAI: Heartbeat acknowledged (1758175695706)
💓 PersistentAI: Heartbeat sent
💓 PersistentAI: Heartbeat acknowledged (1758175705706)
💓 PersistentAI: Heartbeat sent
💓 PersistentAI: Heartbeat acknowledged (1758175715708)
💓 PersistentAI: Heartbeat sent
💓 PersistentAI: Heartbeat acknowledged (1758175725710)
💓 PersistentAI: Heartbeat sent
💓 PersistentAI: Heartbeat acknowledged (1758175735709)
💓 PersistentAI: Heartbeat sent
💓 PersistentAI: Heartbeat acknowledged (1758175745711)
💓 PersistentAI: Heartbeat sent
💓 PersistentAI: Heartbeat acknowledged (1758175755712)
💓 PersistentAI: Heartbeat sent
💓 PersistentAI: Heartbeat acknowledged (1758175765714)
💓 PersistentAI: Heartbeat sent
💓 PersistentAI: Heartbeat acknowledged (1758175775715)
💓 PersistentAI: Heartbeat sent
💓 PersistentAI: Heartbeat acknowledged (1758175785715)
💓 PersistentAI: Heartbeat sent
💓 PersistentAI: Heartbeat acknowledged (1758175795717)
💓 PersistentAI: Heartbeat sent
💓 PersistentAI: Heartbeat acknowledged (1758175805722)
💓 PersistentAI: Heartbeat sent
💓 PersistentAI: Heartbeat acknowledged (1758175815722)
💓 PersistentAI: Heartbeat sent
💓 PersistentAI: Heartbeat acknowledged (1758175825723)
💓 PersistentAI: Heartbeat sent
💓 PersistentAI: Heartbeat acknowledged (1758175835724)
💓 PersistentAI: Heartbeat sent
💓 PersistentAI: Heartbeat acknowledged (1758175845734)
💓 PersistentAI: Heartbeat sent
💓 PersistentAI: Heartbeat acknowledged (1758175855755)
💓 PersistentAI: Heartbeat sent
💓 PersistentAI: Heartbeat acknowledged (1758175865765)
💓 PersistentAI: Heartbeat sent
💓 PersistentAI: Heartbeat acknowledged (1758175875772)
💓 PersistentAI: Heartbeat sent
💓 PersistentAI: Heartbeat acknowledged (1758175885775)
💓 PersistentAI: Heartbeat sent
💓 PersistentAI: Heartbeat acknowledged (1758175895778)
💓 PersistentAI: Heartbeat sent
💓 PersistentAI: Heartbeat acknowledged (1758175905780)
💓 PersistentAI: Heartbeat sent
💓 PersistentAI: Heartbeat acknowledged (1758175915781)
💓 PersistentAI: Heartbeat sent
💓 PersistentAI: Heartbeat acknowledged (1758175925782)
💓 PersistentAI: Heartbeat sent
💓 PersistentAI: Heartbeat acknowledged (1758175935794)
💓 PersistentAI: Heartbeat sent
💓 PersistentAI: Heartbeat acknowledged (1758175945791)
💓 PersistentAI: Heartbeat sent
💓 PersistentAI: Heartbeat acknowledged (1758175955795)
💓 PersistentAI: Heartbeat sent
💓 PersistentAI: Heartbeat acknowledged (1758175965796)
💓 PersistentAI: Heartbeat sent
💓 PersistentAI: Heartbeat acknowledged (1758175975797)
💓 PersistentAI: Heartbeat sent
💓 PersistentAI: Heartbeat acknowledged (1758175985797)
💓 PersistentAI: Heartbeat sent
💓 PersistentAI: Heartbeat acknowledged (1758175995800)
💓 PersistentAI: Heartbeat sent
💓 PersistentAI: Heartbeat acknowledged (1758176005800)
💓 PersistentAI: Heartbeat sent
💓 PersistentAI: Heartbeat acknowledged (1758176015802)
💓 PersistentAI: Heartbeat sent
💓 PersistentAI: Heartbeat acknowledged (1758176025804)
💓 PersistentAI: Heartbeat sent
💓 PersistentAI: Heartbeat acknowledged (1758176035806)
💓 PersistentAI: Heartbeat sent
💓 PersistentAI: Heartbeat acknowledged (1758176045807)
💓 PersistentAI: Heartbeat sent
💓 PersistentAI: Heartbeat acknowledged (1758176055808)
💓 PersistentAI: Heartbeat sent
💓 PersistentAI: Heartbeat acknowledged (1758176065810)
💓 PersistentAI: Heartbeat sent
💓 PersistentAI: Heartbeat acknowledged (1758176075813)
💓 PersistentAI: Heartbeat sent
💓 PersistentAI: Heartbeat acknowledged (1758176085814)
💓 PersistentAI: Heartbeat sent
💓 PersistentAI: Heartbeat acknowledged (1758176095816)
💓 PersistentAI: Heartbeat sent
💓 PersistentAI: Heartbeat acknowledged (1758176105816)
💓 PersistentAI: Heartbeat sent
💓 PersistentAI: Heartbeat acknowledged (1758176115818)
💓 PersistentAI: Heartbeat sent
💓 PersistentAI: Heartbeat acknowledged (1758176125819)
💓 PersistentAI: Heartbeat sent
💓 PersistentAI: Heartbeat acknowledged (1758176135823)
💓 PersistentAI: Heartbeat sent
💓 PersistentAI: Heartbeat acknowledged (1758176145824)
💓 PersistentAI: Heartbeat sent
💓 PersistentAI: Heartbeat acknowledged (1758176155824)
💓 PersistentAI: Heartbeat sent
💓 PersistentAI: Heartbeat acknowledged (1758176165825)
💓 PersistentAI: Heartbeat sent
💓 PersistentAI: Heartbeat acknowledged (1758176175827)
💓 PersistentAI: Heartbeat sent
💓 PersistentAI: Heartbeat acknowledged (1758176185828)
💓 PersistentAI: Heartbeat sent
💓 PersistentAI: Heartbeat acknowledged (1758176195829)
💓 PersistentAI: Heartbeat sent
💓 PersistentAI: Heartbeat acknowledged (1758176205830)
💓 PersistentAI: Heartbeat sent
💓 PersistentAI: Heartbeat acknowledged (1758176215832)
💓 PersistentAI: Heartbeat sent
💓 PersistentAI: Heartbeat acknowledged (1758176225834)
💓 PersistentAI: Heartbeat sent
💓 PersistentAI: Heartbeat acknowledged (1758176235835)
💓 PersistentAI: Heartbeat sent
💓 PersistentAI: Heartbeat acknowledged (1758176245836)
💓 PersistentAI: Heartbeat sent
💓 PersistentAI: Heartbeat acknowledged (1758176255839)
💓 PersistentAI: Heartbeat sent
💓 PersistentAI: Heartbeat acknowledged (1758176265839)
💓 PersistentAI: Heartbeat sent
💓 PersistentAI: Heartbeat acknowledged (1758176275841)
💓 PersistentAI: Heartbeat sent
💓 PersistentAI: Heartbeat acknowledged (1758176285842)
💓 PersistentAI: Heartbeat sent
💓 PersistentAI: Heartbeat acknowledged (1758176295844)
💓 PersistentAI: Heartbeat sent
💓 PersistentAI: Heartbeat acknowledged (1758176305845)
💓 PersistentAI: Heartbeat sent
💓 PersistentAI: Heartbeat acknowledged (1758176315846)
💓 PersistentAI: Heartbeat sent
💓 PersistentAI: Heartbeat acknowledged (1758176325848)
💓 PersistentAI: Heartbeat sent
💓 PersistentAI: Heartbeat acknowledged (1758176335849)
💓 PersistentAI: Heartbeat sent
💓 PersistentAI: Heartbeat acknowledged (1758176345850)
💓 PersistentAI: Heartbeat sent
💓 PersistentAI: Heartbeat acknowledged (1758176355850)
💓 PersistentAI: Heartbeat sent
💓 PersistentAI: Heartbeat acknowledged (1758176365851)
💓 PersistentAI: Heartbeat sent
💓 PersistentAI: Heartbeat acknowledged (1758176375853)
💓 PersistentAI: Heartbeat sent
💓 PersistentAI: Heartbeat acknowledged (1758176385854)
💓 PersistentAI: Heartbeat sent
💓 PersistentAI: Heartbeat acknowledged (1758176395857)
💓 PersistentAI: Heartbeat sent
💓 PersistentAI: Heartbeat acknowledged (1758176405858)
💓 PersistentAI: Heartbeat sent
💓 PersistentAI: Heartbeat acknowledged (1758176415859)
💓 PersistentAI: Heartbeat sent
💓 PersistentAI: Heartbeat acknowledged (1758176425860)
💓 PersistentAI: Heartbeat sent
💓 PersistentAI: Heartbeat acknowledged (1758176435871)
💓 PersistentAI: Heartbeat sent
💓 PersistentAI: Heartbeat acknowledged (1758176445877)
💓 PersistentAI: Heartbeat sent
💓 PersistentAI: Heartbeat acknowledged (1758176455882)
💓 PersistentAI: Heartbeat sent
💓 PersistentAI: Heartbeat acknowledged (1758176465872)
💓 PersistentAI: Heartbeat sent
💓 PersistentAI: Heartbeat acknowledged (1758176475873)
💓 PersistentAI: Heartbeat sent
💓 PersistentAI: Heartbeat acknowledged (1758176485874)
💓 PersistentAI: Heartbeat sent
💓 PersistentAI: Heartbeat acknowledged (1758176495877)
💓 PersistentAI: Heartbeat sent
💓 PersistentAI: Heartbeat acknowledged (1758176505879)
💓 PersistentAI: Heartbeat sent
💓 PersistentAI: Heartbeat acknowledged (1758176515881)
💓 PersistentAI: Heartbeat sent
💓 PersistentAI: Heartbeat acknowledged (1758176525882)
💓 PersistentAI: Heartbeat sent
💓 PersistentAI: Heartbeat acknowledged (1758176535885)
💓 PersistentAI: Heartbeat sent
💓 PersistentAI: Heartbeat acknowledged (1758176545884)
💓 PersistentAI: Heartbeat sent
💓 PersistentAI: Heartbeat acknowledged (1758176555892)
💓 PersistentAI: Heartbeat sent
💓 PersistentAI: Heartbeat acknowledged (1758176565901)
💓 PersistentAI: Heartbeat sent
💓 PersistentAI: Heartbeat acknowledged (1758176575902)
💓 PersistentAI: Heartbeat sent
💓 PersistentAI: Heartbeat acknowledged (1758176585903)
💓 PersistentAI: Heartbeat sent
💓 PersistentAI: Heartbeat acknowledged (1758176595905)
💓 PersistentAI: Heartbeat sent
💓 PersistentAI: Heartbeat acknowledged (1758176605908)
💓 PersistentAI: Heartbeat sent
💓 PersistentAI: Heartbeat acknowledged (1758176615906)
💓 PersistentAI: Heartbeat sent
💓 PersistentAI: Heartbeat acknowledged (1758176625906)
💓 PersistentAI: Heartbeat sent
💓 PersistentAI: Heartbeat acknowledged (1758176635908)
💓 PersistentAI: Heartbeat sent
💓 PersistentAI: Heartbeat acknowledged (1758176645908)
💓 PersistentAI: Heartbeat sent
💓 PersistentAI: Heartbeat acknowledged (1758176655908)
💓 PersistentAI: Heartbeat sent
💓 PersistentAI: Heartbeat acknowledged (1758176665912)
💓 PersistentAI: Heartbeat sent
💓 PersistentAI: Heartbeat acknowledged (1758176675910)
💓 PersistentAI: Heartbeat sent
💓 PersistentAI: Heartbeat acknowledged (1758176685912)
💓 PersistentAI: Heartbeat sent
💓 PersistentAI: Heartbeat acknowledged (1758176695912)
💓 PersistentAI: Heartbeat sent
💓 PersistentAI: Heartbeat acknowledged (1758176705913)
💓 PersistentAI: Heartbeat sent
💓 PersistentAI: Heartbeat acknowledged (1758176715914)
💓 PersistentAI: Heartbeat sent
💓 PersistentAI: Heartbeat acknowledged (1758176725916)
💓 PersistentAI: Heartbeat sent
💓 PersistentAI: Heartbeat acknowledged (1758176735916)
💓 PersistentAI: Heartbeat sent
💓 PersistentAI: Heartbeat acknowledged (1758176745921)
💓 PersistentAI: Heartbeat sent
💓 PersistentAI: Heartbeat acknowledged (1758176755922)
💓 PersistentAI: Heartbeat sent
💓 PersistentAI: Heartbeat acknowledged (1758176765923)
💓 PersistentAI: Heartbeat sent
💓 PersistentAI: Heartbeat acknowledged (1758176775925)
💓 PersistentAI: Heartbeat sent
💓 PersistentAI: Heartbeat acknowledged (1758176785927)
💓 PersistentAI: Heartbeat sent
💓 PersistentAI: Heartbeat acknowledged (1758176795930)
💓 PersistentAI: Heartbeat sent
💓 PersistentAI: Heartbeat acknowledged (1758176805928)
