2025-09-18T07:30:19.610Z [[32minfo[39m]: ⏰ Grace period started for test_FinalTestAI_1758173624985 in room 2J47R2 (2 minutes)
2025-09-18T07:30:19.612Z [[32minfo[39m]: 🔄 Restored room 2J47R2 with 1 disconnected players
2025-09-18T07:30:19.612Z [[32minfo[39m]: 📁 Loaded 1 persisted rooms from disk
2025-09-18T07:30:19.612Z [[32minfo[39m]: 🎮 3D Chess Game Server initialized with persistence
2025-09-18T07:30:19.613Z [[32minfo[39m]: 🚀 3D Chess Server listening on port 3000
2025-09-18T07:30:19.613Z [[32minfo[39m]: 🌐 Server URL: http://localhost:3000
2025-09-18T07:30:19.614Z [[32minfo[39m]: 💡 Ready for Unity Socket.IO connections
2025-09-18T07:30:19.614Z [[32minfo[39m]: 🎮 Environment: development
2025-09-18T07:30:49.616Z [[34mdebug[39m]: 💾 Saved 1 rooms to disk
2025-09-18T07:31:19.615Z [[34mdebug[39m]: 💾 Saved 1 rooms to disk
2025-09-18T07:31:49.622Z [[34mdebug[39m]: 💾 Saved 1 rooms to disk
2025-09-18T07:32:19.610Z [[32minfo[39m]: ⏰ Grace period expired for FinalTestAI in room 2J47R2
2025-09-18T07:32:19.611Z [[34mdebug[39m]: ⏹️ Cancelled grace period for player test_FinalTestAI_1758173624985
2025-09-18T07:32:19.611Z [[32minfo[39m]: 🗑️ Room 2J47R2 empty after grace period - cleaning up
2025-09-18T07:32:19.611Z [[32minfo[39m]: 🗑️ Room 2J47R2 completely cleaned up
2025-09-18T07:32:19.622Z [[34mdebug[39m]: 💾 Saved 0 rooms to disk
2025-09-18T07:32:49.623Z [[34mdebug[39m]: 💾 Saved 0 rooms to disk
2025-09-18T07:32:56.490Z [[32minfo[39m]: 🔍 === CONNECTION ATTEMPT ANALYSIS ===
2025-09-18T07:32:56.490Z [[32minfo[39m]: 🔍 Socket ID: v38cmcmBJhH3wUrbAAAB
2025-09-18T07:32:56.490Z [[32minfo[39m]: 🔍 IP Address: ::1
2025-09-18T07:32:56.490Z [[32minfo[39m]: 🔍 User Agent: Mozilla/5.0 (Macintosh; Intel Mac OS X 10_15_7) AppleWebKit/537.36 (KHTML, like Gecko) Chrome/140.0.0.0 Safari/537.36
2025-09-18T07:32:56.490Z [[32minfo[39m]: 🔍 Query Parameters:
2025-09-18T07:32:56.491Z [[32minfo[39m]: 🔍 Headers:
2025-09-18T07:32:56.491Z [[32minfo[39m]: 🔍 Transport: polling
2025-09-18T07:32:56.491Z [[32minfo[39m]: 🔍 ==========================================
2025-09-18T07:32:56.491Z [[32minfo[39m]: ✅ Authentication successful for WebPlayer (web_1758180776324) - Client: NodeJS
2025-09-18T07:32:56.493Z [[32minfo[39m]: 🔌 Player connected: WebPlayer (v38cmcmBJhH3wUrbAAAB) from ::1 - Client: NodeJS
2025-09-18T07:33:19.625Z [[34mdebug[39m]: 💾 Saved 0 rooms to disk
2025-09-18T07:33:27.018Z [[32minfo[39m]: 🏠 Room created: EWGS4G by WebPlayer
2025-09-18T07:33:27.021Z [[32minfo[39m]: ✅ Room created successfully: EWGS4G
2025-09-18T07:33:49.626Z [[34mdebug[39m]: 💾 Saved 1 rooms to disk
2025-09-18T07:34:19.627Z [[34mdebug[39m]: 💾 Saved 1 rooms to disk
2025-09-18T07:34:49.628Z [[34mdebug[39m]: 💾 Saved 1 rooms to disk
2025-09-18T07:35:12.900Z [[32minfo[39m]: 🔌 Player disconnected: WebPlayer (transport close) from ::1
2025-09-18T07:35:12.901Z [[32minfo[39m]: 📞 Network disconnect detected for WebPlayer - applying grace period
2025-09-18T07:35:12.901Z [[32minfo[39m]: 📞 Player WebPlayer disconnected from room EWGS4G - starting grace period
2025-09-18T07:35:12.901Z [[32minfo[39m]: ⏰ Grace period started for web_1758180776324 in room EWGS4G (2 minutes)
2025-09-18T07:35:13.640Z [[32minfo[39m]: 🔍 === CONNECTION ATTEMPT ANALYSIS ===
2025-09-18T07:35:13.640Z [[32minfo[39m]: 🔍 Socket ID: 4IgXuYzAA4NwTKMHAAAD
2025-09-18T07:35:13.640Z [[32minfo[39m]: 🔍 IP Address: ::1
2025-09-18T07:35:13.640Z [[32minfo[39m]: 🔍 User Agent: Mozilla/5.0 (Macintosh; Intel Mac OS X 10_15_7) AppleWebKit/537.36 (KHTML, like Gecko) Chrome/140.0.0.0 Safari/537.36
2025-09-18T07:35:13.641Z [[32minfo[39m]: 🔍 Query Parameters:
2025-09-18T07:35:13.641Z [[32minfo[39m]: 🔍 Headers:
2025-09-18T07:35:13.641Z [[32minfo[39m]: 🔍 Transport: polling
2025-09-18T07:35:13.641Z [[32minfo[39m]: 🔍 ==========================================
2025-09-18T07:35:13.641Z [[32minfo[39m]: ✅ Authentication successful for WebPlayer (web_1758180776324) - Client: NodeJS
2025-09-18T07:35:13.641Z [[32minfo[39m]: 🔌 Player connected: WebPlayer (4IgXuYzAA4NwTKMHAAAD) from ::1 - Client: NodeJS
2025-09-18T07:35:19.633Z [[34mdebug[39m]: 💾 Saved 1 rooms to disk
2025-09-18T07:45:12.633Z [[32minfo[39m]: 🔌 Player disconnected: WebPlayer (transport close) from ::1
2025-09-18T07:45:12.633Z [[34mdebug[39m]: 💾 Saved 1 rooms to disk
2025-09-18T07:45:12.633Z [[32minfo[39m]: ⏰ Grace period expired for WebPlayer in room EWGS4G
2025-09-18T07:45:12.633Z [[34mdebug[39m]: ⏹️ Cancelled grace period for player web_1758180776324
2025-09-18T07:45:12.633Z [[32minfo[39m]: 🗑️ Room EWGS4G empty after grace period - cleaning up
2025-09-18T07:45:12.633Z [[32minfo[39m]: 🗑️ Room EWGS4G completely cleaned up
2025-09-18T07:45:42.660Z [[34mdebug[39m]: 💾 Saved 0 rooms to disk
2025-09-18T07:46:40.423Z [[34mdebug[39m]: 💾 Saved 0 rooms to disk
2025-09-18T07:47:08.651Z [[34mdebug[39m]: 💾 Saved 0 rooms to disk
2025-09-18T07:48:21.632Z [[34mdebug[39m]: 💾 Saved 0 rooms to disk
2025-09-18T07:48:51.634Z [[34mdebug[39m]: 💾 Saved 0 rooms to disk
2025-09-18T09:19:21.118Z [[34mdebug[39m]: 💾 Saved 0 rooms to disk
2025-09-18T09:19:51.118Z [[34mdebug[39m]: 💾 Saved 0 rooms to disk
2025-09-18T09:36:39.924Z [[34mdebug[39m]: 💾 Saved 0 rooms to disk
2025-09-18T09:42:24.027Z [[34mdebug[39m]: 💾 Saved 0 rooms to disk
2025-09-18T09:42:54.029Z [[34mdebug[39m]: 💾 Saved 0 rooms to disk
2025-09-18T10:45:41.027Z [[34mdebug[39m]: 💾 Saved 0 rooms to disk
2025-09-18T10:57:23.195Z [[34mdebug[39m]: 💾 Saved 0 rooms to disk
2025-09-18T10:57:52.439Z [[34mdebug[39m]: 💾 Saved 0 rooms to disk
2025-09-18T12:35:27.400Z [[34mdebug[39m]: 💾 Saved 0 rooms to disk
2025-09-18T12:35:57.400Z [[34mdebug[39m]: 💾 Saved 0 rooms to disk
2025-09-18T13:01:17.096Z [[34mdebug[39m]: 💾 Saved 0 rooms to disk
2025-09-18T13:30:25.593Z [[34mdebug[39m]: 💾 Saved 0 rooms to disk
2025-09-18T13:30:55.598Z [[34mdebug[39m]: 💾 Saved 0 rooms to disk
2025-09-18T13:33:39.557Z [[34mdebug[39m]: 💾 Saved 0 rooms to disk
2025-09-18T13:39:04.306Z [[34mdebug[39m]: 💾 Saved 0 rooms to disk
2025-09-18T13:39:34.273Z [[34mdebug[39m]: 💾 Saved 0 rooms to disk
2025-09-18T15:17:33.124Z [[34mdebug[39m]: 💾 Saved 0 rooms to disk
2025-09-18T15:18:03.155Z [[34mdebug[39m]: 💾 Saved 0 rooms to disk
2025-09-18T15:34:36.733Z [[34mdebug[39m]: 💾 Saved 0 rooms to disk
2025-09-18T15:45:18.478Z [[34mdebug[39m]: 💾 Saved 0 rooms to disk
2025-09-18T15:45:48.479Z [[34mdebug[39m]: 💾 Saved 0 rooms to disk
2025-09-18T15:57:20.957Z [[34mdebug[39m]: 💾 Saved 0 rooms to disk
2025-09-18T15:57:50.966Z [[34mdebug[39m]: 💾 Saved 0 rooms to disk
2025-09-18T16:28:16.022Z [[34mdebug[39m]: 💾 Saved 0 rooms to disk
2025-09-18T16:28:46.029Z [[34mdebug[39m]: 💾 Saved 0 rooms to disk
2025-09-18T16:29:16.032Z [[34mdebug[39m]: 💾 Saved 0 rooms to disk
2025-09-18T16:29:49.246Z [[34mdebug[39m]: 💾 Saved 0 rooms to disk
2025-09-18T16:30:40.877Z [[34mdebug[39m]: 💾 Saved 0 rooms to disk
2025-09-18T16:35:38.703Z [[34mdebug[39m]: 💾 Saved 0 rooms to disk
2025-09-18T16:37:32.346Z [[34mdebug[39m]: 💾 Saved 0 rooms to disk
2025-09-18T16:39:49.029Z [[34mdebug[39m]: 💾 Saved 0 rooms to disk
2025-09-18T16:41:06.432Z [[34mdebug[39m]: 💾 Saved 0 rooms to disk
2025-09-18T16:41:40.908Z [[34mdebug[39m]: 💾 Saved 0 rooms to disk
2025-09-18T16:42:26.104Z [[34mdebug[39m]: 💾 Saved 0 rooms to disk
2025-09-18T16:44:19.453Z [[34mdebug[39m]: 💾 Saved 0 rooms to disk
2025-09-18T16:44:54.937Z [[34mdebug[39m]: 💾 Saved 0 rooms to disk
2025-09-18T16:45:44.079Z [[34mdebug[39m]: 💾 Saved 0 rooms to disk
2025-09-18T16:46:18.456Z [[34mdebug[39m]: 💾 Saved 0 rooms to disk
2025-09-18T16:46:59.262Z [[34mdebug[39m]: 💾 Saved 0 rooms to disk
2025-09-18T16:47:29.904Z [[34mdebug[39m]: 💾 Saved 0 rooms to disk
2025-09-18T16:47:59.717Z [[34mdebug[39m]: 💾 Saved 0 rooms to disk
2025-09-18T16:48:53.139Z [[34mdebug[39m]: 💾 Saved 0 rooms to disk
2025-09-18T16:49:23.141Z [[34mdebug[39m]: 💾 Saved 0 rooms to disk
2025-09-18T16:50:03.045Z [[34mdebug[39m]: 💾 Saved 0 rooms to disk
2025-09-18T16:50:39.209Z [[34mdebug[39m]: 💾 Saved 0 rooms to disk
2025-09-18T16:51:11.505Z [[34mdebug[39m]: 💾 Saved 0 rooms to disk
2025-09-18T16:51:46.740Z [[34mdebug[39m]: 💾 Saved 0 rooms to disk
2025-09-18T16:52:16.739Z [[34mdebug[39m]: 💾 Saved 0 rooms to disk
2025-09-18T16:52:47.346Z [[34mdebug[39m]: 💾 Saved 0 rooms to disk
2025-09-18T16:53:41.116Z [[34mdebug[39m]: 💾 Saved 0 rooms to disk
2025-09-18T17:15:24.431Z [[34mdebug[39m]: 💾 Saved 0 rooms to disk
2025-09-18T17:15:54.417Z [[34mdebug[39m]: 💾 Saved 0 rooms to disk
2025-09-18T17:17:15.559Z [[34mdebug[39m]: 💾 Saved 0 rooms to disk
2025-09-18T17:17:45.559Z [[34mdebug[39m]: 💾 Saved 0 rooms to disk
2025-09-18T17:36:44.540Z [[34mdebug[39m]: 💾 Saved 0 rooms to disk
2025-09-18T18:17:12.078Z [[34mdebug[39m]: 💾 Saved 0 rooms to disk
2025-09-18T18:17:42.062Z [[34mdebug[39m]: 💾 Saved 0 rooms to disk
2025-09-18T18:19:00.427Z [[34mdebug[39m]: 💾 Saved 0 rooms to disk
2025-09-18T18:37:23.136Z [[34mdebug[39m]: 💾 Saved 0 rooms to disk
2025-09-18T18:37:52.905Z [[34mdebug[39m]: 💾 Saved 0 rooms to disk
2025-09-18T18:42:25.972Z [[34mdebug[39m]: 💾 Saved 0 rooms to disk
2025-09-18T18:53:24.873Z [[34mdebug[39m]: 💾 Saved 0 rooms to disk
2025-09-18T18:53:54.888Z [[34mdebug[39m]: 💾 Saved 0 rooms to disk
2025-09-18T19:00:03.039Z [[34mdebug[39m]: 💾 Saved 0 rooms to disk
2025-09-18T19:01:15.213Z [[34mdebug[39m]: 💾 Saved 0 rooms to disk
2025-09-18T19:01:45.214Z [[34mdebug[39m]: 💾 Saved 0 rooms to disk
2025-09-18T19:02:16.900Z [[34mdebug[39m]: 💾 Saved 0 rooms to disk
2025-09-18T19:02:48.322Z [[34mdebug[39m]: 💾 Saved 0 rooms to disk
2025-09-18T19:03:18.324Z [[34mdebug[39m]: 💾 Saved 0 rooms to disk
2025-09-18T19:04:01.704Z [[34mdebug[39m]: 💾 Saved 0 rooms to disk
2025-09-18T19:07:52.356Z [[34mdebug[39m]: 💾 Saved 0 rooms to disk
2025-09-18T19:08:37.962Z [[34mdebug[39m]: 💾 Saved 0 rooms to disk
2025-09-18T19:09:07.953Z [[34mdebug[39m]: 💾 Saved 0 rooms to disk
2025-09-18T19:09:42.121Z [[34mdebug[39m]: 💾 Saved 0 rooms to disk
2025-09-18T19:10:21.232Z [[34mdebug[39m]: 💾 Saved 0 rooms to disk
2025-09-18T19:13:46.136Z [[34mdebug[39m]: 💾 Saved 0 rooms to disk
2025-09-18T19:14:16.137Z [[34mdebug[39m]: 💾 Saved 0 rooms to disk
2025-09-18T19:18:32.410Z [[34mdebug[39m]: 💾 Saved 0 rooms to disk
2025-09-18T19:19:05.099Z [[34mdebug[39m]: 💾 Saved 0 rooms to disk
2025-09-18T19:22:16.149Z [[34mdebug[39m]: 💾 Saved 0 rooms to disk
2025-09-18T19:23:57.945Z [[34mdebug[39m]: 💾 Saved 0 rooms to disk
2025-09-18T19:24:27.948Z [[34mdebug[39m]: 💾 Saved 0 rooms to disk
2025-09-18T19:24:59.528Z [[34mdebug[39m]: 💾 Saved 0 rooms to disk
2025-09-18T19:25:30.961Z [[34mdebug[39m]: 💾 Saved 0 rooms to disk
2025-09-18T19:26:00.962Z [[34mdebug[39m]: 💾 Saved 0 rooms to disk
2025-09-18T19:26:34.310Z [[34mdebug[39m]: 💾 Saved 0 rooms to disk
2025-09-18T19:36:20.572Z [[34mdebug[39m]: 💾 Saved 0 rooms to disk
2025-09-18T19:36:50.575Z [[34mdebug[39m]: 💾 Saved 0 rooms to disk
2025-09-18T19:38:29.459Z [[34mdebug[39m]: 💾 Saved 0 rooms to disk
2025-09-18T19:47:29.871Z [[34mdebug[39m]: 💾 Saved 0 rooms to disk
2025-09-18T19:47:59.861Z [[34mdebug[39m]: 💾 Saved 0 rooms to disk
2025-09-18T20:03:07.807Z [[34mdebug[39m]: 💾 Saved 0 rooms to disk
2025-09-18T20:10:50.792Z [[34mdebug[39m]: 💾 Saved 0 rooms to disk
2025-09-18T20:14:58.967Z [[34mdebug[39m]: 💾 Saved 0 rooms to disk
2025-09-18T20:15:31.616Z [[34mdebug[39m]: 💾 Saved 0 rooms to disk
2025-09-18T20:16:02.313Z [[34mdebug[39m]: 💾 Saved 0 rooms to disk
2025-09-18T20:16:32.314Z [[34mdebug[39m]: 💾 Saved 0 rooms to disk
2025-09-18T20:18:01.121Z [[34mdebug[39m]: 💾 Saved 0 rooms to disk
2025-09-18T20:18:31.617Z [[34mdebug[39m]: 💾 Saved 0 rooms to disk
2025-09-18T20:19:01.614Z [[34mdebug[39m]: 💾 Saved 0 rooms to disk
2025-09-18T20:19:37.833Z [[34mdebug[39m]: 💾 Saved 0 rooms to disk
2025-09-18T20:21:59.964Z [[34mdebug[39m]: 💾 Saved 0 rooms to disk
2025-09-18T20:22:40.827Z [[34mdebug[39m]: 💾 Saved 0 rooms to disk
2025-09-18T20:23:59.465Z [[34mdebug[39m]: 💾 Saved 0 rooms to disk
2025-09-18T20:24:58.750Z [[34mdebug[39m]: 💾 Saved 0 rooms to disk
2025-09-18T20:25:28.752Z [[34mdebug[39m]: 💾 Saved 0 rooms to disk
2025-09-18T20:26:03.242Z [[34mdebug[39m]: 💾 Saved 0 rooms to disk
2025-09-18T20:26:53.127Z [[34mdebug[39m]: 💾 Saved 0 rooms to disk
2025-09-18T20:27:23.130Z [[34mdebug[39m]: 💾 Saved 0 rooms to disk
2025-09-18T20:27:58.155Z [[34mdebug[39m]: 💾 Saved 0 rooms to disk
2025-09-18T20:31:20.202Z [[34mdebug[39m]: 💾 Saved 0 rooms to disk
2025-09-18T20:32:27.780Z [[34mdebug[39m]: 💾 Saved 0 rooms to disk
2025-09-18T20:34:03.822Z [[34mdebug[39m]: 💾 Saved 0 rooms to disk
2025-09-18T20:38:01.808Z [[34mdebug[39m]: 💾 Saved 0 rooms to disk
2025-09-18T20:39:52.774Z [[34mdebug[39m]: 💾 Saved 0 rooms to disk
2025-09-18T20:42:26.944Z [[34mdebug[39m]: 💾 Saved 0 rooms to disk
2025-09-18T20:44:17.648Z [[34mdebug[39m]: 💾 Saved 0 rooms to disk
2025-09-18T20:51:27.297Z [[34mdebug[39m]: 💾 Saved 0 rooms to disk
2025-09-18T20:51:57.277Z [[34mdebug[39m]: 💾 Saved 0 rooms to disk
2025-09-18T20:53:29.361Z [[34mdebug[39m]: 💾 Saved 0 rooms to disk
2025-09-18T20:53:59.359Z [[34mdebug[39m]: 💾 Saved 0 rooms to disk
2025-09-18T21:01:06.053Z [[34mdebug[39m]: 💾 Saved 0 rooms to disk
2025-09-18T21:01:41.375Z [[34mdebug[39m]: 💾 Saved 0 rooms to disk
2025-09-18T21:02:13.068Z [[34mdebug[39m]: 💾 Saved 0 rooms to disk
2025-09-18T21:05:24.201Z [[34mdebug[39m]: 💾 Saved 0 rooms to disk
2025-09-18T21:31:38.554Z [[34mdebug[39m]: 💾 Saved 0 rooms to disk
2025-09-18T21:32:08.571Z [[34mdebug[39m]: 💾 Saved 0 rooms to disk
2025-09-18T21:34:10.295Z [[34mdebug[39m]: 💾 Saved 0 rooms to disk
2025-09-18T21:36:19.565Z [[34mdebug[39m]: 💾 Saved 0 rooms to disk
2025-09-18T21:39:20.415Z [[34mdebug[39m]: 💾 Saved 0 rooms to disk
2025-09-18T21:43:29.542Z [[34mdebug[39m]: 💾 Saved 0 rooms to disk
2025-09-18T21:44:23.382Z [[34mdebug[39m]: 💾 Saved 0 rooms to disk
2025-09-18T21:50:03.781Z [[34mdebug[39m]: 💾 Saved 0 rooms to disk
2025-09-18T21:50:33.771Z [[34mdebug[39m]: 💾 Saved 0 rooms to disk
2025-09-18T22:07:21.061Z [[34mdebug[39m]: 💾 Saved 0 rooms to disk
2025-09-18T22:25:34.456Z [[34mdebug[39m]: 💾 Saved 0 rooms to disk
2025-09-18T22:26:04.478Z [[34mdebug[39m]: 💾 Saved 0 rooms to disk
2025-09-18T22:40:20.213Z [[34mdebug[39m]: 💾 Saved 0 rooms to disk
2025-09-18T23:11:53.810Z [[34mdebug[39m]: 💾 Saved 0 rooms to disk
2025-09-18T23:12:02.385Z [[32minfo[39m]: 🔍 === CONNECTION ATTEMPT ANALYSIS ===
2025-09-18T23:12:02.386Z [[32minfo[39m]: 🔍 Socket ID: Ospxj-UtV71J7XV9AAAF
2025-09-18T23:12:02.386Z [[32minfo[39m]: 🔍 IP Address: ::1
2025-09-18T23:12:02.386Z [[32minfo[39m]: 🔍 User Agent: Mozilla/5.0 (Macintosh; Intel Mac OS X 10_15_7) AppleWebKit/537.36 (KHTML, like Gecko) Chrome/140.0.0.0 Safari/537.36
2025-09-18T23:12:02.386Z [[32minfo[39m]: 🔍 Query Parameters:
2025-09-18T23:12:02.386Z [[32minfo[39m]: 🔍 Headers:
2025-09-18T23:12:02.386Z [[32minfo[39m]: 🔍 Transport: polling
2025-09-18T23:12:02.386Z [[32minfo[39m]: 🔍 ==========================================
2025-09-18T23:12:02.386Z [[32minfo[39m]: ✅ Authentication successful for WebPlayer (web_1758180776324) - Client: NodeJS
2025-09-18T23:12:02.387Z [[32minfo[39m]: 🔌 Player connected: WebPlayer (Ospxj-UtV71J7XV9AAAF) from ::1 - Client: NodeJS
2025-09-18T23:12:23.810Z [[34mdebug[39m]: 💾 Saved 0 rooms to disk
2025-09-18T23:12:53.811Z [[34mdebug[39m]: 💾 Saved 0 rooms to disk
2025-09-18T23:13:23.812Z [[34mdebug[39m]: 💾 Saved 0 rooms to disk
2025-09-18T23:13:26.074Z [[32minfo[39m]: 🏠 Room created: NJEKJW by WebPlayer
2025-09-18T23:13:26.074Z [[32minfo[39m]: ✅ Room created successfully: NJEKJW
2025-09-18T23:13:53.813Z [[34mdebug[39m]: 💾 Saved 1 rooms to disk
2025-09-18T23:14:23.812Z [[34mdebug[39m]: 💾 Saved 1 rooms to disk
2025-09-18T23:14:53.813Z [[34mdebug[39m]: 💾 Saved 1 rooms to disk
2025-09-18T23:15:23.813Z [[34mdebug[39m]: 💾 Saved 1 rooms to disk
2025-09-18T23:15:53.812Z [[34mdebug[39m]: 💾 Saved 1 rooms to disk
2025-09-18T23:16:23.812Z [[34mdebug[39m]: 💾 Saved 1 rooms to disk
2025-09-18T23:16:53.812Z [[34mdebug[39m]: 💾 Saved 1 rooms to disk
2025-09-18T23:17:23.813Z [[34mdebug[39m]: 💾 Saved 1 rooms to disk
2025-09-18T23:17:53.813Z [[34mdebug[39m]: 💾 Saved 1 rooms to disk
2025-09-18T23:18:23.813Z [[34mdebug[39m]: 💾 Saved 1 rooms to disk
2025-09-18T23:18:53.814Z [[34mdebug[39m]: 💾 Saved 1 rooms to disk
2025-09-18T23:19:23.814Z [[34mdebug[39m]: 💾 Saved 1 rooms to disk
2025-09-18T23:19:53.827Z [[34mdebug[39m]: 💾 Saved 1 rooms to disk
2025-09-18T23:20:23.826Z [[34mdebug[39m]: 💾 Saved 1 rooms to disk
2025-09-18T23:20:53.826Z [[34mdebug[39m]: 💾 Saved 1 rooms to disk
2025-09-18T23:21:23.826Z [[34mdebug[39m]: 💾 Saved 1 rooms to disk
2025-09-18T23:21:53.827Z [[34mdebug[39m]: 💾 Saved 1 rooms to disk
2025-09-18T23:22:23.827Z [[34mdebug[39m]: 💾 Saved 1 rooms to disk
2025-09-18T23:22:53.828Z [[34mdebug[39m]: 💾 Saved 1 rooms to disk
2025-09-18T23:23:23.827Z [[34mdebug[39m]: 💾 Saved 1 rooms to disk
2025-09-18T23:23:53.826Z [[34mdebug[39m]: 💾 Saved 1 rooms to disk
2025-09-18T23:24:23.827Z [[34mdebug[39m]: 💾 Saved 1 rooms to disk
2025-09-18T23:24:53.828Z [[34mdebug[39m]: 💾 Saved 1 rooms to disk
2025-09-18T23:25:23.829Z [[34mdebug[39m]: 💾 Saved 1 rooms to disk
2025-09-18T23:25:53.828Z [[34mdebug[39m]: 💾 Saved 1 rooms to disk
2025-09-18T23:26:23.831Z [[34mdebug[39m]: 💾 Saved 1 rooms to disk
2025-09-18T23:26:53.830Z [[34mdebug[39m]: 💾 Saved 1 rooms to disk
2025-09-18T23:27:23.831Z [[34mdebug[39m]: 💾 Saved 1 rooms to disk
2025-09-18T23:27:53.831Z [[34mdebug[39m]: 💾 Saved 1 rooms to disk
2025-09-18T23:28:23.832Z [[34mdebug[39m]: 💾 Saved 1 rooms to disk
2025-09-18T23:28:53.831Z [[34mdebug[39m]: 💾 Saved 1 rooms to disk
2025-09-18T23:29:23.832Z [[34mdebug[39m]: 💾 Saved 1 rooms to disk
2025-09-18T23:29:53.834Z [[34mdebug[39m]: 💾 Saved 1 rooms to disk
2025-09-18T23:30:23.834Z [[34mdebug[39m]: 💾 Saved 1 rooms to disk
2025-09-18T23:30:53.835Z [[34mdebug[39m]: 💾 Saved 1 rooms to disk
2025-09-18T23:31:23.834Z [[34mdebug[39m]: 💾 Saved 1 rooms to disk
2025-09-18T23:31:53.836Z [[34mdebug[39m]: 💾 Saved 1 rooms to disk
2025-09-18T23:32:23.835Z [[34mdebug[39m]: 💾 Saved 1 rooms to disk
2025-09-18T23:32:53.838Z [[34mdebug[39m]: 💾 Saved 1 rooms to disk
2025-09-18T23:33:23.838Z [[34mdebug[39m]: 💾 Saved 1 rooms to disk
2025-09-18T23:33:53.838Z [[34mdebug[39m]: 💾 Saved 1 rooms to disk
2025-09-18T23:34:23.838Z [[34mdebug[39m]: 💾 Saved 1 rooms to disk
2025-09-18T23:34:53.839Z [[34mdebug[39m]: 💾 Saved 1 rooms to disk
2025-09-18T23:35:23.839Z [[34mdebug[39m]: 💾 Saved 1 rooms to disk
2025-09-18T23:35:53.843Z [[34mdebug[39m]: 💾 Saved 1 rooms to disk
2025-09-18T23:36:23.843Z [[34mdebug[39m]: 💾 Saved 1 rooms to disk
2025-09-18T23:36:53.843Z [[34mdebug[39m]: 💾 Saved 1 rooms to disk
2025-09-18T23:37:23.843Z [[34mdebug[39m]: 💾 Saved 1 rooms to disk
2025-09-18T23:37:53.843Z [[34mdebug[39m]: 💾 Saved 1 rooms to disk
2025-09-18T23:38:23.844Z [[34mdebug[39m]: 💾 Saved 1 rooms to disk
2025-09-18T23:38:53.844Z [[34mdebug[39m]: 💾 Saved 1 rooms to disk
2025-09-18T23:39:23.844Z [[34mdebug[39m]: 💾 Saved 1 rooms to disk
2025-09-18T23:39:53.844Z [[34mdebug[39m]: 💾 Saved 1 rooms to disk
2025-09-18T23:40:23.845Z [[34mdebug[39m]: 💾 Saved 1 rooms to disk
2025-09-18T23:40:53.845Z [[34mdebug[39m]: 💾 Saved 1 rooms to disk
2025-09-18T23:41:23.845Z [[34mdebug[39m]: 💾 Saved 1 rooms to disk
2025-09-18T23:41:53.845Z [[34mdebug[39m]: 💾 Saved 1 rooms to disk
2025-09-18T23:42:23.846Z [[34mdebug[39m]: 💾 Saved 1 rooms to disk
2025-09-18T23:42:53.847Z [[34mdebug[39m]: 💾 Saved 1 rooms to disk
2025-09-18T23:43:23.952Z [[34mdebug[39m]: 💾 Saved 1 rooms to disk
2025-09-18T23:43:53.953Z [[34mdebug[39m]: 💾 Saved 1 rooms to disk
2025-09-18T23:44:23.953Z [[34mdebug[39m]: 💾 Saved 1 rooms to disk
2025-09-18T23:44:53.955Z [[34mdebug[39m]: 💾 Saved 1 rooms to disk
2025-09-18T23:45:23.955Z [[34mdebug[39m]: 💾 Saved 1 rooms to disk
2025-09-18T23:45:53.957Z [[34mdebug[39m]: 💾 Saved 1 rooms to disk
2025-09-18T23:46:23.958Z [[34mdebug[39m]: 💾 Saved 1 rooms to disk
2025-09-18T23:46:53.960Z [[34mdebug[39m]: 💾 Saved 1 rooms to disk
2025-09-18T23:47:23.960Z [[34mdebug[39m]: 💾 Saved 1 rooms to disk
2025-09-18T23:47:35.099Z [[32minfo[39m]: 🔌 Player disconnected: WebPlayer (transport close) from ::1
2025-09-18T23:47:35.100Z [[32minfo[39m]: 📞 Network disconnect detected for WebPlayer - applying grace period
2025-09-18T23:47:35.100Z [[32minfo[39m]: 📞 Player WebPlayer disconnected from room NJEKJW - starting grace period
2025-09-18T23:47:35.100Z [[32minfo[39m]: ⏰ Grace period started for web_1758180776324 in room NJEKJW (2 minutes)
2025-09-18T23:47:35.305Z [[32minfo[39m]: 🔍 === CONNECTION ATTEMPT ANALYSIS ===
2025-09-18T23:47:35.306Z [[32minfo[39m]: 🔍 Socket ID: aAZYBpdBR2D8GGr9AAAH
2025-09-18T23:47:35.306Z [[32minfo[39m]: 🔍 IP Address: ::1
2025-09-18T23:47:35.306Z [[32minfo[39m]: 🔍 User Agent: Mozilla/5.0 (Macintosh; Intel Mac OS X 10_15_7) AppleWebKit/537.36 (KHTML, like Gecko) Chrome/140.0.0.0 Safari/537.36
2025-09-18T23:47:35.306Z [[32minfo[39m]: 🔍 Query Parameters:
2025-09-18T23:47:35.306Z [[32minfo[39m]: 🔍 Headers:
2025-09-18T23:47:35.306Z [[32minfo[39m]: 🔍 Transport: polling
2025-09-18T23:47:35.306Z [[32minfo[39m]: 🔍 ==========================================
2025-09-18T23:47:35.306Z [[32minfo[39m]: ✅ Authentication successful for WebPlayer (web_1758239255162) - Client: NodeJS
2025-09-18T23:47:35.307Z [[32minfo[39m]: 🔌 Player connected: WebPlayer (aAZYBpdBR2D8GGr9AAAH) from ::1 - Client: NodeJS
2025-09-18T23:47:53.961Z [[34mdebug[39m]: 💾 Saved 1 rooms to disk
2025-09-18T23:47:54.370Z [[32minfo[39m]: 🏠 Room created: VSA3H6 by WebPlayer
2025-09-18T23:47:54.372Z [[32minfo[39m]: ✅ Room created successfully: VSA3H6
2025-09-18T23:48:23.963Z [[34mdebug[39m]: 💾 Saved 2 rooms to disk
2025-09-18T23:48:53.965Z [[34mdebug[39m]: 💾 Saved 2 rooms to disk
2025-09-18T23:49:23.965Z [[34mdebug[39m]: 💾 Saved 2 rooms to disk
2025-09-18T23:49:35.103Z [[32minfo[39m]: ⏰ Grace period expired for WebPlayer in room NJEKJW
2025-09-18T23:49:35.103Z [[34mdebug[39m]: ⏹️ Cancelled grace period for player web_1758180776324
2025-09-18T23:49:35.103Z [[32minfo[39m]: 🗑️ Room NJEKJW empty after grace period - cleaning up
2025-09-18T23:49:35.103Z [[32minfo[39m]: 🗑️ Room NJEKJW completely cleaned up
2025-09-18T23:49:53.967Z [[34mdebug[39m]: 💾 Saved 1 rooms to disk
2025-09-18T23:50:23.968Z [[34mdebug[39m]: 💾 Saved 1 rooms to disk
2025-09-18T23:50:53.969Z [[34mdebug[39m]: 💾 Saved 1 rooms to disk
2025-09-18T23:51:23.971Z [[34mdebug[39m]: 💾 Saved 1 rooms to disk
2025-09-18T23:51:53.972Z [[34mdebug[39m]: 💾 Saved 1 rooms to disk
2025-09-18T23:52:23.972Z [[34mdebug[39m]: 💾 Saved 1 rooms to disk
2025-09-18T23:52:53.974Z [[34mdebug[39m]: 💾 Saved 1 rooms to disk
2025-09-18T23:53:23.977Z [[34mdebug[39m]: 💾 Saved 1 rooms to disk
2025-09-18T23:53:53.979Z [[34mdebug[39m]: 💾 Saved 1 rooms to disk
2025-09-18T23:54:23.980Z [[34mdebug[39m]: 💾 Saved 1 rooms to disk
2025-09-18T23:54:53.981Z [[34mdebug[39m]: 💾 Saved 1 rooms to disk
2025-09-18T23:55:23.982Z [[34mdebug[39m]: 💾 Saved 1 rooms to disk
2025-09-18T23:55:53.982Z [[34mdebug[39m]: 💾 Saved 1 rooms to disk
2025-09-18T23:56:23.983Z [[34mdebug[39m]: 💾 Saved 1 rooms to disk
2025-09-18T23:56:53.984Z [[34mdebug[39m]: 💾 Saved 1 rooms to disk
2025-09-18T23:57:23.986Z [[34mdebug[39m]: 💾 Saved 1 rooms to disk
2025-09-18T23:57:53.986Z [[34mdebug[39m]: 💾 Saved 1 rooms to disk
2025-09-18T23:58:23.988Z [[34mdebug[39m]: 💾 Saved 1 rooms to disk
2025-09-18T23:58:53.988Z [[34mdebug[39m]: 💾 Saved 1 rooms to disk
2025-09-18T23:59:23.989Z [[34mdebug[39m]: 💾 Saved 1 rooms to disk
2025-09-18T23:59:53.990Z [[34mdebug[39m]: 💾 Saved 1 rooms to disk
2025-09-19T00:00:23.991Z [[34mdebug[39m]: 💾 Saved 1 rooms to disk
2025-09-19T00:00:53.992Z [[34mdebug[39m]: 💾 Saved 1 rooms to disk
2025-09-19T00:01:23.994Z [[34mdebug[39m]: 💾 Saved 1 rooms to disk
2025-09-19T00:01:53.995Z [[34mdebug[39m]: 💾 Saved 1 rooms to disk
2025-09-19T00:02:23.996Z [[34mdebug[39m]: 💾 Saved 1 rooms to disk
2025-09-19T00:02:53.999Z [[34mdebug[39m]: 💾 Saved 1 rooms to disk
2025-09-19T00:03:24.000Z [[34mdebug[39m]: 💾 Saved 1 rooms to disk
2025-09-19T00:03:54.004Z [[34mdebug[39m]: 💾 Saved 1 rooms to disk
2025-09-19T00:04:24.005Z [[34mdebug[39m]: 💾 Saved 1 rooms to disk
2025-09-19T00:04:54.007Z [[34mdebug[39m]: 💾 Saved 1 rooms to disk
2025-09-19T00:05:24.007Z [[34mdebug[39m]: 💾 Saved 1 rooms to disk
2025-09-19T00:05:54.010Z [[34mdebug[39m]: 💾 Saved 1 rooms to disk
2025-09-19T00:06:24.012Z [[34mdebug[39m]: 💾 Saved 1 rooms to disk
2025-09-19T00:06:54.013Z [[34mdebug[39m]: 💾 Saved 1 rooms to disk
2025-09-19T00:07:24.015Z [[34mdebug[39m]: 💾 Saved 1 rooms to disk
2025-09-19T00:07:54.017Z [[34mdebug[39m]: 💾 Saved 1 rooms to disk
2025-09-19T00:08:24.019Z [[34mdebug[39m]: 💾 Saved 1 rooms to disk
2025-09-19T00:08:54.020Z [[34mdebug[39m]: 💾 Saved 1 rooms to disk
2025-09-19T00:09:24.026Z [[34mdebug[39m]: 💾 Saved 1 rooms to disk
2025-09-19T00:09:54.027Z [[34mdebug[39m]: 💾 Saved 1 rooms to disk
2025-09-19T00:10:24.028Z [[34mdebug[39m]: 💾 Saved 1 rooms to disk
2025-09-19T00:10:54.030Z [[34mdebug[39m]: 💾 Saved 1 rooms to disk
2025-09-19T00:11:24.031Z [[34mdebug[39m]: 💾 Saved 1 rooms to disk
2025-09-19T00:11:54.033Z [[34mdebug[39m]: 💾 Saved 1 rooms to disk
2025-09-19T00:12:24.034Z [[34mdebug[39m]: 💾 Saved 1 rooms to disk
2025-09-19T00:12:54.035Z [[34mdebug[39m]: 💾 Saved 1 rooms to disk
2025-09-19T00:13:24.037Z [[34mdebug[39m]: 💾 Saved 1 rooms to disk
2025-09-19T00:13:54.038Z [[34mdebug[39m]: 💾 Saved 1 rooms to disk
2025-09-19T00:14:24.039Z [[34mdebug[39m]: 💾 Saved 1 rooms to disk
2025-09-19T00:14:54.039Z [[34mdebug[39m]: 💾 Saved 1 rooms to disk
2025-09-19T00:15:24.040Z [[34mdebug[39m]: 💾 Saved 1 rooms to disk
2025-09-19T00:15:54.042Z [[34mdebug[39m]: 💾 Saved 1 rooms to disk
2025-09-19T00:16:24.043Z [[34mdebug[39m]: 💾 Saved 1 rooms to disk
2025-09-19T00:16:54.045Z [[34mdebug[39m]: 💾 Saved 1 rooms to disk
2025-09-19T00:17:24.046Z [[34mdebug[39m]: 💾 Saved 1 rooms to disk
2025-09-19T00:17:54.047Z [[34mdebug[39m]: 💾 Saved 1 rooms to disk
2025-09-19T00:18:24.048Z [[34mdebug[39m]: 💾 Saved 1 rooms to disk
2025-09-19T00:18:54.036Z [[34mdebug[39m]: 💾 Saved 1 rooms to disk
2025-09-19T00:19:24.031Z [[34mdebug[39m]: 💾 Saved 1 rooms to disk
2025-09-19T00:19:54.032Z [[34mdebug[39m]: 💾 Saved 1 rooms to disk
2025-09-19T00:20:24.033Z [[34mdebug[39m]: 💾 Saved 1 rooms to disk
2025-09-19T00:20:54.034Z [[34mdebug[39m]: 💾 Saved 1 rooms to disk
2025-09-19T00:21:24.036Z [[34mdebug[39m]: 💾 Saved 1 rooms to disk
2025-09-19T00:21:54.037Z [[34mdebug[39m]: 💾 Saved 1 rooms to disk
2025-09-19T00:22:24.038Z [[34mdebug[39m]: 💾 Saved 1 rooms to disk
2025-09-19T00:22:54.038Z [[34mdebug[39m]: 💾 Saved 1 rooms to disk
2025-09-19T00:23:24.040Z [[34mdebug[39m]: 💾 Saved 1 rooms to disk
2025-09-19T00:23:54.041Z [[34mdebug[39m]: 💾 Saved 1 rooms to disk
2025-09-19T00:24:24.042Z [[34mdebug[39m]: 💾 Saved 1 rooms to disk
2025-09-19T00:24:54.043Z [[34mdebug[39m]: 💾 Saved 1 rooms to disk
2025-09-19T00:25:24.044Z [[34mdebug[39m]: 💾 Saved 1 rooms to disk
2025-09-19T00:25:54.045Z [[34mdebug[39m]: 💾 Saved 1 rooms to disk
2025-09-19T00:26:24.046Z [[34mdebug[39m]: 💾 Saved 1 rooms to disk
2025-09-19T00:26:54.047Z [[34mdebug[39m]: 💾 Saved 1 rooms to disk
2025-09-19T00:27:24.047Z [[34mdebug[39m]: 💾 Saved 1 rooms to disk
2025-09-19T00:27:38.849Z [[32minfo[39m]: 🔌 Player disconnected: WebPlayer (ping timeout) from ::1
2025-09-19T00:27:38.849Z [[32minfo[39m]: 📞 Network disconnect detected for WebPlayer - applying grace period
2025-09-19T00:27:38.849Z [[32minfo[39m]: 📞 Player WebPlayer disconnected from room VSA3H6 - starting grace period
2025-09-19T00:27:38.849Z [[32minfo[39m]: ⏰ Grace period started for web_1758239255162 in room VSA3H6 (2 minutes)
2025-09-19T00:27:54.049Z [[34mdebug[39m]: 💾 Saved 1 rooms to disk
2025-09-19T00:28:24.049Z [[34mdebug[39m]: 💾 Saved 1 rooms to disk
2025-09-19T00:28:54.051Z [[34mdebug[39m]: 💾 Saved 1 rooms to disk
2025-09-19T00:29:24.051Z [[34mdebug[39m]: 💾 Saved 1 rooms to disk
2025-09-19T00:29:38.851Z [[32minfo[39m]: ⏰ Grace period expired for WebPlayer in room VSA3H6
2025-09-19T00:29:38.851Z [[34mdebug[39m]: ⏹️ Cancelled grace period for player web_1758239255162
2025-09-19T00:29:38.851Z [[32minfo[39m]: 🗑️ Room VSA3H6 empty after grace period - cleaning up
2025-09-19T00:29:38.851Z [[32minfo[39m]: 🗑️ Room VSA3H6 completely cleaned up
2025-09-19T00:29:54.052Z [[34mdebug[39m]: 💾 Saved 0 rooms to disk
2025-09-19T00:30:24.053Z [[34mdebug[39m]: 💾 Saved 0 rooms to disk
2025-09-19T00:30:54.054Z [[34mdebug[39m]: 💾 Saved 0 rooms to disk
2025-09-19T00:31:24.055Z [[34mdebug[39m]: 💾 Saved 0 rooms to disk
2025-09-19T00:31:54.054Z [[34mdebug[39m]: 💾 Saved 0 rooms to disk
2025-09-19T00:32:24.055Z [[34mdebug[39m]: 💾 Saved 0 rooms to disk
2025-09-19T00:32:54.055Z [[34mdebug[39m]: 💾 Saved 0 rooms to disk
2025-09-19T00:33:24.055Z [[34mdebug[39m]: 💾 Saved 0 rooms to disk
2025-09-19T00:33:54.058Z [[34mdebug[39m]: 💾 Saved 0 rooms to disk
2025-09-19T00:34:24.058Z [[34mdebug[39m]: 💾 Saved 0 rooms to disk
2025-09-19T00:34:54.059Z [[34mdebug[39m]: 💾 Saved 0 rooms to disk
2025-09-19T00:35:24.059Z [[34mdebug[39m]: 💾 Saved 0 rooms to disk
2025-09-19T00:35:54.061Z [[34mdebug[39m]: 💾 Saved 0 rooms to disk
2025-09-19T00:36:24.062Z [[34mdebug[39m]: 💾 Saved 0 rooms to disk
2025-09-19T00:36:54.063Z [[34mdebug[39m]: 💾 Saved 0 rooms to disk
2025-09-19T00:37:24.064Z [[34mdebug[39m]: 💾 Saved 0 rooms to disk
2025-09-19T00:37:54.065Z [[34mdebug[39m]: 💾 Saved 0 rooms to disk
2025-09-19T00:38:24.065Z [[34mdebug[39m]: 💾 Saved 0 rooms to disk
2025-09-19T00:38:54.068Z [[34mdebug[39m]: 💾 Saved 0 rooms to disk
2025-09-19T00:39:24.070Z [[34mdebug[39m]: 💾 Saved 0 rooms to disk
2025-09-19T00:39:54.072Z [[34mdebug[39m]: 💾 Saved 0 rooms to disk
2025-09-19T00:40:24.072Z [[34mdebug[39m]: 💾 Saved 0 rooms to disk
2025-09-19T00:40:54.073Z [[34mdebug[39m]: 💾 Saved 0 rooms to disk
2025-09-19T00:41:24.074Z [[34mdebug[39m]: 💾 Saved 0 rooms to disk
2025-09-19T00:41:54.076Z [[34mdebug[39m]: 💾 Saved 0 rooms to disk
2025-09-19T00:41:57.232Z [[32minfo[39m]: 🔍 === CONNECTION ATTEMPT ANALYSIS ===
2025-09-19T00:41:57.232Z [[32minfo[39m]: 🔍 Socket ID: Dbgc8CxEV92tAGHNAAAJ
2025-09-19T00:41:57.232Z [[32minfo[39m]: 🔍 IP Address: ::1
2025-09-19T00:41:57.232Z [[32minfo[39m]: 🔍 User Agent: Mozilla/5.0 (Macintosh; Intel Mac OS X 10_15_7) AppleWebKit/537.36 (KHTML, like Gecko) Chrome/140.0.0.0 Safari/537.36
2025-09-19T00:41:57.232Z [[32minfo[39m]: 🔍 Query Parameters:
2025-09-19T00:41:57.232Z [[32minfo[39m]: 🔍 Headers:
2025-09-19T00:41:57.232Z [[32minfo[39m]: 🔍 Transport: polling
2025-09-19T00:41:57.232Z [[32minfo[39m]: 🔍 ==========================================
2025-09-19T00:41:57.232Z [[32minfo[39m]: ✅ Authentication successful for WebPlayer (web_1758239255162) - Client: NodeJS
2025-09-19T00:41:57.232Z [[32minfo[39m]: 🔌 Player connected: WebPlayer (Dbgc8CxEV92tAGHNAAAJ) from ::1 - Client: NodeJS
2025-09-19T00:41:59.022Z [[32minfo[39m]: 🔌 Player disconnected: WebPlayer (transport close) from ::1
2025-09-19T00:42:24.075Z [[34mdebug[39m]: 💾 Saved 0 rooms to disk
2025-09-19T00:42:54.075Z [[34mdebug[39m]: 💾 Saved 0 rooms to disk
2025-09-19T00:43:24.077Z [[34mdebug[39m]: 💾 Saved 0 rooms to disk
2025-09-19T00:43:54.076Z [[34mdebug[39m]: 💾 Saved 0 rooms to disk
2025-09-19T00:44:24.077Z [[34mdebug[39m]: 💾 Saved 0 rooms to disk
2025-09-19T00:44:54.078Z [[34mdebug[39m]: 💾 Saved 0 rooms to disk
2025-09-19T00:45:24.079Z [[34mdebug[39m]: 💾 Saved 0 rooms to disk
2025-09-19T00:45:54.080Z [[34mdebug[39m]: 💾 Saved 0 rooms to disk
2025-09-19T00:46:24.080Z [[34mdebug[39m]: 💾 Saved 0 rooms to disk
2025-09-19T00:46:54.082Z [[34mdebug[39m]: 💾 Saved 0 rooms to disk
2025-09-19T00:47:24.083Z [[34mdebug[39m]: 💾 Saved 0 rooms to disk
2025-09-19T00:47:54.084Z [[34mdebug[39m]: 💾 Saved 0 rooms to disk
2025-09-19T00:48:24.085Z [[34mdebug[39m]: 💾 Saved 0 rooms to disk
2025-09-19T00:48:54.086Z [[34mdebug[39m]: 💾 Saved 0 rooms to disk
2025-09-19T00:49:24.087Z [[34mdebug[39m]: 💾 Saved 0 rooms to disk
2025-09-19T00:49:54.088Z [[34mdebug[39m]: 💾 Saved 0 rooms to disk
2025-09-19T00:49:59.048Z [[32minfo[39m]: 🛑 SIGTERM received, shutting down gracefully
2025-09-19T00:49:59.048Z [[34mdebug[39m]: 💾 Saved 0 rooms to disk
2025-09-19T00:49:59.049Z [[32minfo[39m]: ✅ Server closed
