🚀 Starting AI Host Room Creator...
🤖 AI Host Creator initialized: FinalTestAI (medium)
🚀 === AI Host Room Creator ===
🤖 AI Name: FinalTestAI
🧠 Difficulty: medium
🌐 Server: http://localhost:3000

🔌 Step 1: Connecting to server...
🔌 FinalTestAI: Connecting to http://localhost:3000...
✅ FinalTestAI: Connected successfully
✅ Connected successfully!
🏠 Step 2: Creating room as AI host...
🏠 FinalTestAI: Creating room...
✅ FinalTestAI: Room created: 2J47R2
✅ Room created successfully!
🎯 Room Code: 2J47R2
🎨 AI Color: White (Host)
📊 Game Phase: waiting

🧠 Step 3: Setting up AI game logic...
💓 FinalTestAI: Heartbeat monitoring started (10s interval)
✅ AI game logic and connection monitoring activated
🎮 Step 4: Setting AI ready status...
🎯 FinalTestAI: Setting ready status to true...
✅ FinalTestAI: Ready status updated
✅ AI is ready to play!

🎉 === SUCCESS! AI-Hosted Room Ready ===
🏠 Room Code: 2J47R2
🤖 AI Host: FinalTestAI (White pieces)
🧠 Difficulty: medium
⏳ Status: Waiting for human player to join

💡 Next steps:
   1. Join room 2J47R2 in Unity
   2. Set your player ready
   3. Game will start automatically!
   4. AI will make moves when it's its turn

🔧 Monitoring:
   - Dashboard: http://localhost:3000
   - Room API: http://localhost:3000/api/rooms/2J47R2
   - Press Ctrl+C to stop AI and close room

🔄 AI Host is running. Press Ctrl+C to stop.
📨 FinalTestAI: Welcome message: {
  date: 1758173625504,
  data: '3D Chess Server Connected',
  message: 'Socket.IO is working!',
  playerId: 'test_FinalTestAI_1758173624985',
  playerName: 'FinalTestAI',
  reconnected: false
}
💓 FinalTestAI: Heartbeat sent
💓 FinalTestAI: Heartbeat acknowledged (1758173635010)
💓 FinalTestAI: Heartbeat sent
💓 FinalTestAI: Heartbeat acknowledged (1758173645010)
💓 FinalTestAI: Heartbeat sent
💓 FinalTestAI: Heartbeat acknowledged (1758173655011)
💓 FinalTestAI: Heartbeat sent
💓 FinalTestAI: Heartbeat acknowledged (1758173665011)
💓 FinalTestAI: Heartbeat sent
💓 FinalTestAI: Heartbeat acknowledged (1758173675014)
💓 FinalTestAI: Heartbeat sent
💓 FinalTestAI: Heartbeat acknowledged (1758173685013)
💓 FinalTestAI: Heartbeat sent
💓 FinalTestAI: Heartbeat acknowledged (1758173694964)
💓 FinalTestAI: Heartbeat sent
💓 FinalTestAI: Heartbeat acknowledged (1758173704964)
💓 FinalTestAI: Heartbeat sent
💓 FinalTestAI: Heartbeat acknowledged (1758173714966)
💓 FinalTestAI: Heartbeat sent
💓 FinalTestAI: Heartbeat acknowledged (1758173724966)
💓 FinalTestAI: Heartbeat sent
💓 FinalTestAI: Heartbeat acknowledged (1758173734968)
💓 FinalTestAI: Heartbeat sent
💓 FinalTestAI: Heartbeat acknowledged (1758173744968)
💓 FinalTestAI: Heartbeat sent
💓 FinalTestAI: Heartbeat acknowledged (1758173754971)
👥 FinalTestAI: Player joined room: {
  playerId: 'Unity_Player_1758173758650',
  playerName: 'UnityTestPlayer',
  assignedColor: 'Black',
  clientType: 'Unity'
}
👥 Human player joined: UnityTestPlayer (Black)
🎮 Room is now full! Waiting for human player to set ready...
💓 FinalTestAI: Heartbeat sent
💓 FinalTestAI: Heartbeat acknowledged (1758173764970)
💓 FinalTestAI: Heartbeat sent
💓 FinalTestAI: Heartbeat acknowledged (1758173774971)
💓 FinalTestAI: Heartbeat sent
💓 FinalTestAI: Heartbeat acknowledged (1758173784972)
📞 Player UnityTestPlayer disconnected (client namespace disconnect) - grace period active
⏳ AI waiting for player to reconnect...
💓 FinalTestAI: Heartbeat sent
💓 FinalTestAI: Heartbeat acknowledged (1758173794974)
💓 FinalTestAI: Heartbeat sent
💓 FinalTestAI: Heartbeat acknowledged (1758173804979)
💓 FinalTestAI: Heartbeat sent
💓 FinalTestAI: Heartbeat acknowledged (1758173814981)
💓 FinalTestAI: Heartbeat sent
💓 FinalTestAI: Heartbeat acknowledged (1758173824982)
💓 FinalTestAI: Heartbeat sent
💓 FinalTestAI: Heartbeat acknowledged (1758173834984)
💓 FinalTestAI: Heartbeat sent
💓 FinalTestAI: Heartbeat acknowledged (1758173844986)
💓 FinalTestAI: Heartbeat sent
💓 FinalTestAI: Heartbeat acknowledged (1758173854988)
💓 FinalTestAI: Heartbeat sent
💓 FinalTestAI: Heartbeat acknowledged (1758173864988)
💓 FinalTestAI: Heartbeat sent
💓 FinalTestAI: Heartbeat acknowledged (1758173874987)
💓 FinalTestAI: Heartbeat sent
💓 FinalTestAI: Heartbeat acknowledged (1758173884988)
💓 FinalTestAI: Heartbeat sent
💓 FinalTestAI: Heartbeat acknowledged (1758173895001)
💓 FinalTestAI: Heartbeat sent
💓 FinalTestAI: Heartbeat acknowledged (1758173904992)
💓 FinalTestAI: Heartbeat sent
💓 FinalTestAI: Heartbeat acknowledged (1758173914994)
💓 FinalTestAI: Heartbeat sent
💓 FinalTestAI: Heartbeat acknowledged (1758173925008)
💓 FinalTestAI: Heartbeat sent
💓 FinalTestAI: Heartbeat acknowledged (1758173935006)
💓 FinalTestAI: Heartbeat sent
💓 FinalTestAI: Heartbeat acknowledged (1758173945007)
💓 FinalTestAI: Heartbeat sent
💓 FinalTestAI: Heartbeat acknowledged (1758173955008)
💓 FinalTestAI: Heartbeat sent
💓 FinalTestAI: Heartbeat acknowledged (1758173965010)
💓 FinalTestAI: Heartbeat sent
💓 FinalTestAI: Heartbeat acknowledged (1758173975011)
💓 FinalTestAI: Heartbeat sent
💓 FinalTestAI: Heartbeat acknowledged (1758173985012)
💓 FinalTestAI: Heartbeat sent
💓 FinalTestAI: Heartbeat acknowledged (1758173995015)
💓 FinalTestAI: Heartbeat sent
💓 FinalTestAI: Heartbeat acknowledged (1758174005017)
💓 FinalTestAI: Heartbeat sent
💓 FinalTestAI: Heartbeat acknowledged (1758174015019)
💓 FinalTestAI: Heartbeat sent
💓 FinalTestAI: Heartbeat acknowledged (1758174025019)
💓 FinalTestAI: Heartbeat sent
💓 FinalTestAI: Heartbeat acknowledged (1758174035022)
💓 FinalTestAI: Heartbeat sent
💓 FinalTestAI: Heartbeat acknowledged (1758174045020)
💓 FinalTestAI: Heartbeat sent
💓 FinalTestAI: Heartbeat acknowledged (1758174055022)
💓 FinalTestAI: Heartbeat sent
💓 FinalTestAI: Heartbeat acknowledged (1758174065023)
💓 FinalTestAI: Heartbeat sent
💓 FinalTestAI: Heartbeat acknowledged (1758174075023)
💓 FinalTestAI: Heartbeat sent
💓 FinalTestAI: Heartbeat acknowledged (1758174085025)
💓 FinalTestAI: Heartbeat sent
💓 FinalTestAI: Heartbeat acknowledged (1758174095023)
💓 FinalTestAI: Heartbeat sent
💓 FinalTestAI: Heartbeat acknowledged (1758174105025)
💓 FinalTestAI: Heartbeat sent
💓 FinalTestAI: Heartbeat acknowledged (1758174115024)
💓 FinalTestAI: Heartbeat sent
💓 FinalTestAI: Heartbeat acknowledged (1758174125028)
💓 FinalTestAI: Heartbeat sent
💓 FinalTestAI: Heartbeat acknowledged (1758174135027)
💓 FinalTestAI: Heartbeat sent
💓 FinalTestAI: Heartbeat acknowledged (1758174145027)
💓 FinalTestAI: Heartbeat sent
💓 FinalTestAI: Heartbeat acknowledged (1758174155026)
💓 FinalTestAI: Heartbeat sent
💓 FinalTestAI: Heartbeat acknowledged (1758174165027)
💓 FinalTestAI: Heartbeat sent
💓 FinalTestAI: Heartbeat acknowledged (1758174175028)
💓 FinalTestAI: Heartbeat sent
💓 FinalTestAI: Heartbeat acknowledged (1758174185029)
💓 FinalTestAI: Heartbeat sent
💓 FinalTestAI: Heartbeat acknowledged (1758174195031)
💓 FinalTestAI: Heartbeat sent
💓 FinalTestAI: Heartbeat acknowledged (1758174205040)
💓 FinalTestAI: Heartbeat sent
💓 FinalTestAI: Heartbeat acknowledged (1758174215035)
💓 FinalTestAI: Heartbeat sent
💓 FinalTestAI: Heartbeat acknowledged (1758174225036)
💓 FinalTestAI: Heartbeat sent
💓 FinalTestAI: Heartbeat acknowledged (1758174235037)
💓 FinalTestAI: Heartbeat sent
💓 FinalTestAI: Heartbeat acknowledged (1758174245039)
💓 FinalTestAI: Heartbeat sent
💓 FinalTestAI: Heartbeat acknowledged (1758174255040)
💓 FinalTestAI: Heartbeat sent
💓 FinalTestAI: Heartbeat acknowledged (1758174265040)
💓 FinalTestAI: Heartbeat sent
💓 FinalTestAI: Heartbeat acknowledged (1758174275041)
💓 FinalTestAI: Heartbeat sent
💓 FinalTestAI: Heartbeat acknowledged (1758174285041)
💓 FinalTestAI: Heartbeat sent
💓 FinalTestAI: Heartbeat acknowledged (1758174295042)
💓 FinalTestAI: Heartbeat sent
💓 FinalTestAI: Heartbeat acknowledged (1758174305042)
💓 FinalTestAI: Heartbeat sent
💓 FinalTestAI: Heartbeat acknowledged (1758174315044)
💓 FinalTestAI: Heartbeat sent
💓 FinalTestAI: Heartbeat acknowledged (1758174325044)
💓 FinalTestAI: Heartbeat sent
💓 FinalTestAI: Heartbeat acknowledged (1758174335045)
💓 FinalTestAI: Heartbeat sent
💓 FinalTestAI: Heartbeat acknowledged (1758174345046)
💓 FinalTestAI: Heartbeat sent
💓 FinalTestAI: Heartbeat acknowledged (1758174355048)
💓 FinalTestAI: Heartbeat sent
💓 FinalTestAI: Heartbeat acknowledged (1758174365057)
💓 FinalTestAI: Heartbeat sent
💓 FinalTestAI: Heartbeat acknowledged (1758174375050)
💓 FinalTestAI: Heartbeat sent
💓 FinalTestAI: Heartbeat acknowledged (1758174385056)
💓 FinalTestAI: Heartbeat sent
💓 FinalTestAI: Heartbeat acknowledged (1758174395058)
💓 FinalTestAI: Heartbeat sent
💓 FinalTestAI: Heartbeat acknowledged (1758174405058)
💓 FinalTestAI: Heartbeat sent
💓 FinalTestAI: Heartbeat acknowledged (1758174415060)
💓 FinalTestAI: Heartbeat sent
💓 FinalTestAI: Heartbeat acknowledged (1758174425062)
💓 FinalTestAI: Heartbeat sent
💓 FinalTestAI: Heartbeat acknowledged (1758174435062)
💓 FinalTestAI: Heartbeat sent
💓 FinalTestAI: Heartbeat acknowledged (1758174445063)
💓 FinalTestAI: Heartbeat sent
💓 FinalTestAI: Heartbeat acknowledged (1758174455064)
💓 FinalTestAI: Heartbeat sent
💓 FinalTestAI: Heartbeat acknowledged (1758174465065)
💓 FinalTestAI: Heartbeat sent
💓 FinalTestAI: Heartbeat acknowledged (1758174475065)
💓 FinalTestAI: Heartbeat sent
💓 FinalTestAI: Heartbeat acknowledged (1758174485066)
💓 FinalTestAI: Heartbeat sent
💓 FinalTestAI: Heartbeat acknowledged (1758174495068)
💓 FinalTestAI: Heartbeat sent
💓 FinalTestAI: Heartbeat acknowledged (1758174505068)
💓 FinalTestAI: Heartbeat sent
💓 FinalTestAI: Heartbeat acknowledged (1758174515069)
💓 FinalTestAI: Heartbeat sent
💓 FinalTestAI: Heartbeat acknowledged (1758174525073)
💓 FinalTestAI: Heartbeat sent
💓 FinalTestAI: Heartbeat acknowledged (1758174535073)
💓 FinalTestAI: Heartbeat sent
💓 FinalTestAI: Heartbeat acknowledged (1758174545075)
💓 FinalTestAI: Heartbeat sent
💓 FinalTestAI: Heartbeat acknowledged (1758174555075)
💓 FinalTestAI: Heartbeat sent
💓 FinalTestAI: Heartbeat acknowledged (1758174565078)
💓 FinalTestAI: Heartbeat sent
💓 FinalTestAI: Heartbeat acknowledged (1758174575078)
💓 FinalTestAI: Heartbeat sent
💓 FinalTestAI: Heartbeat acknowledged (1758174585078)
💓 FinalTestAI: Heartbeat sent
💓 FinalTestAI: Heartbeat acknowledged (1758174595080)
💓 FinalTestAI: Heartbeat sent
💓 FinalTestAI: Heartbeat acknowledged (1758174605082)
💓 FinalTestAI: Heartbeat sent
💓 FinalTestAI: Heartbeat acknowledged (1758174615082)
💓 FinalTestAI: Heartbeat sent
💓 FinalTestAI: Heartbeat acknowledged (1758174625082)
💓 FinalTestAI: Heartbeat sent
💓 FinalTestAI: Heartbeat acknowledged (1758174635084)
💓 FinalTestAI: Heartbeat sent
💓 FinalTestAI: Heartbeat acknowledged (1758174645083)
💓 FinalTestAI: Heartbeat sent
💓 FinalTestAI: Heartbeat acknowledged (1758174655083)
💓 FinalTestAI: Heartbeat sent
💓 FinalTestAI: Heartbeat acknowledged (1758174665085)
💓 FinalTestAI: Heartbeat sent
💓 FinalTestAI: Heartbeat acknowledged (1758174675086)
💓 FinalTestAI: Heartbeat sent
💓 FinalTestAI: Heartbeat acknowledged (1758174685085)
💓 FinalTestAI: Heartbeat sent
💓 FinalTestAI: Heartbeat acknowledged (1758174695087)
💓 FinalTestAI: Heartbeat sent
💓 FinalTestAI: Heartbeat acknowledged (1758174705091)
💓 FinalTestAI: Heartbeat sent
💓 FinalTestAI: Heartbeat acknowledged (1758174715093)
💓 FinalTestAI: Heartbeat sent
💓 FinalTestAI: Heartbeat acknowledged (1758174725092)
💓 FinalTestAI: Heartbeat sent
💓 FinalTestAI: Heartbeat acknowledged (1758174735093)
💓 FinalTestAI: Heartbeat sent
💓 FinalTestAI: Heartbeat acknowledged (1758174745095)
💓 FinalTestAI: Heartbeat sent
💓 FinalTestAI: Heartbeat acknowledged (1758174755095)
💓 FinalTestAI: Heartbeat sent
💓 FinalTestAI: Heartbeat acknowledged (1758174765096)
💓 FinalTestAI: Heartbeat sent
💓 FinalTestAI: Heartbeat acknowledged (1758174775096)
💓 FinalTestAI: Heartbeat sent
💓 FinalTestAI: Heartbeat acknowledged (1758174785097)
💓 FinalTestAI: Heartbeat sent
💓 FinalTestAI: Heartbeat acknowledged (1758174795101)
💓 FinalTestAI: Heartbeat sent
💓 FinalTestAI: Heartbeat acknowledged (1758174805100)
💓 FinalTestAI: Heartbeat sent
💓 FinalTestAI: Heartbeat acknowledged (1758174815101)
💓 FinalTestAI: Heartbeat sent
💓 FinalTestAI: Heartbeat acknowledged (1758174825103)
💓 FinalTestAI: Heartbeat sent
💓 FinalTestAI: Heartbeat acknowledged (1758174835103)
💓 FinalTestAI: Heartbeat sent
💓 FinalTestAI: Heartbeat acknowledged (1758174845104)
💓 FinalTestAI: Heartbeat sent
💓 FinalTestAI: Heartbeat acknowledged (1758174855112)
💓 FinalTestAI: Heartbeat sent
💓 FinalTestAI: Heartbeat acknowledged (1758174865116)
💓 FinalTestAI: Heartbeat sent
💓 FinalTestAI: Heartbeat acknowledged (1758174875116)
💓 FinalTestAI: Heartbeat sent
💓 FinalTestAI: Heartbeat acknowledged (1758174885116)
💓 FinalTestAI: Heartbeat sent
💓 FinalTestAI: Heartbeat acknowledged (1758174895117)
💓 FinalTestAI: Heartbeat sent
💓 FinalTestAI: Heartbeat acknowledged (1758174905118)
💓 FinalTestAI: Heartbeat sent
💓 FinalTestAI: Heartbeat acknowledged (1758174915118)
💓 FinalTestAI: Heartbeat sent
💓 FinalTestAI: Heartbeat acknowledged (1758174925120)
💓 FinalTestAI: Heartbeat sent
💓 FinalTestAI: Heartbeat acknowledged (1758174935120)
💓 FinalTestAI: Heartbeat sent
💓 FinalTestAI: Heartbeat acknowledged (1758174945121)
💓 FinalTestAI: Heartbeat sent
💓 FinalTestAI: Heartbeat acknowledged (1758174955122)
💓 FinalTestAI: Heartbeat sent
💓 FinalTestAI: Heartbeat acknowledged (1758174965123)
💓 FinalTestAI: Heartbeat sent
💓 FinalTestAI: Heartbeat acknowledged (1758174975130)
💓 FinalTestAI: Heartbeat sent
💓 FinalTestAI: Heartbeat acknowledged (1758174985129)
💓 FinalTestAI: Heartbeat sent
💓 FinalTestAI: Heartbeat acknowledged (1758174995130)
💓 FinalTestAI: Heartbeat sent
💓 FinalTestAI: Heartbeat acknowledged (1758175005129)
💓 FinalTestAI: Heartbeat sent
💓 FinalTestAI: Heartbeat acknowledged (1758175015131)
💓 FinalTestAI: Heartbeat sent
💓 FinalTestAI: Heartbeat acknowledged (1758175025132)
💓 FinalTestAI: Heartbeat sent
💓 FinalTestAI: Heartbeat acknowledged (1758175035133)
💓 FinalTestAI: Heartbeat sent
💓 FinalTestAI: Heartbeat acknowledged (1758175045134)
💓 FinalTestAI: Heartbeat sent
💓 FinalTestAI: Heartbeat acknowledged (1758175055133)
💓 FinalTestAI: Heartbeat sent
💓 FinalTestAI: Heartbeat acknowledged (1758175065133)
💓 FinalTestAI: Heartbeat sent
💓 FinalTestAI: Heartbeat acknowledged (1758175075134)
💓 FinalTestAI: Heartbeat sent
💓 FinalTestAI: Heartbeat acknowledged (1758175085134)
💓 FinalTestAI: Heartbeat sent
💓 FinalTestAI: Heartbeat acknowledged (1758175095135)
💓 FinalTestAI: Heartbeat sent
💓 FinalTestAI: Heartbeat acknowledged (1758175105135)
💓 FinalTestAI: Heartbeat sent
💓 FinalTestAI: Heartbeat acknowledged (1758175115136)
💓 FinalTestAI: Heartbeat sent
💓 FinalTestAI: Heartbeat acknowledged (1758175125136)
💓 FinalTestAI: Heartbeat sent
💓 FinalTestAI: Heartbeat acknowledged (1758175135137)
💓 FinalTestAI: Heartbeat sent
💓 FinalTestAI: Heartbeat acknowledged (1758175145139)
💓 FinalTestAI: Heartbeat sent
💓 FinalTestAI: Heartbeat acknowledged (1758175155139)
💓 FinalTestAI: Heartbeat sent
💓 FinalTestAI: Heartbeat acknowledged (1758175165140)
💓 FinalTestAI: Heartbeat sent
💓 FinalTestAI: Heartbeat acknowledged (1758175175141)
💓 FinalTestAI: Heartbeat sent
💓 FinalTestAI: Heartbeat acknowledged (1758175185142)
💓 FinalTestAI: Heartbeat sent
💓 FinalTestAI: Heartbeat acknowledged (1758175195145)
💓 FinalTestAI: Heartbeat sent
💓 FinalTestAI: Heartbeat acknowledged (1758175205147)
💓 FinalTestAI: Heartbeat sent
💓 FinalTestAI: Heartbeat acknowledged (1758175215148)
💓 FinalTestAI: Heartbeat sent
💓 FinalTestAI: Heartbeat acknowledged (1758175225148)
💓 FinalTestAI: Heartbeat sent
💓 FinalTestAI: Heartbeat acknowledged (1758175235149)
💓 FinalTestAI: Heartbeat sent
💓 FinalTestAI: Heartbeat acknowledged (1758175245150)
💓 FinalTestAI: Heartbeat sent
💓 FinalTestAI: Heartbeat acknowledged (1758175255151)
💓 FinalTestAI: Heartbeat sent
💓 FinalTestAI: Heartbeat acknowledged (1758175265153)
💓 FinalTestAI: Heartbeat sent
💓 FinalTestAI: Heartbeat acknowledged (1758175275153)
💓 FinalTestAI: Heartbeat sent
💓 FinalTestAI: Heartbeat acknowledged (1758175285158)
💓 FinalTestAI: Heartbeat sent
💓 FinalTestAI: Heartbeat acknowledged (1758175295155)
💓 FinalTestAI: Heartbeat sent
💓 FinalTestAI: Heartbeat acknowledged (1758175305155)
💓 FinalTestAI: Heartbeat sent
💓 FinalTestAI: Heartbeat acknowledged (1758175315157)
💓 FinalTestAI: Heartbeat sent
💓 FinalTestAI: Heartbeat acknowledged (1758175325158)
💓 FinalTestAI: Heartbeat sent
💓 FinalTestAI: Heartbeat acknowledged (1758175335163)
💓 FinalTestAI: Heartbeat sent
💓 FinalTestAI: Heartbeat acknowledged (1758175345159)
💓 FinalTestAI: Heartbeat sent
💓 FinalTestAI: Heartbeat acknowledged (1758175355160)
💓 FinalTestAI: Heartbeat sent
💓 FinalTestAI: Heartbeat acknowledged (1758175365160)
💓 FinalTestAI: Heartbeat sent
💓 FinalTestAI: Heartbeat acknowledged (1758175375162)
💓 FinalTestAI: Heartbeat sent
💓 FinalTestAI: Heartbeat acknowledged (1758175385165)
💓 FinalTestAI: Heartbeat sent
💓 FinalTestAI: Heartbeat acknowledged (1758175395166)
💓 FinalTestAI: Heartbeat sent
💓 FinalTestAI: Heartbeat acknowledged (1758175405167)
💓 FinalTestAI: Heartbeat sent
💓 FinalTestAI: Heartbeat acknowledged (1758175415168)
💓 FinalTestAI: Heartbeat sent
💓 FinalTestAI: Heartbeat acknowledged (1758175425170)
💓 FinalTestAI: Heartbeat sent
💓 FinalTestAI: Heartbeat acknowledged (1758175435171)
💓 FinalTestAI: Heartbeat sent
💓 FinalTestAI: Heartbeat acknowledged (1758175445172)
💓 FinalTestAI: Heartbeat sent
💓 FinalTestAI: Heartbeat acknowledged (1758175455173)
💓 FinalTestAI: Heartbeat sent
💓 FinalTestAI: Heartbeat acknowledged (1758175465174)
💓 FinalTestAI: Heartbeat sent
💓 FinalTestAI: Heartbeat acknowledged (1758175475177)
💓 FinalTestAI: Heartbeat sent
💓 FinalTestAI: Heartbeat acknowledged (1758175485175)
💓 FinalTestAI: Heartbeat sent
💓 FinalTestAI: Heartbeat acknowledged (1758175495176)
💓 FinalTestAI: Heartbeat sent
💓 FinalTestAI: Heartbeat acknowledged (1758175505176)
💓 FinalTestAI: Heartbeat sent
💓 FinalTestAI: Heartbeat acknowledged (1758175515177)
💓 FinalTestAI: Heartbeat sent
💓 FinalTestAI: Heartbeat acknowledged (1758175525181)
💓 FinalTestAI: Heartbeat sent
💓 FinalTestAI: Heartbeat acknowledged (1758175535178)
💓 FinalTestAI: Heartbeat sent
💓 FinalTestAI: Heartbeat acknowledged (1758175545186)
💓 FinalTestAI: Heartbeat sent
💓 FinalTestAI: Heartbeat acknowledged (1758175555182)
💓 FinalTestAI: Heartbeat sent
💓 FinalTestAI: Heartbeat acknowledged (1758175565183)
💓 FinalTestAI: Heartbeat sent
💓 FinalTestAI: Heartbeat acknowledged (1758175575185)
💓 FinalTestAI: Heartbeat sent
💓 FinalTestAI: Heartbeat acknowledged (1758175585186)
💓 FinalTestAI: Heartbeat sent
💓 FinalTestAI: Heartbeat acknowledged (1758175595186)
💓 FinalTestAI: Heartbeat sent
💓 FinalTestAI: Heartbeat acknowledged (1758175605188)
💓 FinalTestAI: Heartbeat sent
💓 FinalTestAI: Heartbeat acknowledged (1758175615189)
💓 FinalTestAI: Heartbeat sent
💓 FinalTestAI: Heartbeat acknowledged (1758175625189)
💓 FinalTestAI: Heartbeat sent
💓 FinalTestAI: Heartbeat acknowledged (1758175635189)
💓 FinalTestAI: Heartbeat sent
💓 FinalTestAI: Heartbeat acknowledged (1758175645203)
💓 FinalTestAI: Heartbeat sent
💓 FinalTestAI: Heartbeat acknowledged (1758175655193)
💓 FinalTestAI: Heartbeat sent
💓 FinalTestAI: Heartbeat acknowledged (1758175665194)
💓 FinalTestAI: Heartbeat sent
💓 FinalTestAI: Heartbeat acknowledged (1758175675195)
💓 FinalTestAI: Heartbeat sent
💓 FinalTestAI: Heartbeat acknowledged (1758175685196)
💓 FinalTestAI: Heartbeat sent
💓 FinalTestAI: Heartbeat acknowledged (1758175695196)
💓 FinalTestAI: Heartbeat sent
💓 FinalTestAI: Heartbeat acknowledged (1758175705198)
💓 FinalTestAI: Heartbeat sent
💓 FinalTestAI: Heartbeat acknowledged (1758175715198)
💓 FinalTestAI: Heartbeat sent
💓 FinalTestAI: Heartbeat acknowledged (1758175725206)
💓 FinalTestAI: Heartbeat sent
💓 FinalTestAI: Heartbeat acknowledged (1758175735206)
💓 FinalTestAI: Heartbeat sent
💓 FinalTestAI: Heartbeat acknowledged (1758175745208)
💓 FinalTestAI: Heartbeat sent
💓 FinalTestAI: Heartbeat acknowledged (1758175755208)
💓 FinalTestAI: Heartbeat sent
💓 FinalTestAI: Heartbeat acknowledged (1758175765209)
💓 FinalTestAI: Heartbeat sent
💓 FinalTestAI: Heartbeat acknowledged (1758175775210)
💓 FinalTestAI: Heartbeat sent
💓 FinalTestAI: Heartbeat acknowledged (1758175785211)
💓 FinalTestAI: Heartbeat sent
💓 FinalTestAI: Heartbeat acknowledged (1758175795213)
💓 FinalTestAI: Heartbeat sent
💓 FinalTestAI: Heartbeat acknowledged (1758175805213)
💓 FinalTestAI: Heartbeat sent
💓 FinalTestAI: Heartbeat acknowledged (1758175815216)
💓 FinalTestAI: Heartbeat sent
💓 FinalTestAI: Heartbeat acknowledged (1758175825222)
💓 FinalTestAI: Heartbeat sent
💓 FinalTestAI: Heartbeat acknowledged (1758175835221)
💓 FinalTestAI: Heartbeat sent
💓 FinalTestAI: Heartbeat acknowledged (1758175845229)
💓 FinalTestAI: Heartbeat sent
💓 FinalTestAI: Heartbeat acknowledged (1758175855251)
💓 FinalTestAI: Heartbeat sent
💓 FinalTestAI: Heartbeat acknowledged (1758175865262)
💓 FinalTestAI: Heartbeat sent
💓 FinalTestAI: Heartbeat acknowledged (1758175875269)
💓 FinalTestAI: Heartbeat sent
💓 FinalTestAI: Heartbeat acknowledged (1758175885273)
💓 FinalTestAI: Heartbeat sent
💓 FinalTestAI: Heartbeat acknowledged (1758175895277)
💓 FinalTestAI: Heartbeat sent
💓 FinalTestAI: Heartbeat acknowledged (1758175905279)
💓 FinalTestAI: Heartbeat sent
💓 FinalTestAI: Heartbeat acknowledged (1758175915280)
💓 FinalTestAI: Heartbeat sent
💓 FinalTestAI: Heartbeat acknowledged (1758175925281)
💓 FinalTestAI: Heartbeat sent
💓 FinalTestAI: Heartbeat acknowledged (1758175935284)
💓 FinalTestAI: Heartbeat sent
💓 FinalTestAI: Heartbeat acknowledged (1758175945294)
💓 FinalTestAI: Heartbeat sent
💓 FinalTestAI: Heartbeat acknowledged (1758175955294)
💓 FinalTestAI: Heartbeat sent
💓 FinalTestAI: Heartbeat acknowledged (1758175965295)
💓 FinalTestAI: Heartbeat sent
💓 FinalTestAI: Heartbeat acknowledged (1758175975296)
💓 FinalTestAI: Heartbeat sent
💓 FinalTestAI: Heartbeat acknowledged (1758175985298)
💓 FinalTestAI: Heartbeat sent
💓 FinalTestAI: Heartbeat acknowledged (1758175995299)
💓 FinalTestAI: Heartbeat sent
💓 FinalTestAI: Heartbeat acknowledged (1758176005300)
💓 FinalTestAI: Heartbeat sent
💓 FinalTestAI: Heartbeat acknowledged (1758176015301)
💓 FinalTestAI: Heartbeat sent
💓 FinalTestAI: Heartbeat acknowledged (1758176025302)
💓 FinalTestAI: Heartbeat sent
💓 FinalTestAI: Heartbeat acknowledged (1758176035304)
💓 FinalTestAI: Heartbeat sent
💓 FinalTestAI: Heartbeat acknowledged (1758176045306)
💓 FinalTestAI: Heartbeat sent
💓 FinalTestAI: Heartbeat acknowledged (1758176055320)
💓 FinalTestAI: Heartbeat sent
💓 FinalTestAI: Heartbeat acknowledged (1758176065321)
💓 FinalTestAI: Heartbeat sent
💓 FinalTestAI: Heartbeat acknowledged (1758176075322)
💓 FinalTestAI: Heartbeat sent
💓 FinalTestAI: Heartbeat acknowledged (1758176085322)
💓 FinalTestAI: Heartbeat sent
💓 FinalTestAI: Heartbeat acknowledged (1758176095323)
💓 FinalTestAI: Heartbeat sent
💓 FinalTestAI: Heartbeat acknowledged (1758176105324)
💓 FinalTestAI: Heartbeat sent
💓 FinalTestAI: Heartbeat acknowledged (1758176115326)
💓 FinalTestAI: Heartbeat sent
💓 FinalTestAI: Heartbeat acknowledged (1758176125328)
💓 FinalTestAI: Heartbeat sent
💓 FinalTestAI: Heartbeat acknowledged (1758176135330)
💓 FinalTestAI: Heartbeat sent
💓 FinalTestAI: Heartbeat acknowledged (1758176145329)
💓 FinalTestAI: Heartbeat sent
💓 FinalTestAI: Heartbeat acknowledged (1758176155329)
💓 FinalTestAI: Heartbeat sent
💓 FinalTestAI: Heartbeat acknowledged (1758176165329)
💓 FinalTestAI: Heartbeat sent
💓 FinalTestAI: Heartbeat acknowledged (1758176175340)
💓 FinalTestAI: Heartbeat sent
💓 FinalTestAI: Heartbeat acknowledged (1758176185348)
💓 FinalTestAI: Heartbeat sent
💓 FinalTestAI: Heartbeat acknowledged (1758176195348)
💓 FinalTestAI: Heartbeat sent
💓 FinalTestAI: Heartbeat acknowledged (1758176205356)
💓 FinalTestAI: Heartbeat sent
💓 FinalTestAI: Heartbeat acknowledged (1758176215356)
💓 FinalTestAI: Heartbeat sent
💓 FinalTestAI: Heartbeat acknowledged (1758176225357)
💓 FinalTestAI: Heartbeat sent
💓 FinalTestAI: Heartbeat acknowledged (1758176235357)
💓 FinalTestAI: Heartbeat sent
💓 FinalTestAI: Heartbeat acknowledged (1758176245361)
💓 FinalTestAI: Heartbeat sent
💓 FinalTestAI: Heartbeat acknowledged (1758176255362)
💓 FinalTestAI: Heartbeat sent
💓 FinalTestAI: Heartbeat acknowledged (1758176265363)
💓 FinalTestAI: Heartbeat sent
💓 FinalTestAI: Heartbeat acknowledged (1758176275364)
💓 FinalTestAI: Heartbeat sent
💓 FinalTestAI: Heartbeat acknowledged (1758176285365)
💓 FinalTestAI: Heartbeat sent
💓 FinalTestAI: Heartbeat acknowledged (1758176295365)
💓 FinalTestAI: Heartbeat sent
💓 FinalTestAI: Heartbeat acknowledged (1758176305366)
💓 FinalTestAI: Heartbeat sent
💓 FinalTestAI: Heartbeat acknowledged (1758176315370)
💓 FinalTestAI: Heartbeat sent
💓 FinalTestAI: Heartbeat acknowledged (1758176325368)
💓 FinalTestAI: Heartbeat sent
💓 FinalTestAI: Heartbeat acknowledged (1758176335369)
💓 FinalTestAI: Heartbeat sent
💓 FinalTestAI: Heartbeat acknowledged (1758176345372)
💓 FinalTestAI: Heartbeat sent
💓 FinalTestAI: Heartbeat acknowledged (1758176355380)
💓 FinalTestAI: Heartbeat sent
💓 FinalTestAI: Heartbeat acknowledged (1758176365379)
💓 FinalTestAI: Heartbeat sent
💓 FinalTestAI: Heartbeat acknowledged (1758176375381)
💓 FinalTestAI: Heartbeat sent
💓 FinalTestAI: Heartbeat acknowledged (1758176385384)
💓 FinalTestAI: Heartbeat sent
💓 FinalTestAI: Heartbeat acknowledged (1758176395385)
💓 FinalTestAI: Heartbeat sent
💓 FinalTestAI: Heartbeat acknowledged (1758176405386)
💓 FinalTestAI: Heartbeat sent
💓 FinalTestAI: Heartbeat acknowledged (1758176415386)
💓 FinalTestAI: Heartbeat sent
💓 FinalTestAI: Heartbeat acknowledged (1758176425388)
💓 FinalTestAI: Heartbeat sent
💓 FinalTestAI: Heartbeat acknowledged (1758176435390)
💓 FinalTestAI: Heartbeat sent
💓 FinalTestAI: Heartbeat acknowledged (1758176445392)
💓 FinalTestAI: Heartbeat sent
💓 FinalTestAI: Heartbeat acknowledged (1758176455392)
💓 FinalTestAI: Heartbeat sent
💓 FinalTestAI: Heartbeat acknowledged (1758176465393)
💓 FinalTestAI: Heartbeat sent
💓 FinalTestAI: Heartbeat acknowledged (1758176475398)
💓 FinalTestAI: Heartbeat sent
💓 FinalTestAI: Heartbeat acknowledged (1758176485400)
💓 FinalTestAI: Heartbeat sent
💓 FinalTestAI: Heartbeat acknowledged (1758176495402)
💓 FinalTestAI: Heartbeat sent
💓 FinalTestAI: Heartbeat acknowledged (1758176505402)
💓 FinalTestAI: Heartbeat sent
💓 FinalTestAI: Heartbeat acknowledged (1758176515406)
💓 FinalTestAI: Heartbeat sent
💓 FinalTestAI: Heartbeat acknowledged (1758176525406)
💓 FinalTestAI: Heartbeat sent
💓 FinalTestAI: Heartbeat acknowledged (1758176535407)
💓 FinalTestAI: Heartbeat sent
💓 FinalTestAI: Heartbeat acknowledged (1758176545409)
💓 FinalTestAI: Heartbeat sent
💓 FinalTestAI: Heartbeat acknowledged (1758176555409)
💓 FinalTestAI: Heartbeat sent
💓 FinalTestAI: Heartbeat acknowledged (1758176565412)
💓 FinalTestAI: Heartbeat sent
💓 FinalTestAI: Heartbeat acknowledged (1758176575411)
💓 FinalTestAI: Heartbeat sent
💓 FinalTestAI: Heartbeat acknowledged (1758176585412)
💓 FinalTestAI: Heartbeat sent
💓 FinalTestAI: Heartbeat acknowledged (1758176595414)
💓 FinalTestAI: Heartbeat sent
💓 FinalTestAI: Heartbeat acknowledged (1758176605416)
💓 FinalTestAI: Heartbeat sent
💓 FinalTestAI: Heartbeat acknowledged (1758176615416)
💓 FinalTestAI: Heartbeat sent
💓 FinalTestAI: Heartbeat acknowledged (1758176625419)
💓 FinalTestAI: Heartbeat sent
💓 FinalTestAI: Heartbeat acknowledged (1758176635421)
💓 FinalTestAI: Heartbeat sent
💓 FinalTestAI: Heartbeat acknowledged (1758176645423)
💓 FinalTestAI: Heartbeat sent
💓 FinalTestAI: Heartbeat acknowledged (1758176655425)
💓 FinalTestAI: Heartbeat sent
💓 FinalTestAI: Heartbeat acknowledged (1758176665426)
💓 FinalTestAI: Heartbeat sent
💓 FinalTestAI: Heartbeat acknowledged (1758176675427)
💓 FinalTestAI: Heartbeat sent
💓 FinalTestAI: Heartbeat acknowledged (1758176685431)
💓 FinalTestAI: Heartbeat sent
💓 FinalTestAI: Heartbeat acknowledged (1758176695429)
💓 FinalTestAI: Heartbeat sent
💓 FinalTestAI: Heartbeat acknowledged (1758176705431)
💓 FinalTestAI: Heartbeat sent
💓 FinalTestAI: Heartbeat acknowledged (1758176715437)
💓 FinalTestAI: Heartbeat sent
💓 FinalTestAI: Heartbeat acknowledged (1758176725440)
💓 FinalTestAI: Heartbeat sent
💓 FinalTestAI: Heartbeat acknowledged (1758176735437)
💓 FinalTestAI: Heartbeat sent
💓 FinalTestAI: Heartbeat acknowledged (1758176745437)
💓 FinalTestAI: Heartbeat sent
💓 FinalTestAI: Heartbeat acknowledged (1758176755439)
💓 FinalTestAI: Heartbeat sent
💓 FinalTestAI: Heartbeat acknowledged (1758176765441)
💓 FinalTestAI: Heartbeat sent
💓 FinalTestAI: Heartbeat acknowledged (1758176775442)
💓 FinalTestAI: Heartbeat sent
💓 FinalTestAI: Heartbeat acknowledged (1758176785442)
💓 FinalTestAI: Heartbeat sent
💓 FinalTestAI: Heartbeat acknowledged (1758176795444)
💓 FinalTestAI: Heartbeat sent
💓 FinalTestAI: Heartbeat acknowledged (1758176805446)
